05-21 21:13:27.067  4668  4668 I         : charger-manager charger-manager: cm_ir_compensation, us = 4340000, rc = 20, upper_limit = 4500000, lower_limit = 4340000, target_cccv = 4342440, ibat_avg = 122000, offset = 100000
05-21 21:13:27.067  4668  4668 I         : charger-manager charger-manager: cm_sprd_vote_callback, VOTE_TYPE_CCCV[4342440]
05-21 21:13:27.067  4668  4668 I aw32257-charger 6-006a: aw32257_set_battery_regulation_voltage uV:4342440
05-21 21:13:27.579  4202  4202 I         : sc27xx-fgu sc27xx-fgu: init_cap = 1000, init_mah = 0, init_clbcnt = 23856721, cur_clbcnt = 23297917, normal_cap = 977, data->cc_mah = -117, Tbat = 311, uusoc_vbat = 0, uusoc_mah = 0, cur_1000ma_adc = 662, vol_1000mv_adc = 682, track_sts = 1
05-21 21:13:28.091  6843  6843 W         : charger-manager charger-manager: cant not get input_cur.
05-21 21:13:28.093  6843  6843 I         : sc27xx-fgu sc27xx-fgu: bat_current_ma = 112, vol_adc_mv = 272, vol_ntc_uv = 271030
05-21 21:13:28.093  6843  6843 I         : sc27xx-fgu sc27xx-fgu: sc27xx_fgu_get_temp: temp = 314
05-21 21:13:28.093  6843  6843 I aw32257-charger 6-006a: level:977
05-21 21:13:28.094  6843  6843 I         : charger-manager charger-manager: vbat: 4276000, vbat_avg: 4264000, OCV: 4260000, ibat: 112000, ibat_avg: 48000, ibus: 0, vbus: 4844000, msoc: 992, chg_sts: 4, frce_full: 1, chg_lmt_cur: 496000, inpt_lmt_cur: 500000, chgr_type: 1, Tboard: 464, Tbatt: 311, thm_cur: 6000000, thm_pwr: 30000, is_fchg: 0, fchg_en: 0, tflush: 15, tperiod: 15
05-21 21:13:28.094  6843  6843 I         : charger-manager charger-manager: work_cycle = 15s, cap_one_time = 30s
05-21 21:13:28.094  6843  6843 I         : charger-manager charger-manager: new_uisoc = 1000, old_uisoc = 1000
05-21 21:13:29.377  6843  6843 I WCN BASE: WCN_VER:Platform Version:MARLIN3_20A_RLS2_W24.17.7~Project Version:sc2355_marlin3_lite_abX~04-28-2024 15:46:55~
05-21 21:13:29.377  6843  6843 I WCN BASE: tx:at+loopcheck=36361181,17218
05-21 21:13:29.385  6843  6843 I         : WCN BASEavdd18_dcxo 1v8 have enable
05-21 21:13:29.385  6843  6843 I WCN SLP_MGR: cnt-0, subsys-2
05-21 21:13:29.388  6843  6843 I WCN BASE: mdbg_tx_cb, chn:0
05-21 21:13:29.389   331   331 I WCN BASE: : rx:loopcheck_ack:ap_send=36361181,cp2_bootup=17218,cp2_send=36363372
05-21 21:13:29.389     0     0 I         : c0 [    C0] WCN BOOT: : irq_cnt50839!!
05-21 21:13:29.389   332   332 I WCN BOOT: : PUB_INT_STS0-0x4
05-21 21:13:29.389   332   332 I WCN SLP_MGR: allow sleep
05-21 21:13:29.958   641   641 W         : sc2355, tx_work_queue, fw_awake = 0
05-21 21:13:29.966   330   330 I         : WCN BASEavdd18_dcxo 1v8 have enable
05-21 21:13:29.966   330   330 I WCN SLP_MGR: cnt-0, subsys-0
05-21 21:13:29.971   641   641 W         : sc2355, tx_work_queue, fw_awake = 0
05-21 21:13:29.973  1058  1058 I ieee80211 phy0: channel num 1
05-21 21:13:29.974     0     0 I         : c0 [    C0] WCN BOOT: : irq_cnt50840!!
05-21 21:13:29.974   332   332 I WCN BOOT: : PUB_INT_STS0-0x4
05-21 21:13:29.974   332   332 I WCN SLP_MGR: allow sleep
05-21 21:13:29.975   641   641 W         : sc2355, tx_work_queue, fw_awake = 0
05-21 21:13:29.975   330   330 I         : WCN BASEavdd18_dcxo 1v8 have enable
05-21 21:13:29.975   330   330 I WCN SLP_MGR: cnt-0, subsys-0
05-21 21:13:29.978     0     0 I         : c0 [    C0] WCN BOOT: : irq_cnt50841!!
05-21 21:13:29.978   332   332 I WCN BOOT: : PUB_INT_STS0-0x4
05-21 21:13:29.979   332   332 I WCN SLP_MGR: allow sleep
05-21 21:13:29.980  1179  1179 I wlan0   : sprd_cfg80211_get_station signal -42 noise=0, txlegacy 0 txmcs:8 txflags:0x:a, rxlegacy 0 rxmcs:7 rxflags:0x:4a
05-21 21:13:29.981     0     0 I         : c0 [    C0] WCN BOOT: : irq_cnt50842!!
05-21 21:13:29.981   332   332 I WCN BOOT: : PUB_INT_STS0-0x4
05-21 21:13:29.981   332   332 I WCN SLP_MGR: allow sleep
05-21 21:13:31.715  1240  1240 W uniber  : migration done:  178 CPU00 -> CPU01
05-21 21:13:31.715  1240  1240 W uniber  : migration done:  184 CPU00 -> CPU01
05-21 21:13:31.715  1240  1240 W uniber  : migration done:  242 CPU00 -> CPU01
05-21 21:13:31.715  1240  1240 W uniber  : migration done:   75 CPU00 -> CPU01
05-21 21:13:31.715  1240  1240 W uniber  : migration done:   76 CPU00 -> CPU01
05-21 21:13:31.715  1240  1240 W uniber  : migration done:  245 CPU00 -> CPU01
05-21 21:13:31.715  1240  1240 W uniber  : migration done:  183 CPU00 -> CPU01
05-21 21:13:31.715  1240  1240 W uniber  : migration done:  174 CPU00 -> CPU01
05-21 21:13:31.716  1240  1240 W uniber  : ACTION_MIG triggered (8)
05-21 21:13:32.616  1243  1243 E charged : charge_set_basp: convert basp = -1
05-21 21:13:32.616  1243  1243 E         : failed
05-21 21:13:32.984   641   641 W         : sc2355, tx_work_queue, fw_awake = 0
05-21 21:13:32.993   330   330 I         : WCN BASEavdd18_dcxo 1v8 have enable
05-21 21:13:32.993   330   330 I WCN SLP_MGR: cnt-0, subsys-0
05-21 21:13:32.996     0     0 I         : c0 [    C0] WCN BOOT: : irq_cnt50843!!
05-21 21:13:32.996   332   332 I WCN BOOT: : PUB_INT_STS0-0x4
05-21 21:13:32.996   332   332 I WCN SLP_MGR: allow sleep
05-21 21:13:32.998   641   641 W         : sc2355, tx_work_queue, fw_awake = 0
05-21 21:13:33.000  1058  1058 I ieee80211 phy0: channel num 1
05-21 21:13:33.001     0     0 I         : c0 [    C0] WCN BOOT: : irq_cnt50844!!
05-21 21:13:33.001   332   332 I WCN BOOT: : PUB_INT_STS0-0x4
05-21 21:13:33.001   332   332 I WCN SLP_MGR: allow sleep
05-21 21:13:33.001   641   641 W         : sc2355, tx_work_queue, fw_awake = 0
05-21 21:13:33.001   330   330 I         : WCN BASEavdd18_dcxo 1v8 have enable
05-21 21:13:33.001   330   330 I WCN SLP_MGR: cnt-0, subsys-0
05-21 21:13:33.006  1179  1179 I wlan0   : sprd_cfg80211_get_station signal -41 noise=0, txlegacy 0 txmcs:8 txflags:0x:a, rxlegacy 0 rxmcs:7 rxflags:0x:4a
05-21 21:13:33.007     0     0 I         : c0 [    C0] WCN BOOT: : irq_cnt50845!!
05-21 21:13:33.007   332   332 I WCN BOOT: : PUB_INT_STS0-0x4
05-21 21:13:33.007   332   332 I WCN SLP_MGR: allow sleep
05-21 21:13:33.211  4668  4668 I         : charger-manager charger-manager: cm_ir_compensation, us = 4340000, rc = 20, upper_limit = 4500000, lower_limit = 4340000, target_cccv = 4341920, ibat_avg = 96800, offset = 100000
05-21 21:13:33.211  4668  4668 I         : charger-manager charger-manager: cm_sprd_vote_callback, VOTE_TYPE_CCCV[4341920]
05-21 21:13:33.211  4668  4668 I aw32257-charger 6-006a: aw32257_set_battery_regulation_voltage uV:4341920
05-21 21:13:34.497  4668  4668 I WCN BASE: WCN_VER:Platform Version:MARLIN3_20A_RLS2_W24.17.7~Project Version:sc2355_marlin3_lite_abX~04-28-2024 15:46:55~
05-21 21:13:34.497  4668  4668 I WCN BASE: tx:at+loopcheck=36366301,17218
05-21 21:13:34.506  4668  4668 I         : WCN BASEavdd18_dcxo 1v8 have enable
05-21 21:13:34.506  4668  4668 I WCN SLP_MGR: cnt-0, subsys-2
05-21 21:13:34.509     0     0 I         : c0 [    C0] WCN BOOT: : irq_cnt50846!!
05-21 21:13:34.509  4668  4668 I WCN BASE: mdbg_tx_cb, chn:0
05-21 21:13:34.509   332   332 I WCN BOOT: : PUB_INT_STS0-0x4
05-21 21:13:34.509   332   332 I WCN SLP_MGR: allow sleep
05-21 21:13:34.510     0     0 I         : c0 [    C0] WCN BOOT: : irq_cnt50847!!
05-21 21:13:34.510   331   331 I WCN BASE: : rx:loopcheck_ack:ap_send=36366301,cp2_bootup=17218,cp2_send=36368493
05-21 21:13:34.510   332   332 I WCN BOOT: : PUB_INT_STS0-0x4
05-21 21:13:34.510   332   332 I WCN SLP_MGR: allow sleep
05-21 21:13:36.013   641   641 W         : sc2355, tx_work_queue, fw_awake = 0
05-21 21:13:36.021   330   330 I         : WCN BASEavdd18_dcxo 1v8 have enable
05-21 21:13:36.021   330   330 I WCN SLP_MGR: cnt-0, subsys-0
05-21 21:13:36.024     0     0 I         : c0 [    C0] WCN BOOT: : irq_cnt50848!!
05-21 21:13:36.025   332   332 I WCN BOOT: : PUB_INT_STS0-0x4
05-21 21:13:36.025   332   332 I WCN SLP_MGR: allow sleep
05-21 21:13:36.026   641   641 W         : sc2355, tx_work_queue, fw_awake = 0
05-21 21:13:36.028  1058  1058 I ieee80211 phy0: channel num 1
05-21 21:13:36.029     0     0 I         : c0 [    C0] WCN BOOT: : irq_cnt50849!!
05-21 21:13:36.029   332   332 I WCN BOOT: : PUB_INT_STS0-0x4
05-21 21:13:36.029   332   332 I WCN SLP_MGR: allow sleep
05-21 21:13:36.029   641   641 W         : sc2355, tx_work_queue, fw_awake = 0
05-21 21:13:36.029   330   330 I         : WCN BASEavdd18_dcxo 1v8 have enable
05-21 21:13:36.029   330   330 I WCN SLP_MGR: cnt-0, subsys-0
05-21 21:13:36.034  1179  1179 I wlan0   : sprd_cfg80211_get_station signal -41 noise=0, txlegacy 0 txmcs:8 txflags:0x:a, rxlegacy 0 rxmcs:7 rxflags:0x:4a
05-21 21:13:36.035     0     0 I         : c0 [    C0] WCN BOOT: : irq_cnt50850!!
05-21 21:13:36.035   332   332 I WCN BOOT: : PUB_INT_STS0-0x4
05-21 21:13:36.035   332   332 I WCN SLP_MGR: allow sleep
05-21 21:13:38.844  4668  4668 I         : sc27xx-fgu sc27xx-fgu: bat_current_ma = -2, vol_adc_mv = 274, vol_ntc_uv = 274020
05-21 21:13:38.844  4668  4668 I         : sc27xx-fgu sc27xx-fgu: sc27xx_fgu_get_temp: temp = 310
05-21 21:13:38.844  4668  4668 I         : charger-manager charger-manager: cm_manager_get_jeita_status: jeita status:(2) 2 2, temperature:311, jeita_size:4
05-21 21:13:38.846  4668  4668 I         : charger-manager charger-manager: target 1, charging_status 0
05-21 21:13:39.041   641   641 W         : sc2355, tx_work_queue, fw_awake = 0
05-21 21:13:39.049   330   330 I         : WCN BASEavdd18_dcxo 1v8 have enable
05-21 21:13:39.049   330   330 I WCN SLP_MGR: cnt-0, subsys-0
05-21 21:13:39.052     0     0 I         : c0 [    C0] WCN BOOT: : irq_cnt50851!!
05-21 21:13:39.052   332   332 I WCN BOOT: : PUB_INT_STS0-0x4
05-21 21:13:39.052   332   332 I WCN SLP_MGR: allow sleep
05-21 21:13:39.055     0     0 I         : c0 [    C0] WCN BOOT: : irq_cnt50852!!
05-21 21:13:39.055   332   332 I WCN BOOT: : PUB_INT_STS0-0x4
05-21 21:13:39.055   332   332 I WCN SLP_MGR: allow sleep
05-21 21:13:39.055   641   641 W         : sc2355, tx_work_queue, fw_awake = 0
05-21 21:13:39.055   330   330 I         : WCN BASEavdd18_dcxo 1v8 have enable
05-21 21:13:39.055   330   330 I WCN SLP_MGR: cnt-0, subsys-0
05-21 21:13:39.059     0     0 I         : c0 [    C0] WCN BOOT: : irq_cnt50853!!
05-21 21:13:39.059   332   332 I WCN BOOT: : PUB_INT_STS0-0x4
05-21 21:13:39.059   332   332 I WCN SLP_MGR: allow sleep
05-21 21:13:39.061  1058  1058 I ieee80211 phy0: channel num 1
05-21 21:13:39.061     0     0 I         : c0 [    C0] WCN BOOT: : irq_cnt50854!!
05-21 21:13:39.061   332   332 I WCN BOOT: : PUB_INT_STS0-0x4
05-21 21:13:39.061   332   332 I WCN SLP_MGR: allow sleep
05-21 21:13:39.062   641   641 W         : sc2355, tx_work_queue, fw_awake = 0
05-21 21:13:39.062   330   330 I         : WCN BASEavdd18_dcxo 1v8 have enable
05-21 21:13:39.062   330   330 I WCN SLP_MGR: cnt-0, subsys-0
05-21 21:13:39.065     0     0 I         : c0 [    C0] WCN BOOT: : irq_cnt50855!!
05-21 21:13:39.066   332   332 I WCN BOOT: : PUB_INT_STS0-0x4
05-21 21:13:39.066   332   332 I WCN SLP_MGR: allow sleep
05-21 21:13:39.068     0     0 I         : c0 [    C0] WCN BOOT: : irq_cnt50856!!
05-21 21:13:39.068   332   332 I WCN BOOT: : PUB_INT_STS0-0x4
05-21 21:13:39.068   332   332 I WCN SLP_MGR: allow sleep
05-21 21:13:39.068  1179  1179 I wlan0   : sprd_cfg80211_get_station signal -42 noise=0, txlegacy 0 txmcs:8 txflags:0x:a, rxlegacy 0 rxmcs:7 rxflags:0x:4a
05-21 21:13:39.616  4668  4668 I WCN BASE: WCN_VER:Platform Version:MARLIN3_20A_RLS2_W24.17.7~Project Version:sc2355_marlin3_lite_abX~04-28-2024 15:46:55~
05-21 21:13:39.616  4668  4668 I WCN BASE: tx:at+loopcheck=36371421,17218
05-21 21:13:39.625  4668  4668 I         : WCN BASEavdd18_dcxo 1v8 have enable
05-21 21:13:39.625  4668  4668 I WCN SLP_MGR: cnt-0, subsys-2
05-21 21:13:39.628  4668  4668 I WCN BASE: mdbg_tx_cb, chn:0
05-21 21:13:39.629   331   331 I WCN BASE: : rx:loopcheck_ack:ap_send=36371421,cp2_bootup=17218,cp2_send=36373612
05-21 21:13:39.629     0     0 I         : c0 [    C0] WCN BOOT: : irq_cnt50857!!
05-21 21:13:39.629   332   332 I WCN BOOT: : PUB_INT_STS0-0x4
05-21 21:13:39.629   332   332 I WCN SLP_MGR: allow sleep
05-21 21:13:40.105   641   641 W         : sc2355, tx_work_queue, fw_awake = 0
05-21 21:13:40.113   330   330 I         : WCN BASEavdd18_dcxo 1v8 have enable
05-21 21:13:40.113   330   330 I WCN SLP_MGR: cnt-0, subsys-0
05-21 21:13:40.116     0     0 I         : c0 [    C0] WCN BOOT: : irq_cnt50858!!
05-21 21:13:40.117   332   332 I WCN BOOT: : PUB_INT_STS0-0x4
05-21 21:13:40.117   332   332 I WCN SLP_MGR: allow sleep
05-21 21:13:40.733   641   641 W         : sc2355, tx_work_queue, fw_awake = 0
05-21 21:13:40.735     0     0 I         : c0 [    C0] WCN BOOT: : irq_cnt50859!!
05-21 21:13:40.735   332   332 I WCN BOOT: : PUB_INT_STS0-0x4
05-21 21:13:40.735   332   332 I WCN SLP_MGR: allow sleep
05-21 21:13:40.832     1     1 I init    : processing action (persist.gammaos.fan_mode=auto && persist.gammaos.fan_mode_auto=cool) from (/vendor/etc/init/init.gammaos_fan.rc:47)
05-21 21:13:40.833     1     1 E init    : File /vendor/bin/setfan_cool.sh (labeled "u:object_r:vendor_file:s0") has incorrect label or no domain transition from u:r:init:s0 to another SELinux domain defined. Have you configured your service correctly? https://source.android.com/security/selinux/device-policy#label_new_services_and_address_denials
05-21 21:13:40.833     1     1 I init    : starting service 'setfan_cool'...
05-21 21:13:40.840     1     1 I init    : ... started service 'setfan_cool' has pid 7271
05-21 21:13:40.845     1     1 I init    : Service 'setfan_cool' (pid 7271) exited with status 0 oneshot service took 0.008000 seconds in background
05-21 21:13:40.845     1     1 I init    : Sending signal 9 to service 'setfan_cool' (pid 7271) process group...
05-21 21:13:40.846     1     1 I libprocessgroup: Removed cgroup /sys/fs/cgroup/uid_0/pid_7271
05-21 21:13:41.659     0     0 I         : c5 [    C5] sprd-mpm: smsg-6-22-rx is awake, awake_cnt = 383
05-21 21:13:41.659     0     0 I         : c5 [    C5]
05-21 21:13:41.659   208   208 I         : [SPRD_PDBG] #---------PDBG LIGHT SLEEP START---------#
05-21 21:13:41.659   208   208 I         : [SPRD_PDBG] [SLP_STATE] deep: 0xffffffffffffffcc, light: 0xffffffffffffff30
05-21 21:13:41.659   208   208 I         : [SPRD_PDBG] [EB_INFO  ] ap1: 0xfffff9ffffffeffe, ap2: 0xffffffffffffffff, aon1: 0xff2002002cd361cb, aon2: 0xffffffff0e000014
05-21 21:13:41.659   208   208 I         : [SPRD_PDBG] [PD_INFO  ] 0xfffffc7fffef0000
05-21 21:13:41.659   208   208 I         : [SPRD_PDBG] [DEEP_CNT ]     1,     0,     0,     1,     1,    63,     6,     1,   214,    82,     1,
05-21 21:13:41.659   208   208 I         : [SPRD_PDBG] [LIGHT_CNT]   217,
05-21 21:13:41.659   208   208 I         : [SPRD_PDBG] [LPC_INFO ] 0xffffffafeffffffe
05-21 21:13:41.659   208   208 I         : [SPRD_PDBG] Pending Wakeup Sources: charger_manager_wakelock dwc3-sprd
05-21 21:13:41.659   208   208 I         : [SPRD_PDBG] #---------PDBG LIGHT SLEEP END-----------#
05-21 21:13:41.727  1240  1240 W uniber  : migration done:   79 CPU01 -> CPU00
05-21 21:13:41.727  1240  1240 W uniber  : ACTION_MIG triggered (1)
05-21 21:13:42.072   641   641 W         : sc2355, tx_work_queue, fw_awake = 0
05-21 21:13:42.080     0     0 I         : c0 [    C0] WCN BOOT: : irq_cnt50860!!
05-21 21:13:42.081   332   332 I WCN BOOT: : PUB_INT_STS0-0x4
05-21 21:13:42.081   332   332 I WCN SLP_MGR: allow sleep
05-21 21:13:42.084   641   641 W         : sc2355, tx_work_queue, fw_awake = 0
05-21 21:13:42.084  1058  1058 I ieee80211 phy0: channel num 1
05-21 21:13:42.085   641   641 W         : sc2355, tx_work_queue, fw_awake = 0
05-21 21:13:42.085  1179  1179 I wlan0   : sprd_cfg80211_get_station signal -46 noise=0, txlegacy 0 txmcs:8 txflags:0x:a, rxlegacy 0 rxmcs:7 rxflags:0x:4a
05-21 21:13:42.088     0     0 I         : c0 [    C0] WCN BOOT: : irq_cnt50861!!
05-21 21:13:42.088   332   332 I WCN BOOT: : PUB_INT_STS0-0x4
05-21 21:13:42.088   332   332 I WCN SLP_MGR: allow sleep
05-21 21:13:42.431  6843  6843 I         : charger-manager charger-manager: cm_ir_compensation, us = 4340000, rc = 20, upper_limit = 4500000, lower_limit = 4340000, target_cccv = 4340840, ibat_avg = 42800, offset = 100000
05-21 21:13:42.431  6843  6843 I         : charger-manager charger-manager: cm_sprd_vote_callback, VOTE_TYPE_CCCV[4340840]
05-21 21:13:42.431  6843  6843 I aw32257-charger 6-006a: aw32257_set_battery_regulation_voltage uV:4340840
05-21 21:13:42.683  4202  4202 I         : sc27xx-fgu sc27xx-fgu: init_cap = 1000, init_mah = 0, init_clbcnt = 23856721, cur_clbcnt = 23299508, normal_cap = 977, data->cc_mah = -117, Tbat = 311, uusoc_vbat = 0, uusoc_mah = 0, cur_1000ma_adc = 662, vol_1000mv_adc = 682, track_sts = 1
05-21 21:13:43.196  4668  4668 W         : charger-manager charger-manager: cant not get input_cur.
05-21 21:13:43.197  4668  4668 I         : sc27xx-fgu sc27xx-fgu: bat_current_ma = 63, vol_adc_mv = 274, vol_ntc_uv = 273460
05-21 21:13:43.197  4668  4668 I         : sc27xx-fgu sc27xx-fgu: sc27xx_fgu_get_temp: temp = 311
05-21 21:13:43.199  4668  4668 I aw32257-charger 6-006a: level:977
05-21 21:13:43.199  4668  4668 I         : charger-manager charger-manager: vbat: 4267000, vbat_avg: 4244000, OCV: 4258000, ibat: 63000, ibat_avg: -67000, ibus: 0, vbus: 4831000, msoc: 992, chg_sts: 4, frce_full: 1, chg_lmt_cur: 496000, inpt_lmt_cur: 500000, chgr_type: 1, Tboard: 464, Tbatt: 311, thm_cur: 6000000, thm_pwr: 30000, is_fchg: 0, fchg_en: 0, tflush: 16, tperiod: 16
05-21 21:13:43.199  4668  4668 I         : charger-manager charger-manager: work_cycle = 15s, cap_one_time = 30s
05-21 21:13:43.199  4668  4668 I         : charger-manager charger-manager: new_uisoc = 1000, old_uisoc = 1000
05-21 21:13:43.861  1046  1046 I HealthLoop: WakeAlarmEvent
05-21 21:13:43.862  1046  1046 I aw32257-charger 6-006a: level:977
05-21 21:13:43.864  1046  1046 W healthd : battery l=100 v=4270 t=31.1 h=2 st=2 c=76000 fc=5000000 cc=3230 chg=u
05-21 21:13:43.865  1046  1046 I aw32257-charger 6-006a: level:977
05-21 21:13:43.866  1130  1130 I         : [drm] sprd_dpu_enable_vblank()
05-21 21:13:43.873  1688  3252 D PowerUI : can't show warning due to - plugged: true status unknown: false
05-21 21:13:44.737  4668  4668 I WCN BASE: WCN_VER:Platform Version:MARLIN3_20A_RLS2_W24.17.7~Project Version:sc2355_marlin3_lite_abX~04-28-2024 15:46:55~
05-21 21:13:44.737  4668  4668 I WCN BASE: tx:at+loopcheck=36376541,17218
05-21 21:13:44.747  4668  4668 I         : WCN BASEavdd18_dcxo 1v8 have enable
05-21 21:13:44.747  4668  4668 I WCN SLP_MGR: cnt-0, subsys-2
05-21 21:13:44.750     0     0 I         : c0 [    C0] WCN BOOT: : irq_cnt50862!!
05-21 21:13:44.750   332   332 I WCN BOOT: : PUB_INT_STS0-0x4
05-21 21:13:44.750   332   332 I WCN SLP_MGR: allow sleep
05-21 21:13:44.751  4668  4668 I WCN BASE: mdbg_tx_cb, chn:0
05-21 21:13:44.751   331   331 I WCN BASE: : rx:loopcheck_ack:ap_send=36376541,cp2_bootup=17218,cp2_send=36378734
05-21 21:13:44.751     0     0 I         : c0 [    C0] WCN BOOT: : irq_cnt50863!!
05-21 21:13:44.751   332   332 I WCN BOOT: : PUB_INT_STS0-0x4
05-21 21:13:44.751   332   332 I WCN SLP_MGR: allow sleep
05-21 21:13:45.090   641   641 W         : sc2355, tx_work_queue, fw_awake = 0
05-21 21:13:45.098   330   330 I         : WCN BASEavdd18_dcxo 1v8 have enable
05-21 21:13:45.098   330   330 I WCN SLP_MGR: cnt-0, subsys-0
05-21 21:13:45.103   641   641 W         : sc2355, tx_work_queue, fw_awake = 0
05-21 21:13:45.105  1058  1058 I ieee80211 phy0: channel num 1
05-21 21:13:45.106     0     0 I         : c0 [    C0] WCN BOOT: : irq_cnt50864!!
05-21 21:13:45.106   332   332 I WCN BOOT: : PUB_INT_STS0-0x4
05-21 21:13:45.106   332   332 I WCN SLP_MGR: allow sleep
05-21 21:13:45.106   641   641 W         : sc2355, tx_work_queue, fw_awake = 0
05-21 21:13:45.106   330   330 I         : WCN BASEavdd18_dcxo 1v8 have enable
05-21 21:13:45.106   330   330 I WCN SLP_MGR: cnt-0, subsys-0
05-21 21:13:45.110     0     0 I         : c0 [    C0] WCN BOOT: : irq_cnt50865!!
05-21 21:13:45.110   332   332 I WCN BOOT: : PUB_INT_STS0-0x4
05-21 21:13:45.110   332   332 I WCN SLP_MGR: allow sleep
05-21 21:13:45.112  1179  1179 I wlan0   : sprd_cfg80211_get_station signal -46 noise=0, txlegacy 0 txmcs:8 txflags:0x:a, rxlegacy 0 rxmcs:7 rxflags:0x:4a
05-21 21:13:45.112     0     0 I         : c0 [    C0] WCN BOOT: : irq_cnt50866!!
05-21 21:13:45.112   332   332 I WCN BOOT: : PUB_INT_STS0-0x4
05-21 21:13:45.112   332   332 I WCN SLP_MGR: allow sleep
05-21 21:13:45.243     0     0 I         : c5 [    C5] sprd-wlan: incoming ARP packet
05-21 21:13:45.243     0     0 I         : c5 [    C5] sprd-wlan: sprd_tx_filter_packet special_data_flag: 32
05-21 21:13:45.243   641   641 W         : sc2355, tx_work_queue, fw_awake = 0
05-21 21:13:45.251   330   330 I         : WCN BASEavdd18_dcxo 1v8 have enable
05-21 21:13:45.251   330   330 I WCN SLP_MGR: cnt-0, subsys-0
05-21 21:13:45.261  1222  1280 I netd    : setProcSysNet(4, 2, wlan0, retrans_time_ms, 750) <0.17ms>
05-21 21:13:45.262  1222  1280 I netd    : setProcSysNet(4, 2, wlan0, ucast_solicit, 10) <0.08ms>
05-21 21:13:45.263  1222  1280 I netd    : setProcSysNet(6, 2, wlan0, retrans_time_ms, 750) <0.18ms>
05-21 21:13:45.264  1222  1280 I netd    : setProcSysNet(6, 2, wlan0, ucast_solicit, 10) <0.07ms>
05-21 21:13:45.569     0     0 I         : c0 [    C0] WCN BOOT: : irq_cnt50867!!
05-21 21:13:45.578   332   332 I WCN BOOT: : PUB_INT_STS0-0x4
05-21 21:13:45.578   332   332 I WCN SLP_MGR: allow sleep
05-21 21:13:47.620  1243  1243 E charged : charge_set_basp: convert basp = -1
05-21 21:13:47.620  1243  1243 E         : failed
05-21 21:13:48.117   641   641 W         : sc2355, tx_work_queue, fw_awake = 0
05-21 21:13:48.126   330   330 I         : WCN BASEavdd18_dcxo 1v8 have enable
05-21 21:13:48.126   330   330 I WCN SLP_MGR: cnt-0, subsys-0
05-21 21:13:48.129     0     0 I         : c0 [    C0] WCN BOOT: : irq_cnt50868!!
05-21 21:13:48.129   332   332 I WCN BOOT: : PUB_INT_STS0-0x4
05-21 21:13:48.129   332   332 I WCN SLP_MGR: allow sleep
05-21 21:13:48.131   641   641 W         : sc2355, tx_work_queue, fw_awake = 0
05-21 21:13:48.133  1058  1058 I ieee80211 phy0: channel num 1
05-21 21:13:48.134     0     0 I         : c0 [    C0] WCN BOOT: : irq_cnt50869!!
05-21 21:13:48.134   332   332 I WCN BOOT: : PUB_INT_STS0-0x4
05-21 21:13:48.134   332   332 I WCN SLP_MGR: allow sleep
05-21 21:13:48.135   641   641 W         : sc2355, tx_work_queue, fw_awake = 0
05-21 21:13:48.135   330   330 I         : WCN BASEavdd18_dcxo 1v8 have enable
05-21 21:13:48.135   330   330 I WCN SLP_MGR: cnt-0, subsys-0
05-21 21:13:48.140  1179  1179 I wlan0   : sprd_cfg80211_get_station signal -43 noise=0, txlegacy 0 txmcs:8 txflags:0x:a, rxlegacy 0 rxmcs:7 rxflags:0x:4a
05-21 21:13:48.140     0     0 I         : c0 [    C0] WCN BOOT: : irq_cnt50870!!
05-21 21:13:48.141   332   332 I WCN BOOT: : PUB_INT_STS0-0x4
05-21 21:13:48.141   332   332 I WCN SLP_MGR: allow sleep
05-21 21:13:49.083     0     0 I         : c1 [    C1] [drm] sprd_dpu_disable_vblank()
05-21 21:13:49.857  4668  4668 I WCN BASE: WCN_VER:Platform Version:MARLIN3_20A_RLS2_W24.17.7~Project Version:sc2355_marlin3_lite_abX~04-28-2024 15:46:55~
05-21 21:13:49.857  4668  4668 I WCN BASE: tx:at+loopcheck=36381661,17218
05-21 21:13:49.866  4668  4668 I         : WCN BASEavdd18_dcxo 1v8 have enable
05-21 21:13:49.866  4668  4668 I WCN SLP_MGR: cnt-0, subsys-2
05-21 21:13:49.868  4668  4668 I WCN BASE: mdbg_tx_cb, chn:0
05-21 21:13:49.869   331   331 I WCN BASE: : rx:loopcheck_ack:ap_send=36381661,cp2_bootup=17218,cp2_send=36383853
05-21 21:13:49.869     0     0 I         : c0 [    C0] WCN BOOT: : irq_cnt50871!!
05-21 21:13:49.869   332   332 I WCN BOOT: : PUB_INT_STS0-0x4
05-21 21:13:49.869   332   332 I WCN SLP_MGR: allow sleep
05-21 21:13:51.145   641   641 W         : sc2355, tx_work_queue, fw_awake = 0
05-21 21:13:51.153   330   330 I         : WCN BASEavdd18_dcxo 1v8 have enable
05-21 21:13:51.153   330   330 I WCN SLP_MGR: cnt-0, subsys-0
05-21 21:13:51.156     0     0 I         : c0 [    C0] WCN BOOT: : irq_cnt50872!!
05-21 21:13:51.157   332   332 I WCN BOOT: : PUB_INT_STS0-0x4
05-21 21:13:51.157   332   332 I WCN SLP_MGR: allow sleep
05-21 21:13:51.158   641   641 W         : sc2355, tx_work_queue, fw_awake = 0
05-21 21:13:51.161  1058  1058 I ieee80211 phy0: channel num 1
05-21 21:13:51.161     0     0 I         : c0 [    C0] WCN BOOT: : irq_cnt50873!!
05-21 21:13:51.161   332   332 I WCN BOOT: : PUB_INT_STS0-0x4
05-21 21:13:51.161   332   332 I WCN SLP_MGR: allow sleep
05-21 21:13:51.163   641   641 W         : sc2355, tx_work_queue, fw_awake = 0
05-21 21:13:51.163   330   330 I         : WCN BASEavdd18_dcxo 1v8 have enable
05-21 21:13:51.163   330   330 I WCN SLP_MGR: cnt-0, subsys-0
05-21 21:13:51.166     0     0 I         : c0 [    C0] WCN BOOT: : irq_cnt50874!!
05-21 21:13:51.166   332   332 I WCN BOOT: : PUB_INT_STS0-0x4
05-21 21:13:51.166   332   332 I WCN SLP_MGR: allow sleep
05-21 21:13:51.168  1179  1179 I wlan0   : sprd_cfg80211_get_station signal -45 noise=0, txlegacy 0 txmcs:8 txflags:0x:a, rxlegacy 0 rxmcs:7 rxflags:0x:4a
05-21 21:13:51.169     0     0 I         : c0 [    C0] WCN BOOT: : irq_cnt50875!!
05-21 21:13:51.169   332   332 I WCN BOOT: : PUB_INT_STS0-0x4
05-21 21:13:51.169   332   332 I WCN SLP_MGR: allow sleep
05-21 21:13:53.948  4668  4668 I         : sc27xx-fgu sc27xx-fgu: bat_current_ma = 39, vol_adc_mv = 273, vol_ntc_uv = 272660
05-21 21:13:53.948  4668  4668 I         : sc27xx-fgu sc27xx-fgu: sc27xx_fgu_get_temp: temp = 312
05-21 21:13:53.948  4668  4668 I         : charger-manager charger-manager: cm_manager_get_jeita_status: jeita status:(2) 2 2, temperature:311, jeita_size:4
05-21 21:13:53.951  4668  4668 I         : charger-manager charger-manager: target 1, charging_status 0
05-21 21:13:54.175   641   641 W         : sc2355, tx_work_queue, fw_awake = 0
05-21 21:13:54.184   330   330 I         : WCN BASEavdd18_dcxo 1v8 have enable
05-21 21:13:54.184   330   330 I WCN SLP_MGR: cnt-0, subsys-0
05-21 21:13:54.187     0     0 I         : c0 [    C0] WCN BOOT: : irq_cnt50876!!
05-21 21:13:54.187   332   332 I WCN BOOT: : PUB_INT_STS0-0x4
05-21 21:13:54.187   332   332 I WCN SLP_MGR: allow sleep
05-21 21:13:54.189   641   641 W         : sc2355, tx_work_queue, fw_awake = 0
05-21 21:13:54.191  1058  1058 I ieee80211 phy0: channel num 1
05-21 21:13:54.192     0     0 I         : c0 [    C0] WCN BOOT: : irq_cnt50877!!
05-21 21:13:54.192   332   332 I WCN BOOT: : PUB_INT_STS0-0x4
05-21 21:13:54.192   332   332 I WCN SLP_MGR: allow sleep
05-21 21:13:54.193   641   641 W         : sc2355, tx_work_queue, fw_awake = 0
05-21 21:13:54.194   330   330 I         : WCN BASEavdd18_dcxo 1v8 have enable
05-21 21:13:54.194   330   330 I WCN SLP_MGR: cnt-0, subsys-0
05-21 21:13:54.197     0     0 I         : c0 [    C0] WCN BOOT: : irq_cnt50878!!
05-21 21:13:54.197   332   332 I WCN BOOT: : PUB_INT_STS0-0x4
05-21 21:13:54.197   332   332 I WCN SLP_MGR: allow sleep
05-21 21:13:54.199  1179  1179 I wlan0   : sprd_cfg80211_get_station signal -43 noise=0, txlegacy 0 txmcs:8 txflags:0x:a, rxlegacy 0 rxmcs:7 rxflags:0x:4a
05-21 21:13:54.199     0     0 I         : c0 [    C0] WCN BOOT: : irq_cnt50879!!
05-21 21:13:54.199   332   332 I WCN BOOT: : PUB_INT_STS0-0x4
05-21 21:13:54.199   332   332 I WCN SLP_MGR: allow sleep
05-21 21:13:54.777  1348  1376 D ActivityManager: sync unfroze 3594 com.android.keychain for 10
05-21 21:13:54.778  1348  1376 D ActivityManager: sync unfroze 3891 com.android.settings for 10
05-21 21:13:54.778  1348  1376 D ActivityManager: sync unfroze 3253 com.android.DeviceAsWebcam for 10
05-21 21:13:54.778  1348  1376 D ActivityManager: sync unfroze 2302 org.lineageos.lineageparts for 10
05-21 21:13:54.778  1348  1376 W ProcessStats: Tracking association SourceState{ef9cc51 system/1000 BFgs #4800} whose proc state 4 is better than process ProcessState{49f5f67 android.ext.services/10153 pkg=android.ext.services} proc state 14 (14 skipped)
05-21 21:13:54.780  1130  1130 I         : [drm] sprd_dpu_enable_vblank()
05-21 21:13:54.977  4668  4668 I WCN BASE: WCN_VER:Platform Version:MARLIN3_20A_RLS2_W24.17.7~Project Version:sc2355_marlin3_lite_abX~04-28-2024 15:46:55~
05-21 21:13:54.977  4668  4668 I WCN BASE: tx:at+loopcheck=36386781,17218
05-21 21:13:54.985     0     0 I         : c0 [    C0] WCN BOOT: : irq_cnt50880!!
05-21 21:13:54.985  4668  4668 I WCN BASE: mdbg_tx_cb, chn:0
05-21 21:13:54.986   332   332 I WCN BOOT: : PUB_INT_STS0-0x4
05-21 21:13:54.986   332   332 I WCN SLP_MGR: allow sleep
05-21 21:13:54.986   331   331 I WCN BASE: : rx:loopcheck_ack:ap_send=36386781,cp2_bootup=17218,cp2_send=36388970
05-21 21:13:54.986     0     0 I         : c0 [    C0] WCN BOOT: : irq_cnt50881!!
05-21 21:13:54.986   332   332 I WCN BOOT: : PUB_INT_STS0-0x4
05-21 21:13:54.986   332   332 I WCN SLP_MGR: allow sleep
05-21 21:13:55.614  7091  7126 E sk-stderr: 2026/05/22 02:13:55:614 WARNING Could not lock User prefs.  Unix error code 2.
05-21 21:13:55.614  7091  7126 E sk-stderr: 2026/05/22 02:13:55:614 WARNING Couldn't flush user prefs: java.util.prefs.BackingStoreException: Couldn't get file lock.
05-21 21:13:56.236  1348  1386 W BatteryExternalStatsWorker: error reading Bluetooth stats: 9
05-21 21:13:56.236  1348  1386 W BatteryExternalStatsWorker: error reading modem stats:ERROR_PHONE_NOT_AVAILABLE
05-21 21:13:56.237   641   641 W         : sc2355, tx_work_queue, fw_awake = 0
05-21 21:13:56.246   330   330 I         : WCN BASEavdd18_dcxo 1v8 have enable
05-21 21:13:56.246   330   330 I WCN SLP_MGR: cnt-0, subsys-0
05-21 21:13:56.251   641   641 W         : sc2355, tx_work_queue, fw_awake = 0
05-21 21:13:56.253  1058  1058 I ieee80211 phy0: channel num 1
05-21 21:13:56.254     0     0 I         : c0 [    C0] WCN BOOT: : irq_cnt50882!!
05-21 21:13:56.255   332   332 I WCN BOOT: : PUB_INT_STS0-0x4
05-21 21:13:56.255   332   332 I WCN SLP_MGR: allow sleep
05-21 21:13:56.312  1222  1280 I netd    : tetherGetStats() -> {[]} <3.44ms>
05-21 21:13:57.204   641   641 W         : sc2355, tx_work_queue, fw_awake = 0
05-21 21:13:57.212   330   330 I         : WCN BASEavdd18_dcxo 1v8 have enable
05-21 21:13:57.212   330   330 I WCN SLP_MGR: cnt-0, subsys-0
05-21 21:13:57.218   641   641 W         : sc2355, tx_work_queue, fw_awake = 0
05-21 21:13:57.220  1058  1058 I ieee80211 phy0: channel num 1
05-21 21:13:57.220     0     0 I         : c0 [    C0] WCN BOOT: : irq_cnt50883!!
05-21 21:13:57.220   332   332 I WCN BOOT: : PUB_INT_STS0-0x4
05-21 21:13:57.220   332   332 I WCN SLP_MGR: allow sleep
05-21 21:13:57.222   641   641 W         : sc2355, tx_work_queue, fw_awake = 0
05-21 21:13:57.222   330   330 I         : WCN BASEavdd18_dcxo 1v8 have enable
05-21 21:13:57.222   330   330 I WCN SLP_MGR: cnt-0, subsys-0
05-21 21:13:57.225     0     0 I         : c0 [    C0] WCN BOOT: : irq_cnt50884!!
05-21 21:13:57.225   332   332 I WCN BOOT: : PUB_INT_STS0-0x4
05-21 21:13:57.225   332   332 I WCN SLP_MGR: allow sleep
05-21 21:13:57.227  1179  1179 I wlan0   : sprd_cfg80211_get_station signal -39 noise=0, txlegacy 0 txmcs:8 txflags:0x:a, rxlegacy 0 rxmcs:7 rxflags:0x:4a
05-21 21:13:57.227     0     0 I         : c0 [    C0] WCN BOOT: : irq_cnt50885!!
05-21 21:13:57.228   332   332 I WCN BOOT: : PUB_INT_STS0-0x4
05-21 21:13:57.228   332   332 I WCN SLP_MGR: allow sleep
05-21 21:13:57.633   405   405 I logd    : logdr: UID=2000 GID=2000 PID=7283 n tail=0 logMask=99 pid=0 start=0ns deadline=0ns
