05-21 21:12:57.885  6843  6843 I         : sc27xx-fgu sc27xx-fgu: sc27xx_fgu_get_temp: temp = 309
05-21 21:12:57.886  6843  6843 I aw32257-charger 6-006a: level:977
05-21 21:12:57.886  6843  6843 I         : charger-manager charger-manager: vbat: 4198000, vbat_avg: 4182000, OCV: 4243000, ibat: -317000, ibat_avg: -410000, ibus: 0, vbus: 4844000, msoc: 992, chg_sts: 4, frce_full: 1, chg_lmt_cur: 496000, inpt_lmt_cur: 500000, chgr_type: 1, Tboard: 466, Tbatt: 311, thm_cur: 6000000, thm_pwr: 30000, is_fchg: 0, fchg_en: 0, tflush: 15, tperiod: 15
05-21 21:12:57.886  6843  6843 I         : charger-manager charger-manager: work_cycle = 15s, cap_one_time = 30s
05-21 21:12:57.886  6843  6843 I         : charger-manager charger-manager: new_uisoc = 1000, old_uisoc = 1000
05-21 21:12:58.190  7091  7126 E sk-stderr: 2026/05/22 02:12:58:189 INFO Updating Getdown with /data/user/0/com.skarm.launcher/files/sk/code/getdown-pro-new.jar...
--------- beginning of crash
05-21 21:12:58.228  7216  7216 F linker  : CANNOT LINK EXECUTABLE "/data/user/0/com.skarm.launcher/files/jre25/lib/jspawnhelper": library "libc++_shared.so" not found: needed by main executable
05-21 21:12:58.228  7091  7126 E sk-stderr: CANNOT LINK EXECUTABLE "/data/user/0/com.skarm.launcher/files/jre25/lib/jspawnhelper": library "libc++_shared.so" not found: needed by main executable
05-21 21:12:58.232  7217  7217 F linker  : CANNOT LINK EXECUTABLE "/data/user/0/com.skarm.launcher/files/jre25/lib/jspawnhelper": library "libc++_shared.so" not found: needed by main executable
05-21 21:12:58.232  7091  7126 E sk-stderr: CANNOT LINK EXECUTABLE "/data/user/0/com.skarm.launcher/files/jre25/lib/jspawnhelper": library "libc++_shared.so" not found: needed by main executable
05-21 21:12:58.357  7091  7126 E sk-stderr: 2026/05/22 02:12:58:357 WARNING wtafa: java.awt.HeadlessException: 
05-21 21:12:58.358  7091  7126 E sk-stderr: No X11 DISPLAY variable was set,
05-21 21:12:58.358  7091  7126 E sk-stderr: or no headful library support was found,
05-21 21:12:58.358  7091  7126 E sk-stderr: but this program performed an operation which requires it.
05-21 21:12:58.381  7091  7126 E sk-stderr: 2026/05/22 02:12:58:381 INFO Oooh we are deleting what we're obsoleting! [oaf=META-INF/MANIFEST.MF]
05-21 21:12:58.382  7091  7126 E sk-stderr: 2026/05/22 02:12:58:381 INFO Oooh we are deleting what we're obsoleting! [oaf=META-INF]
05-21 21:12:58.383  7091  7124 I sklauncher: glfwMakeContextCurrent on tid=518547720048 (window=0xffffffffbeef7ac0)
05-21 21:12:58.383  7091  7124 I sklauncher: EGL current on tid=518547720048; ctx=0xb400007aaa8f4740 surface=0xb400007aaa8f4230
05-21 21:12:58.383  7091  7124 I sklauncher: native GL_VERSION:  OpenGL ES 3.2 v1.r40p0-01eac0.b0251c048237dcd59e6be15fba11a31a
05-21 21:12:58.383  7091  7124 I sklauncher: native GL_VENDOR:   ARM
05-21 21:12:58.383  7091  7124 I sklauncher: native GL_RENDERER: Mali-G57
05-21 21:12:58.395  7091  7124 E libEGL  : call to OpenGL ES API with no current context (logged once per thread)
05-21 21:12:58.395  7091  7124 I sklauncher: gl4es GL_VERSION:  2.1 gl4es wrapper 1.1.7
05-21 21:12:58.395  7091  7124 I sklauncher: gl4es GL_VENDOR:   GL4ES wrapping ARM
05-21 21:12:58.395  7091  7124 I sklauncher: gl4es GL_RENDERER: GL4ES using Mali-G57
05-21 21:12:58.395  7091  7124 I sklauncher: gl4es initialized on tid=518547720048
05-21 21:12:58.395  7091  7124 I sklauncher: EGL current on tid=518547720048; ctx=0xb400007aaa8f4740 surface=0xb400007aaa8f4230
05-21 21:12:58.395  7091  7124 I sklauncher: native GL_VERSION:  OpenGL ES 3.2 v1.r40p0-01eac0.b0251c048237dcd59e6be15fba11a31a
05-21 21:12:58.395  7091  7124 I sklauncher: native GL_VENDOR:   ARM
05-21 21:12:58.395  7091  7124 I sklauncher: native GL_RENDERER: Mali-G57
05-21 21:12:58.655  6843  6843 I WCN BASE: WCN_VER:Platform Version:MARLIN3_20A_RLS2_W24.17.7~Project Version:sc2355_marlin3_lite_abX~04-28-2024 15:46:55~
05-21 21:12:58.655  6843  6843 I WCN BASE: tx:at+loopcheck=36330461,17218
05-21 21:12:58.664  6843  6843 I         : WCN BASEavdd18_dcxo 1v8 have enable
05-21 21:12:58.664  6843  6843 I WCN SLP_MGR: cnt-0, subsys-2
05-21 21:12:58.667     0     0 I         : c0 [    C0] WCN BOOT: : irq_cnt50780!!
05-21 21:12:58.668  6843  6843 I WCN BASE: mdbg_tx_cb, chn:0
05-21 21:12:58.668   332   332 I WCN BOOT: : PUB_INT_STS0-0x4
05-21 21:12:58.668   332   332 I WCN SLP_MGR: allow sleep
05-21 21:12:58.668   331   331 I WCN BASE: : rx:loopcheck_ack:ap_send=36330461,cp2_bootup=17218,cp2_send=36332649
05-21 21:12:58.668     0     0 I         : c0 [    C0] WCN BOOT: : irq_cnt50781!!
05-21 21:12:58.668   332   332 I WCN BOOT: : PUB_INT_STS0-0x4
05-21 21:12:58.668   332   332 I WCN SLP_MGR: allow sleep
05-21 21:12:58.979  7091  7124 D openal  : [ALSOFT] (II) Increasing allocated voice properties to 32
05-21 21:12:59.002   641   641 W tx_work_queue: 3 callbacks suppressed
05-21 21:12:59.002   641   641 W         : sc2355, tx_work_queue, fw_awake = 0
05-21 21:12:59.011   330   330 I         : WCN BASEavdd18_dcxo 1v8 have enable
05-21 21:12:59.011   330   330 I WCN SLP_MGR: cnt-0, subsys-0
05-21 21:12:59.014     0     0 I         : c0 [    C0] WCN BOOT: : irq_cnt50782!!
05-21 21:12:59.014   332   332 I WCN BOOT: : PUB_INT_STS0-0x4
05-21 21:12:59.014   332   332 I WCN SLP_MGR: allow sleep
05-21 21:12:59.632   641   641 W         : sc2355, tx_work_queue, fw_awake = 0
05-21 21:12:59.633     0     0 I         : c0 [    C0] WCN BOOT: : irq_cnt50783!!
05-21 21:12:59.633   332   332 I WCN BOOT: : PUB_INT_STS0-0x4
05-21 21:12:59.633   332   332 I WCN SLP_MGR: allow sleep
05-21 21:12:59.708   641   641 W         : sc2355, tx_work_queue, fw_awake = 0
05-21 21:12:59.716   330   330 I         : WCN BASEavdd18_dcxo 1v8 have enable
05-21 21:12:59.716   330   330 I WCN SLP_MGR: cnt-0, subsys-0
05-21 21:12:59.722   641   641 W         : sc2355, tx_work_queue, fw_awake = 0
05-21 21:12:59.724  1058  1058 I ieee80211 phy0: channel num 1
05-21 21:12:59.724     0     0 I         : c0 [    C0] WCN BOOT: : irq_cnt50784!!
05-21 21:12:59.724   332   332 I WCN BOOT: : PUB_INT_STS0-0x4
05-21 21:12:59.724   332   332 I WCN SLP_MGR: allow sleep
05-21 21:12:59.725   641   641 W         : sc2355, tx_work_queue, fw_awake = 0
05-21 21:12:59.725   330   330 I         : WCN BASEavdd18_dcxo 1v8 have enable
05-21 21:12:59.725   330   330 I WCN SLP_MGR: cnt-0, subsys-0
05-21 21:12:59.730  1179  1179 I wlan0   : sprd_cfg80211_get_station signal -45 noise=0, txlegacy 0 txmcs:8 txflags:0x:a, rxlegacy 0 rxmcs:7 rxflags:0x:a
05-21 21:12:59.731     0     0 I         : c0 [    C0] WCN BOOT: : irq_cnt50785!!
05-21 21:12:59.731   332   332 I WCN BOOT: : PUB_INT_STS0-0x4
05-21 21:12:59.731   332   332 I WCN SLP_MGR: allow sleep
05-21 21:13:00.004  1130  1130 I         : [drm] sprd_dpu_enable_vblank()
05-21 21:13:00.081  7091  7126 E sk-stderr: 2026/05/22 02:13:00:080 INFO Init LogonWindow [depl=prod, v=20260521123046, status=null]
05-21 21:13:00.082  7091  7124 I sklauncher: glfwMakeContextCurrent on tid=518547720048 (window=0xffffffffbeef7ac0)
05-21 21:13:00.082  7091  7124 I sklauncher: EGL current on tid=518547720048; ctx=0xb400007aaa8f4740 surface=0xb400007aaa8f4230
05-21 21:13:00.082  7091  7124 I sklauncher: native GL_VERSION:  OpenGL ES 3.2 v1.r40p0-01eac0.b0251c048237dcd59e6be15fba11a31a
05-21 21:13:00.082  7091  7124 I sklauncher: native GL_VENDOR:   ARM
05-21 21:13:00.082  7091  7124 I sklauncher: native GL_RENDERER: Mali-G57
05-21 21:13:00.082  7091  7124 I sklauncher: EGL current on tid=518547720048; ctx=0xb400007aaa8f4740 surface=0xb400007aaa8f4230
05-21 21:13:00.082  7091  7124 I sklauncher: native GL_VERSION:  OpenGL ES 3.2 v1.r40p0-01eac0.b0251c048237dcd59e6be15fba11a31a
05-21 21:13:00.082  7091  7124 I sklauncher: native GL_VENDOR:   ARM
05-21 21:13:00.082  7091  7124 I sklauncher: native GL_RENDERER: Mali-G57
05-21 21:13:00.092  1222  7222 I resolv  : GetAddrInfoHandler::run: {100 100 100 983140 10233 0}
05-21 21:13:00.093  1222  7224 I resolv  : res_nmkquery: (QUERY, IN, A)
05-21 21:13:00.093  1222  7223 I resolv  : res_nmkquery: (QUERY, IN, AAAA)
05-21 21:13:00.093  1222  7223 I resolv  : resolv_cache_lookup: FOUND IN CACHE entry=0xb400006d3fae4a50
05-21 21:13:00.093  1222  7223 I resolv  : doQuery: rcode=0, ancount=0, return value=142
05-21 21:13:00.093   641   641 W         : sc2355, tx_work_queue, fw_awake = 0
05-21 21:13:00.102   330   330 I         : WCN BASEavdd18_dcxo 1v8 have enable
05-21 21:13:00.102   330   330 I WCN SLP_MGR: cnt-0, subsys-0
05-21 21:13:00.105     0     0 I         : c0 [    C0] WCN BOOT: : irq_cnt50786!!
05-21 21:13:00.105   332   332 I WCN BOOT: : PUB_INT_STS0-0x4
05-21 21:13:00.105   332   332 I WCN SLP_MGR: allow sleep
05-21 21:13:00.208  7091  7124 D openal  : [ALSOFT] (II) Increasing allocated context properties to 2
05-21 21:13:00.210  1041  1041 I ion_system_heap_allocate,tid: 1041 , size: 4993024, time:         15us, pool:4993024, bud: 0, ord 8:0, 4:0, 0:0
05-21 21:13:00.259  1222  7224 I resolv  : res_tls_send: TLS query result: 0
05-21 21:13:00.259  1222  7224 I resolv  : doQuery: rcode=0, ancount=4, return value=142
05-21 21:13:00.260  1222  7227 I resolv  : res_nmkquery: (QUERY, IN, A)
05-21 21:13:00.260  1222  7227 I resolv  : resolv_cache_lookup: FOUND IN CACHE entry=0xb400006d3fae4dd0
05-21 21:13:00.260  1222  7227 I resolv  : doQuery: rcode=0, ancount=4, return value=142
05-21 21:13:00.260  1222  7226 I resolv  : res_nmkquery: (QUERY, IN, AAAA)
05-21 21:13:00.260  1222  7226 I resolv  : resolv_cache_lookup: FOUND IN CACHE entry=0xb400006d3fae4a50
05-21 21:13:00.260  1222  7226 I resolv  : doQuery: rcode=0, ancount=0, return value=142
05-21 21:13:00.265  7091  7126 E sk-stderr: 2026/05/22 02:13:00:264 INFO Connecting [host=game.spiralknights.com/35.174.86.64, port=47624]
05-21 21:13:00.475  7091  7124 I sklauncher: glfwSwapBuffers #0 (tid=518547720048)
05-21 21:13:00.494  1041  1041 I ion_system_heap_allocate,tid: 1041 , size: 4993024, time:         27us, pool:4993024, bud: 0, ord 8:0, 4:0, 0:0
05-21 21:13:00.510  7091  7124 I sklauncher: glfwSwapBuffers #1 (tid=518547720048)
05-21 21:13:00.512  1042  1042 D SPRDHWComposer: HWC Range:1, HWC_Transfer:4
05-21 21:13:00.515  1041  1041 I ion_system_heap_allocate,tid: 1041 , size: 4993024, time:        290us, pool:4993024, bud: 0, ord 8:0, 4:0, 0:0
05-21 21:13:00.530  1041  1041 I ion_system_heap_allocate,tid: 1041 , size: 4993024, time:         21us, pool:4993024, bud: 0, ord 8:0, 4:0, 0:0
05-21 21:13:00.670  7091  7126 E sk-stderr: 2026/05/22 02:13:00:669 INFO Datagram connection established [port=47624]
05-21 21:13:00.684  7091  7124 I sklauncher: glfwSwapBuffers #10 (tid=518547720048)
05-21 21:13:00.755  7091  7126 E sk-stderr: 2026/05/22 02:13:00:755 INFO Getdown starting [version=1.8.10, built=2026-05-12 12:50]
05-21 21:13:00.756  7091  7126 E sk-stderr: 2026/05/22 02:13:00:755 INFO Checking whether we need to use a proxy...
05-21 21:13:00.771  7091  7126 E sk-stderr: 2026/05/22 02:13:00:770 INFO Attempting to fetch without proxy: http://gamemedia2.spiralknights.com/spiral/20260521123046/getdown.txt
05-21 21:13:00.875  7091  7126 E sk-stderr: 2026/05/22 02:13:00:874 INFO No proxy appears to be needed.
05-21 21:13:00.878  7091  7126 E sk-stderr: 2026/05/22 02:13:00:877 WARNING The lock is held elsewhere in this JVM
05-21 21:13:00.879  7091  7126 E sk-stderr: java.nio.channels.OverlappingFileLockException
05-21 21:13:00.879  7091  7126 E sk-stderr: 	at java.base/sun.nio.ch.FileLockTable.checkList(FileLockTable.java:229)
05-21 21:13:00.879  7091  7126 E sk-stderr: 	at java.base/sun.nio.ch.FileLockTable.add(FileLockTable.java:123)
05-21 21:13:00.879  7091  7126 E sk-stderr: 	at java.base/sun.nio.ch.FileChannelImpl.tryLock(FileChannelImpl.java:1734)
05-21 21:13:00.879  7091  7126 E sk-stderr: 	at java.base/java.nio.channels.FileChannel.tryLock(FileChannel.java:1343)
05-21 21:13:00.879  7091  7126 E sk-stderr: 	at com.threerings.getdown.data.Application.rc(Unknown Source)
05-21 21:13:00.879  7091  7126 E sk-stderr: 	at com.threerings.getdown.launcher.a.rR(Unknown Source)
05-21 21:13:00.879  7091  7126 E sk-stderr: 	at com.threerings.getdown.launcher.a.run(Unknown Source)
05-21 21:13:00.879  7091  7126 E sk-stderr: 	at com.threerings.getdown.launcher.d.run(Unknown Source)
05-21 21:13:00.879  7091  7126 E sk-stderr: 2026/05/22 02:13:00:879 WARNING getdown() failed.
05-21 21:13:00.879  7091  7126 E sk-stderr: com.threerings.getdown.launcher.MultipleGetdownRunning: m.another_getdown_running
05-21 21:13:00.879  7091  7126 E sk-stderr: 	at com.threerings.getdown.launcher.a.rR(Unknown Source)
05-21 21:13:00.879  7091  7126 E sk-stderr: 	at com.threerings.getdown.launcher.a.run(Unknown Source)
05-21 21:13:00.879  7091  7126 E sk-stderr: 	at com.threerings.getdown.launcher.d.run(Unknown Source)
05-21 21:13:01.322   641   641 W         : sc2355, tx_work_queue, fw_awake = 0
05-21 21:13:01.331     0     0 I         : c0 [    C0] WCN BOOT: : irq_cnt50787!!
05-21 21:13:01.332   332   332 I WCN BOOT: : PUB_INT_STS0-0x4
05-21 21:13:01.332   332   332 I WCN SLP_MGR: allow sleep
05-21 21:13:02.609  1243  1243 E charged : charge_set_basp: convert basp = -1
05-21 21:13:02.609  1243  1243 E         : failed
05-21 21:13:02.737   641   641 W         : sc2355, tx_work_queue, fw_awake = 0
05-21 21:13:02.746   330   330 I         : WCN BASEavdd18_dcxo 1v8 have enable
05-21 21:13:02.746   330   330 I WCN SLP_MGR: cnt-0, subsys-0
05-21 21:13:02.751   641   641 W         : sc2355, tx_work_queue, fw_awake = 0
05-21 21:13:02.753  1058  1058 I ieee80211 phy0: channel num 1
05-21 21:13:02.755   641   641 W         : sc2355, tx_work_queue, fw_awake = 0
05-21 21:13:02.755  1179  1179 I wlan0   : sprd_cfg80211_get_station signal -45 noise=0, txlegacy 0 txmcs:8 txflags:0x:a, rxlegacy 0 rxmcs:7 rxflags:0x:4a
05-21 21:13:02.765     0     0 I         : c0 [    C0] WCN BOOT: : irq_cnt50788!!
05-21 21:13:02.765   332   332 I WCN BOOT: : PUB_INT_STS0-0x4
05-21 21:13:02.765   332   332 I WCN SLP_MGR: allow sleep
05-21 21:13:02.820  7091  7124 I sklauncher: glfwMakeContextCurrent on tid=518547720048 (window=0xffffffffbeef7ac0)
05-21 21:13:02.820  7091  7124 I sklauncher: EGL current on tid=518547720048; ctx=0xb400007aaa8f4740 surface=0xb400007aaa8f4230
05-21 21:13:02.820  7091  7124 I sklauncher: native GL_VERSION:  OpenGL ES 3.2 v1.r40p0-01eac0.b0251c048237dcd59e6be15fba11a31a
05-21 21:13:02.820  7091  7124 I sklauncher: native GL_VENDOR:   ARM
05-21 21:13:02.820  7091  7124 I sklauncher: native GL_RENDERER: Mali-G57
05-21 21:13:02.820  7091  7124 I sklauncher: EGL current on tid=518547720048; ctx=0xb400007aaa8f4740 surface=0xb400007aaa8f4230
05-21 21:13:02.820  7091  7124 I sklauncher: native GL_VERSION:  OpenGL ES 3.2 v1.r40p0-01eac0.b0251c048237dcd59e6be15fba11a31a
05-21 21:13:02.820  7091  7124 I sklauncher: native GL_VENDOR:   ARM
05-21 21:13:02.820  7091  7124 I sklauncher: native GL_RENDERER: Mali-G57
05-21 21:13:02.820  7091  7124 I sklauncher: glfwMakeContextCurrent on tid=518547720048 (window=0xffffffffbeef7ac0)
05-21 21:13:02.820  7091  7124 I sklauncher: EGL current on tid=518547720048; ctx=0xb400007aaa8f4740 surface=0xb400007aaa8f4230
05-21 21:13:02.820  7091  7124 I sklauncher: native GL_VERSION:  OpenGL ES 3.2 v1.r40p0-01eac0.b0251c048237dcd59e6be15fba11a31a
05-21 21:13:02.820  7091  7124 I sklauncher: native GL_VENDOR:   ARM
05-21 21:13:02.820  7091  7124 I sklauncher: native GL_RENDERER: Mali-G57
05-21 21:13:02.820  7091  7124 I sklauncher: EGL current on tid=518547720048; ctx=0xb400007aaa8f4740 surface=0xb400007aaa8f4230
05-21 21:13:02.820  7091  7124 I sklauncher: native GL_VERSION:  OpenGL ES 3.2 v1.r40p0-01eac0.b0251c048237dcd59e6be15fba11a31a
05-21 21:13:02.820  7091  7124 I sklauncher: native GL_VENDOR:   ARM
05-21 21:13:02.820  7091  7124 I sklauncher: native GL_RENDERER: Mali-G57
05-21 21:13:02.908   330   330 I         : WCN BASEavdd18_dcxo 1v8 have enable
05-21 21:13:02.908   330   330 I WCN SLP_MGR: cnt-0, subsys-0
05-21 21:13:02.911     0     0 I         : c0 [    C0] WCN BOOT: : irq_cnt50789!!
05-21 21:13:02.911   332   332 I WCN BOOT: : PUB_INT_STS0-0x4
05-21 21:13:02.911   332   332 I WCN SLP_MGR: allow sleep
05-21 21:13:02.964  2686  2686 I wlan0   : cmdevt_report_ip_addr ARP ip: 192.168.1.9
05-21 21:13:03.530     0     0 I         : c0 [    C0] WCN BOOT: : irq_cnt50790!!
05-21 21:13:03.530   332   332 I WCN BOOT: : PUB_INT_STS0-0x4
05-21 21:13:03.530   332   332 I WCN SLP_MGR: allow sleep
05-21 21:13:03.777  4668  4668 I WCN BASE: WCN_VER:Platform Version:MARLIN3_20A_RLS2_W24.17.7~Project Version:sc2355_marlin3_lite_abX~04-28-2024 15:46:55~
05-21 21:13:03.777  4668  4668 I WCN BASE: tx:at+loopcheck=36335581,17218
05-21 21:13:03.786  4668  4668 I         : WCN BASEavdd18_dcxo 1v8 have enable
05-21 21:13:03.786  4668  4668 I WCN SLP_MGR: cnt-0, subsys-2
05-21 21:13:03.787  4668  4668 I WCN BASE: mdbg_tx_cb, chn:0
05-21 21:13:03.788   331   331 I WCN BASE: : rx:loopcheck_ack:ap_send=36335581,cp2_bootup=17218,cp2_send=36337769
05-21 21:13:03.788  4668  4668 I WCN BASE: loopcheck(7001) 2026-05-22_02:13:03.788478334
05-21 21:13:03.788     0     0 I         : c0 [    C0] WCN BOOT: : irq_cnt50791!!
05-21 21:13:03.788   332   332 I WCN BOOT: : PUB_INT_STS0-0x4
05-21 21:13:03.788   332   332 I WCN SLP_MGR: allow sleep
05-21 21:13:03.831  7091  7124 I sklauncher: glfwSwapBuffers #60 (tid=518547720048)
05-21 21:13:04.204   641   641 W tx_work_queue: 2 callbacks suppressed
05-21 21:13:04.204   641   641 W         : sc2355, tx_work_queue, fw_awake = 0
05-21 21:13:04.521     0     0 I         : c0 [    C0] WCN BOOT: : irq_cnt50792!!
05-21 21:13:04.529   332   332 I WCN BOOT: : PUB_INT_STS0-0x4
05-21 21:13:04.529   332   332 I WCN SLP_MGR: allow sleep
05-21 21:13:05.108   641   641 W         : sc2355, tx_work_queue, fw_awake = 0
05-21 21:13:05.116   330   330 I         : WCN BASEavdd18_dcxo 1v8 have enable
05-21 21:13:05.117   330   330 I WCN SLP_MGR: cnt-0, subsys-0
05-21 21:13:05.738   641   641 W         : sc2355, tx_work_queue, fw_awake = 0
05-21 21:13:05.739     0     0 I         : c0 [    C0] WCN BOOT: : irq_cnt50793!!
05-21 21:13:05.739   332   332 I WCN BOOT: : PUB_INT_STS0-0x4
05-21 21:13:05.739   332   332 I WCN SLP_MGR: allow sleep
05-21 21:13:05.761   641   641 W         : sc2355, tx_work_queue, fw_awake = 0
05-21 21:13:05.761   330   330 I         : WCN BASEavdd18_dcxo 1v8 have enable
05-21 21:13:05.761   330   330 I WCN SLP_MGR: cnt-0, subsys-0
05-21 21:13:05.766   641   641 W         : sc2355, tx_work_queue, fw_awake = 0
05-21 21:13:05.769     0     0 I         : c0 [    C0] WCN BOOT: : irq_cnt50794!!
05-21 21:13:05.769   332   332 I WCN BOOT: : PUB_INT_STS0-0x4
05-21 21:13:05.769   332   332 I WCN SLP_MGR: allow sleep
05-21 21:13:05.770  1058  1058 I ieee80211 phy0: channel num 1
05-21 21:13:05.771   641   641 W         : sc2355, tx_work_queue, fw_awake = 0
05-21 21:13:05.772   330   330 I         : WCN BASEavdd18_dcxo 1v8 have enable
05-21 21:13:05.772   330   330 I WCN SLP_MGR: cnt-0, subsys-0
05-21 21:13:05.775     0     0 I         : c0 [    C0] WCN BOOT: : irq_cnt50795!!
05-21 21:13:05.775   332   332 I WCN BOOT: : PUB_INT_STS0-0x4
05-21 21:13:05.775   332   332 I WCN SLP_MGR: allow sleep
05-21 21:13:05.777  1179  1179 I wlan0   : sprd_cfg80211_get_station signal -45 noise=0, txlegacy 0 txmcs:8 txflags:0x:a, rxlegacy 0 rxmcs:7 rxflags:0x:a
05-21 21:13:05.777     0     0 I         : c0 [    C0] WCN BOOT: : irq_cnt50796!!
05-21 21:13:05.777   332   332 I WCN BOOT: : PUB_INT_STS0-0x4
05-21 21:13:05.777   332   332 I WCN SLP_MGR: allow sleep
05-21 21:13:05.833  6757  6757 I wlan0   : cmdevt_report_ip_addr ipv6: fe80:0000:0000:0000:6ecd:d6ff:fec3:eceb
05-21 21:13:05.843   641   641 W         : sc2355, tx_work_queue, fw_awake = 0
05-21 21:13:06.448   641   641 W         : sc2355, tx_work_queue, fw_awake = 0
05-21 21:13:06.451     0     0 I         : c0 [    C0] WCN BOOT: : irq_cnt50797!!
05-21 21:13:06.452   332   332 I WCN BOOT: : PUB_INT_STS0-0x4
05-21 21:13:06.452   332   332 I WCN SLP_MGR: allow sleep
05-21 21:13:07.103  6843  6843 I sprd-cpufreq-v2 soc: aon:apcpu-dvfs@950000: sprd_cpufreq_update_opp_v2: update cluster 0 table to 52(-274) degrees celsius
05-21 21:13:07.103  6843  6843 I sprd-cpufreq-v2 soc: aon:apcpu-dvfs@950000: sprd_policy_table_update: update cluster 0 temp -274 dvfs table
05-21 21:13:07.103  6843  6843 I sprd-cpufreq-v2 soc: aon:apcpu-dvfs@950000: sprd_policy_table_update: add 614400000Hz/650000uV to opp
05-21 21:13:07.103  6843  6843 I sprd-cpufreq-v2 soc: aon:apcpu-dvfs@950000: sprd_policy_table_update: add 768000000Hz/650000uV to opp
05-21 21:13:07.103  6843  6843 I sprd-cpufreq-v2 soc: aon:apcpu-dvfs@950000: sprd_policy_table_update: add 936000000Hz/650000uV to opp
05-21 21:13:07.104  6843  6843 I sprd-cpufreq-v2 soc: aon:apcpu-dvfs@950000: sprd_policy_table_update: add 1105000000Hz/650000uV to opp
05-21 21:13:07.104  6843  6843 I sprd-cpufreq-v2 soc: aon:apcpu-dvfs@950000: sprd_policy_table_update: add 1228800000Hz/650000uV to opp
05-21 21:13:07.104  6843  6843 I sprd-cpufreq-v2 soc: aon:apcpu-dvfs@950000: sprd_policy_table_update: add 1404000000Hz/684375uV to opp
05-21 21:13:07.104  6843  6843 I sprd-cpufreq-v2 soc: aon:apcpu-dvfs@950000: sprd_policy_table_update: add 1560000000Hz/718750uV to opp
05-21 21:13:07.104  6843  6843 I sprd-cpufreq-v2 soc: aon:apcpu-dvfs@950000: sprd_policy_table_update: add 1703000000Hz/753125uV to opp
05-21 21:13:07.105  6843  6843 I sprd-cpufreq-v2 soc: aon:apcpu-dvfs@950000: sprd_policy_table_update: add 1846000000Hz/793750uV to opp
05-21 21:13:07.105  6843  6843 I sprd-cpufreq-v2 soc: aon:apcpu-dvfs@950000: sprd_policy_table_update: add 2002000000Hz/834375uV to opp
05-21 21:13:07.105  6843  6843 I sprd-cpufreq-v2 soc: aon:apcpu-dvfs@950000: sprd_policy_table_update: add 2184000000Hz/887500uV to opp
05-21 21:13:07.105  6843  6843 I sprd_cpufreq_cooling: cpu0 change dvfs table and update max_freq to 2184000
05-21 21:13:07.105  6843  6843 I sprd-cpufreq-v2 soc: aon:apcpu-dvfs@950000: sprd_cpufreq_update_opp_v2: update cluster 1 table to 52(-274) degrees celsius
05-21 21:13:07.105  6843  6843 I sprd-cpufreq-v2 soc: aon:apcpu-dvfs@950000: sprd_policy_table_update: update cluster 1 temp -274 dvfs table
05-21 21:13:07.105  6843  6843 I sprd-cpufreq-v2 soc: aon:apcpu-dvfs@950000: sprd_policy_table_update: add 614400000Hz/650000uV to opp
05-21 21:13:07.106  6843  6843 I sprd-cpufreq-v2 soc: aon:apcpu-dvfs@950000: sprd_policy_table_update: add 768000000Hz/650000uV to opp
05-21 21:13:07.106  6843  6843 I sprd-cpufreq-v2 soc: aon:apcpu-dvfs@950000: sprd_policy_table_update: add 936000000Hz/650000uV to opp
05-21 21:13:07.106  6843  6843 I sprd-cpufreq-v2 soc: aon:apcpu-dvfs@950000: sprd_policy_table_update: add 1105000000Hz/650000uV to opp
05-21 21:13:07.106  6843  6843 I sprd-cpufreq-v2 soc: aon:apcpu-dvfs@950000: sprd_policy_table_update: add 1228800000Hz/662500uV to opp
05-21 21:13:07.107  6843  6843 I sprd-cpufreq-v2 soc: aon:apcpu-dvfs@950000: sprd_policy_table_update: add 1378000000Hz/693750uV to opp
05-21 21:13:07.107  6843  6843 I sprd-cpufreq-v2 soc: aon:apcpu-dvfs@950000: sprd_policy_table_update: add 1536000000Hz/728125uV to opp
05-21 21:13:07.107  6843  6843 I sprd-cpufreq-v2 soc: aon:apcpu-dvfs@950000: sprd_policy_table_update: add 1703000000Hz/765625uV to opp
05-21 21:13:07.107  6843  6843 I sprd-cpufreq-v2 soc: aon:apcpu-dvfs@950000: sprd_policy_table_update: add 1872000000Hz/803125uV to opp
05-21 21:13:07.108  6843  6843 I sprd-cpufreq-v2 soc: aon:apcpu-dvfs@950000: sprd_policy_table_update: add 2041000000Hz/868750uV to opp
05-21 21:13:07.108  6843  6843 I sprd-cpufreq-v2 soc: aon:apcpu-dvfs@950000: sprd_policy_table_update: add 2210000000Hz/921875uV to opp
05-21 21:13:07.108  6843  6843 I sprd-cpufreq-v2 soc: aon:apcpu-dvfs@950000: sprd_policy_table_update: add 2301000000Hz/950000uV to opp
05-21 21:13:07.109  6843  6843 I sprd_cpufreq_cooling: cpu4 change dvfs table and update max_freq to 2301000
05-21 21:13:07.109  6843  6843 I sprd-cpufreq-v2 soc: aon:apcpu-dvfs@950000: sprd_cpufreq_update_opp_v2: update cluster 2 table to 52(-274) degrees celsius
05-21 21:13:07.109  6843  6843 I sprd-cpufreq-v2 soc: aon:apcpu-dvfs@950000: sprd_policy_table_update: update cluster 2 temp -274 dvfs table
05-21 21:13:07.109  6843  6843 I sprd-cpufreq-v2 soc: aon:apcpu-dvfs@950000: sprd_policy_table_update: add 614400000Hz/750000uV to opp
05-21 21:13:07.109  6843  6843 I sprd-cpufreq-v2 soc: aon:apcpu-dvfs@950000: sprd_policy_table_update: add 768000000Hz/750000uV to opp
05-21 21:13:07.109  6843  6843 I sprd-cpufreq-v2 soc: aon:apcpu-dvfs@950000: sprd_policy_table_update: add 1228800000Hz/750000uV to opp
05-21 21:13:07.110  6843  6843 I sprd-cpufreq-v2 soc: aon:apcpu-dvfs@950000: sprd_policy_table_update: add 1536000000Hz/750000uV to opp
05-21 21:13:07.110  6843  6843 I sprd-cpufreq-v2 soc: aon:apcpu-dvfs@950000: sprd_policy_table_update: add 1820000000Hz/750000uV to opp
05-21 21:13:07.110  6843  6843 I sprd-cpufreq-v2 soc: aon:apcpu-dvfs@950000: sprd_policy_table_update: add 2002000000Hz/790625uV to opp
05-21 21:13:07.110  6843  6843 I sprd-cpufreq-v2 soc: aon:apcpu-dvfs@950000: sprd_policy_table_update: add 2132000000Hz/821875uV to opp
05-21 21:13:07.111  6843  6843 I sprd-cpufreq-v2 soc: aon:apcpu-dvfs@950000: sprd_policy_table_update: add 2262000000Hz/856250uV to opp
05-21 21:13:07.111  6843  6843 I sprd-cpufreq-v2 soc: aon:apcpu-dvfs@950000: sprd_policy_table_update: add 2366000000Hz/881250uV to opp
05-21 21:13:07.112  6843  6843 I sprd-cpufreq-v2 soc: aon:apcpu-dvfs@950000: sprd_policy_table_update: add 2457000000Hz/906250uV to opp
05-21 21:13:07.112  6843  6843 I sprd-cpufreq-v2 soc: aon:apcpu-dvfs@950000: sprd_policy_table_update: add 2548000000Hz/928125uV to opp
05-21 21:13:07.113  6843  6843 I sprd-cpufreq-v2 soc: aon:apcpu-dvfs@950000: sprd_policy_table_update: add 2704000000Hz/968750uV to opp
05-21 21:13:07.113  6843  6843 I sprd_cpufreq_cooling: cpu7 change dvfs table and update max_freq to 2704000
05-21 21:13:08.379     0     0 I         : c4 [    C4] [drm] sprd_dpu_disable_vblank()
05-21 21:13:08.636  6843  6843 I         : sc27xx-fgu sc27xx-fgu: bat_current_ma = 154, vol_adc_mv = 275, vol_ntc_uv = 273670
05-21 21:13:08.636  6843  6843 I         : sc27xx-fgu sc27xx-fgu: sc27xx_fgu_get_temp: temp = 311
05-21 21:13:08.636  6843  6843 I         : charger-manager charger-manager: cm_manager_get_jeita_status: jeita status:(2) 2 2, temperature:310, jeita_size:4
05-21 21:13:08.638  6843  6843 I         : charger-manager charger-manager: target 1, charging_status 0
05-21 21:13:08.782   641   641 W         : sc2355, tx_work_queue, fw_awake = 0
05-21 21:13:08.790   330   330 I         : WCN BASEavdd18_dcxo 1v8 have enable
05-21 21:13:08.790   330   330 I WCN SLP_MGR: cnt-0, subsys-0
05-21 21:13:08.795   641   641 W         : sc2355, tx_work_queue, fw_awake = 0
05-21 21:13:08.798  1058  1058 I ieee80211 phy0: channel num 1
05-21 21:13:08.798     0     0 I         : c0 [    C0] WCN BOOT: : irq_cnt50798!!
05-21 21:13:08.798   332   332 I WCN BOOT: : PUB_INT_STS0-0x4
05-21 21:13:08.798   332   332 I WCN SLP_MGR: allow sleep
05-21 21:13:08.799   330   330 I         : WCN BASEavdd18_dcxo 1v8 have enable
05-21 21:13:08.799   330   330 I WCN SLP_MGR: cnt-0, subsys-0
05-21 21:13:08.802     0     0 I         : c0 [    C0] WCN BOOT: : irq_cnt50799!!
05-21 21:13:08.802   332   332 I WCN BOOT: : PUB_INT_STS0-0x4
05-21 21:13:08.802   332   332 I WCN SLP_MGR: allow sleep
05-21 21:13:08.804  1179  1179 I wlan0   : sprd_cfg80211_get_station signal -44 noise=0, txlegacy 0 txmcs:8 txflags:0x:a, rxlegacy 0 rxmcs:7 rxflags:0x:a
05-21 21:13:08.805     0     0 I         : c0 [    C0] WCN BOOT: : irq_cnt50800!!
05-21 21:13:08.805   332   332 I WCN BOOT: : PUB_INT_STS0-0x4
05-21 21:13:08.805   332   332 I WCN SLP_MGR: allow sleep
05-21 21:13:08.897  6843  6843 I WCN BASE: WCN_VER:Platform Version:MARLIN3_20A_RLS2_W24.17.7~Project Version:sc2355_marlin3_lite_abX~04-28-2024 15:46:55~
05-21 21:13:08.897  6843  6843 I WCN BASE: tx:at+loopcheck=36340701,17218
05-21 21:13:08.906     0     0 I         : c0 [    C0] WCN BOOT: : irq_cnt50801!!
05-21 21:13:08.906  6843  6843 I WCN BASE: mdbg_tx_cb, chn:0
05-21 21:13:08.906   332   332 I WCN BOOT: : PUB_INT_STS0-0x4
05-21 21:13:08.906   332   332 I WCN SLP_MGR: allow sleep
05-21 21:13:08.906   331   331 I WCN BASE: : rx:loopcheck_ack:ap_send=36340701,cp2_bootup=17218,cp2_send=36342888
05-21 21:13:08.907     0     0 I         : c0 [    C0] WCN BOOT: : irq_cnt50802!!
05-21 21:13:08.907   332   332 I WCN BOOT: : PUB_INT_STS0-0x4
05-21 21:13:08.907   332   332 I WCN SLP_MGR: allow sleep
05-21 21:13:09.011   330   330 I         : WCN BASEavdd18_dcxo 1v8 have enable
05-21 21:13:09.011   330   330 I WCN SLP_MGR: cnt-0, subsys-0
05-21 21:13:09.014     0     0 I         : c0 [    C0] WCN BOOT: : irq_cnt50803!!
05-21 21:13:09.015   332   332 I WCN BOOT: : PUB_INT_STS0-0x4
05-21 21:13:09.015   332   332 I WCN SLP_MGR: allow sleep
05-21 21:13:09.634   641   641 W tx_work_queue: 2 callbacks suppressed
05-21 21:13:09.634   641   641 W         : sc2355, tx_work_queue, fw_awake = 0
05-21 21:13:09.635     0     0 I         : c0 [    C0] WCN BOOT: : irq_cnt50804!!
05-21 21:13:09.635   332   332 I WCN BOOT: : PUB_INT_STS0-0x4
05-21 21:13:09.636   332   332 I WCN SLP_MGR: allow sleep
05-21 21:13:10.095   641   641 W         : sc2355, tx_work_queue, fw_awake = 0
05-21 21:13:10.103   330   330 I         : WCN BASEavdd18_dcxo 1v8 have enable
05-21 21:13:10.103   330   330 I WCN SLP_MGR: cnt-0, subsys-0
05-21 21:13:10.107     0     0 I         : c0 [    C0] WCN BOOT: : irq_cnt50805!!
05-21 21:13:10.107   332   332 I WCN BOOT: : PUB_INT_STS0-0x4
05-21 21:13:10.107   332   332 I WCN SLP_MGR: allow sleep
05-21 21:13:10.633     1     1 I init    : processing action (persist.gammaos.fan_mode=auto && persist.gammaos.fan_mode_auto=off) from (/vendor/etc/init/init.gammaos_fan.rc:44)
05-21 21:13:10.634     1     1 E init    : File /vendor/bin/setfan_off.sh (labeled "u:object_r:vendor_file:s0") has incorrect label or no domain transition from u:r:init:s0 to another SELinux domain defined. Have you configured your service correctly? https://source.android.com/security/selinux/device-policy#label_new_services_and_address_denials
05-21 21:13:10.634     1     1 I init    : starting service 'setfan_off'...
05-21 21:13:10.641     1     1 I init    : ... started service 'setfan_off' has pid 7247
05-21 21:13:10.647     1     1 I init    : Service 'setfan_off' (pid 7247) exited with status 0 oneshot service took 0.009000 seconds in background
05-21 21:13:10.647     1     1 I init    : Sending signal 9 to service 'setfan_off' (pid 7247) process group...
05-21 21:13:10.648     1     1 I libprocessgroup: Removed cgroup /sys/fs/cgroup/uid_0/pid_7247
05-21 21:13:10.724   641   641 W         : sc2355, tx_work_queue, fw_awake = 0
05-21 21:13:10.725     0     0 I         : c0 [    C0] WCN BOOT: : irq_cnt50806!!
05-21 21:13:10.726   332   332 I WCN BOOT: : PUB_INT_STS0-0x4
05-21 21:13:10.726   332   332 I WCN SLP_MGR: allow sleep
05-21 21:13:10.939   208   208 I         : [SPRD_PDBG] #---------PDBG LIGHT SLEEP START---------#
05-21 21:13:10.939   208   208 I         : [SPRD_PDBG] [SLP_STATE] deep: 0xffffffffffffffcc, light: 0xffffffffffffff30
05-21 21:13:10.939   208   208 I         : [SPRD_PDBG] [EB_INFO  ] ap1: 0xfffff9ffffffeffe, ap2: 0xffffffffffffffff, aon1: 0xff2002002cd361cb, aon2: 0xffffffff0e000014
05-21 21:13:10.939   208   208 I         : [SPRD_PDBG] [PD_INFO  ] 0xfffffc7fffef0000
05-21 21:13:10.939   208   208 I         : [SPRD_PDBG] [DEEP_CNT ]     1,     0,     0,     1,     1,    63,     6,     1,   204,    81,     1,
05-21 21:13:10.939   208   208 I         : [SPRD_PDBG] [LIGHT_CNT]   212,
05-21 21:13:10.939   208   208 I         : [SPRD_PDBG] [LPC_INFO ] 0xffffffafeffffffe
05-21 21:13:10.939   208   208 I         : [SPRD_PDBG] Pending Wakeup Sources: charger_manager_wakelock dwc3-sprd
05-21 21:13:10.939   208   208 I         : [SPRD_PDBG] #---------PDBG LIGHT SLEEP END-----------#
05-21 21:13:11.809   641   641 W         : sc2355, tx_work_queue, fw_awake = 0
05-21 21:13:11.817   330   330 I         : WCN BASEavdd18_dcxo 1v8 have enable
05-21 21:13:11.817   330   330 I WCN SLP_MGR: cnt-0, subsys-0
05-21 21:13:11.821     0     0 I         : c0 [    C0] WCN BOOT: : irq_cnt50807!!
05-21 21:13:11.821   332   332 I WCN BOOT: : PUB_INT_STS0-0x4
05-21 21:13:11.821   332   332 I WCN SLP_MGR: allow sleep
05-21 21:13:11.823   641   641 W         : sc2355, tx_work_queue, fw_awake = 0
05-21 21:13:11.825  1058  1058 I ieee80211 phy0: channel num 1
05-21 21:13:11.825     0     0 I         : c0 [    C0] WCN BOOT: : irq_cnt50808!!
05-21 21:13:11.825   332   332 I WCN BOOT: : PUB_INT_STS0-0x4
05-21 21:13:11.825   332   332 I WCN SLP_MGR: allow sleep
05-21 21:13:11.826   641   641 W         : sc2355, tx_work_queue, fw_awake = 0
05-21 21:13:11.826   330   330 I         : WCN BASEavdd18_dcxo 1v8 have enable
05-21 21:13:11.826   330   330 I WCN SLP_MGR: cnt-0, subsys-0
05-21 21:13:11.831  1179  1179 I wlan0   : sprd_cfg80211_get_station signal -42 noise=0, txlegacy 0 txmcs:8 txflags:0x:a, rxlegacy 0 rxmcs:7 rxflags:0x:a
05-21 21:13:11.832     0     0 I         : c0 [    C0] WCN BOOT: : irq_cnt50809!!
05-21 21:13:11.832   332   332 I WCN BOOT: : PUB_INT_STS0-0x4
05-21 21:13:11.832   332   332 I WCN SLP_MGR: allow sleep
05-21 21:13:12.475  4202  4202 I         : sc27xx-fgu sc27xx-fgu: init_cap = 1000, init_mah = 0, init_clbcnt = 23856721, cur_clbcnt = 23300014, normal_cap = 977, data->cc_mah = -117, Tbat = 310, uusoc_vbat = 0, uusoc_mah = 0, cur_1000ma_adc = 662, vol_1000mv_adc = 682, track_sts = 1
05-21 21:13:12.985  7091  7124 I sklauncher: glfwSwapBuffers #600 (tid=518547720048)
05-21 21:13:12.987  4668  4668 W         : charger-manager charger-manager: cant not get input_cur.
05-21 21:13:12.989  4668  4668 I         : sc27xx-fgu sc27xx-fgu: bat_current_ma = 218, vol_adc_mv = 274, vol_ntc_uv = 272100
05-21 21:13:12.989  4668  4668 I         : sc27xx-fgu sc27xx-fgu: sc27xx_fgu_get_temp: temp = 313
05-21 21:13:12.989  4668  4668 I aw32257-charger 6-006a: level:977
05-21 21:13:12.990  4668  4668 I         : charger-manager charger-manager: vbat: 4293000, vbat_avg: 4271000, OCV: 4262000, ibat: 218000, ibat_avg: 94000, ibus: 0, vbus: 4844000, msoc: 992, chg_sts: 4, frce_full: 1, chg_lmt_cur: 496000, inpt_lmt_cur: 500000, chgr_type: 1, Tboard: 468, Tbatt: 311, thm_cur: 6000000, thm_pwr: 30000, is_fchg: 0, fchg_en: 0, tflush: 15, tperiod: 15
05-21 21:13:12.990  4668  4668 I         : charger-manager charger-manager: work_cycle = 15s, cap_one_time = 30s
05-21 21:13:12.990  4668  4668 I         : charger-manager charger-manager: new_uisoc = 1000, old_uisoc = 1000
05-21 21:13:14.017  4668  4668 I WCN BASE: WCN_VER:Platform Version:MARLIN3_20A_RLS2_W24.17.7~Project Version:sc2355_marlin3_lite_abX~04-28-2024 15:46:55~
05-21 21:13:14.017  4668  4668 I WCN BASE: tx:at+loopcheck=36345821,17218
05-21 21:13:14.025  4668  4668 I         : WCN BASEavdd18_dcxo 1v8 have enable
05-21 21:13:14.025  4668  4668 I WCN SLP_MGR: cnt-0, subsys-2
05-21 21:13:14.028     0     0 I         : c0 [    C0] WCN BOOT: : irq_cnt50810!!
05-21 21:13:14.029  4668  4668 I WCN BASE: mdbg_tx_cb, chn:0
05-21 21:13:14.029   332   332 I WCN BOOT: : PUB_INT_STS0-0x4
05-21 21:13:14.029   332   332 I WCN SLP_MGR: allow sleep
05-21 21:13:14.029   331   331 I WCN BASE: : rx:loopcheck_ack:ap_send=36345821,cp2_bootup=17218,cp2_send=36348011
05-21 21:13:14.029     0     0 I         : c0 [    C0] WCN BOOT: : irq_cnt50811!!
05-21 21:13:14.029   332   332 I WCN BOOT: : PUB_INT_STS0-0x4
05-21 21:13:14.029   332   332 I WCN SLP_MGR: allow sleep
05-21 21:13:14.836   641   641 W         : sc2355, tx_work_queue, fw_awake = 0
05-21 21:13:14.845   330   330 I         : WCN BASEavdd18_dcxo 1v8 have enable
05-21 21:13:14.845   330   330 I WCN SLP_MGR: cnt-0, subsys-0
05-21 21:13:14.848     0     0 I         : c0 [    C0] WCN BOOT: : irq_cnt50812!!
05-21 21:13:14.849   332   332 I WCN BOOT: : PUB_INT_STS0-0x4
05-21 21:13:14.849   332   332 I WCN SLP_MGR: allow sleep
05-21 21:13:14.851   641   641 W         : sc2355, tx_work_queue, fw_awake = 0
05-21 21:13:14.853  1058  1058 I ieee80211 phy0: channel num 1
05-21 21:13:14.853     0     0 I         : c0 [    C0] WCN BOOT: : irq_cnt50813!!
05-21 21:13:14.853   332   332 I WCN BOOT: : PUB_INT_STS0-0x4
05-21 21:13:14.853   332   332 I WCN SLP_MGR: allow sleep
05-21 21:13:14.854   641   641 W         : sc2355, tx_work_queue, fw_awake = 0
05-21 21:13:14.854   330   330 I         : WCN BASEavdd18_dcxo 1v8 have enable
05-21 21:13:14.854   330   330 I WCN SLP_MGR: cnt-0, subsys-0
05-21 21:13:14.858     0     0 I         : c0 [    C0] WCN BOOT: : irq_cnt50814!!
05-21 21:13:14.858   332   332 I WCN BOOT: : PUB_INT_STS0-0x4
05-21 21:13:14.858   332   332 I WCN SLP_MGR: allow sleep
05-21 21:13:14.860  1179  1179 I wlan0   : sprd_cfg80211_get_station signal -43 noise=0, txlegacy 0 txmcs:8 txflags:0x:a, rxlegacy 0 rxmcs:7 rxflags:0x:a
05-21 21:13:14.860     0     0 I         : c0 [    C0] WCN BOOT: : irq_cnt50815!!
05-21 21:13:14.860   332   332 I WCN BOOT: : PUB_INT_STS0-0x4
05-21 21:13:14.860   332   332 I WCN SLP_MGR: allow sleep
05-21 21:13:15.291   641   641 W         : sc2355, tx_work_queue, fw_awake = 0
05-21 21:13:15.299   330   330 I         : WCN BASEavdd18_dcxo 1v8 have enable
05-21 21:13:15.299   330   330 I WCN SLP_MGR: cnt-0, subsys-0
05-21 21:13:15.920   641   641 W         : sc2355, tx_work_queue, fw_awake = 0
05-21 21:13:15.921     0     0 I         : c0 [    C0] WCN BOOT: : irq_cnt50816!!
05-21 21:13:15.922   332   332 I WCN BOOT: : PUB_INT_STS0-0x4
05-21 21:13:15.922   332   332 I WCN SLP_MGR: allow sleep
05-21 21:13:16.704  1240  1240 W uniber  : migration done:   79 CPU00 -> CPU01
05-21 21:13:16.704  1240  1240 W uniber  : ACTION_MIG triggered (1)
05-21 21:13:17.613  1243  1243 E charged : charge_set_basp: convert basp = -1
05-21 21:13:17.613  1243  1243 E         : failed
05-21 21:13:17.865   641   641 W         : sc2355, tx_work_queue, fw_awake = 0
05-21 21:13:17.874   330   330 I         : WCN BASEavdd18_dcxo 1v8 have enable
05-21 21:13:17.874   330   330 I WCN SLP_MGR: cnt-0, subsys-0
05-21 21:13:17.877     0     0 I         : c0 [    C0] WCN BOOT: : irq_cnt50817!!
05-21 21:13:17.877   332   332 I WCN BOOT: : PUB_INT_STS0-0x4
05-21 21:13:17.877   332   332 I WCN SLP_MGR: allow sleep
05-21 21:13:17.879     0     0 I         : c0 [    C0] WCN BOOT: : irq_cnt50818!!
05-21 21:13:17.879   332   332 I WCN BOOT: : PUB_INT_STS0-0x4
05-21 21:13:17.880   332   332 I WCN SLP_MGR: allow sleep
05-21 21:13:17.880   641   641 W         : sc2355, tx_work_queue, fw_awake = 0
05-21 21:13:17.881   330   330 I         : WCN BASEavdd18_dcxo 1v8 have enable
05-21 21:13:17.881   330   330 I WCN SLP_MGR: cnt-0, subsys-0
05-21 21:13:17.884     0     0 I         : c0 [    C0] WCN BOOT: : irq_cnt50819!!
05-21 21:13:17.884   332   332 I WCN BOOT: : PUB_INT_STS0-0x4
05-21 21:13:17.884   332   332 I WCN SLP_MGR: allow sleep
05-21 21:13:17.886  1058  1058 I ieee80211 phy0: channel num 1
05-21 21:13:17.886     0     0 I         : c0 [    C0] WCN BOOT: : irq_cnt50820!!
05-21 21:13:17.886   332   332 I WCN BOOT: : PUB_INT_STS0-0x4
05-21 21:13:17.886   332   332 I WCN SLP_MGR: allow sleep
05-21 21:13:17.887   641   641 W         : sc2355, tx_work_queue, fw_awake = 0
05-21 21:13:17.888   330   330 I         : WCN BASEavdd18_dcxo 1v8 have enable
05-21 21:13:17.888   330   330 I WCN SLP_MGR: cnt-0, subsys-0
05-21 21:13:17.891     0     0 I         : c0 [    C0] WCN BOOT: : irq_cnt50821!!
05-21 21:13:17.891   332   332 I WCN BOOT: : PUB_INT_STS0-0x4
05-21 21:13:17.891   332   332 I WCN SLP_MGR: forbid slp module-0x1
05-21 21:13:17.893  1179  1179 I wlan0   : sprd_cfg80211_get_station signal -41 noise=0, txlegacy 0 txmcs:8 txflags:0x:a, rxlegacy 0 rxmcs:7 rxflags:0x:4a
05-21 21:13:17.893     0     0 I         : c0 [    C0] WCN BOOT: : irq_cnt50822!!
05-21 21:13:17.894   332   332 I WCN BOOT: : PUB_INT_STS0-0x4
05-21 21:13:17.894   332   332 I WCN SLP_MGR: allow sleep
05-21 21:13:19.137  6843  6843 I WCN BASE: WCN_VER:Platform Version:MARLIN3_20A_RLS2_W24.17.7~Project Version:sc2355_marlin3_lite_abX~04-28-2024 15:46:55~
05-21 21:13:19.137  6843  6843 I WCN BASE: tx:at+loopcheck=36350941,17218
05-21 21:13:19.145  6843  6843 I         : WCN BASEavdd18_dcxo 1v8 have enable
05-21 21:13:19.145  6843  6843 I WCN SLP_MGR: cnt-0, subsys-2
05-21 21:13:19.148  6843  6843 I WCN BASE: mdbg_tx_cb, chn:0
05-21 21:13:19.149   331   331 I WCN BASE: : rx:loopcheck_ack:ap_send=36350941,cp2_bootup=17218,cp2_send=36353131
05-21 21:13:19.149     0     0 I         : c0 [    C0] WCN BOOT: : irq_cnt50823!!
05-21 21:13:19.149   332   332 I WCN BOOT: : PUB_INT_STS0-0x4
05-21 21:13:19.149   332   332 I WCN SLP_MGR: allow sleep
05-21 21:13:20.267  1222  7086 I resolv  : Disconnecting {94.140.14.14/dns.adguard-dns.com}, mark 0xf0064
05-21 21:13:20.267   641   641 W         : sc2355, tx_work_queue, fw_awake = 0
05-21 21:13:20.276   330   330 I         : WCN BASEavdd18_dcxo 1v8 have enable
05-21 21:13:20.276   330   330 I WCN SLP_MGR: cnt-0, subsys-0
05-21 21:13:20.279     0     0 I         : c0 [    C0] WCN BOOT: : irq_cnt50824!!
05-21 21:13:20.279   332   332 I WCN BOOT: : PUB_INT_STS0-0x4
05-21 21:13:20.279   332   332 I WCN SLP_MGR: allow sleep
05-21 21:13:20.898   641   641 W         : sc2355, tx_work_queue, fw_awake = 0
05-21 21:13:20.899     0     0 I         : c0 [    C0] WCN BOOT: : irq_cnt50825!!
05-21 21:13:20.899   332   332 I WCN BOOT: : PUB_INT_STS0-0x4
05-21 21:13:20.899   332   332 I WCN SLP_MGR: allow sleep
05-21 21:13:20.900   641   641 W         : sc2355, tx_work_queue, fw_awake = 0
05-21 21:13:20.900   330   330 I         : WCN BASEavdd18_dcxo 1v8 have enable
05-21 21:13:20.900   330   330 I WCN SLP_MGR: cnt-0, subsys-0
05-21 21:13:20.906   641   641 W         : sc2355, tx_work_queue, fw_awake = 0
05-21 21:13:20.908  1058  1058 I ieee80211 phy0: channel num 1
05-21 21:13:20.908     0     0 I         : c0 [    C0] WCN BOOT: : irq_cnt50826!!
05-21 21:13:20.908   332   332 I WCN BOOT: : PUB_INT_STS0-0x4
05-21 21:13:20.908   332   332 I WCN SLP_MGR: allow sleep
05-21 21:13:20.909   641   641 W         : sc2355, tx_work_queue, fw_awake = 0
05-21 21:13:20.909   330   330 I         : WCN BASEavdd18_dcxo 1v8 have enable
05-21 21:13:20.909   330   330 I WCN SLP_MGR: cnt-0, subsys-0
05-21 21:13:20.914  1179  1179 I wlan0   : sprd_cfg80211_get_station signal -44 noise=0, txlegacy 0 txmcs:8 txflags:0x:a, rxlegacy 0 rxmcs:7 rxflags:0x:4a
05-21 21:13:20.915     0     0 I         : c0 [    C0] WCN BOOT: : irq_cnt50827!!
05-21 21:13:20.915   332   332 I WCN BOOT: : PUB_INT_STS0-0x4
05-21 21:13:20.915   332   332 I WCN SLP_MGR: allow sleep
05-21 21:13:23.740  6843  6843 I         : sc27xx-fgu sc27xx-fgu: bat_current_ma = 60, vol_adc_mv = 273, vol_ntc_uv = 272480
05-21 21:13:23.740  6843  6843 I         : sc27xx-fgu sc27xx-fgu: sc27xx_fgu_get_temp: temp = 312
05-21 21:13:23.740  6843  6843 I         : charger-manager charger-manager: cm_manager_get_jeita_status: jeita status:(2) 2 2, temperature:311, jeita_size:4
05-21 21:13:23.741  6843  6843 I         : charger-manager charger-manager: target 1, charging_status 0
05-21 21:13:23.890  1179  1179 W wificond: Failed to get NL80211_ATTR_MAX_NUM_AKM_SUITES
05-21 21:13:23.894  1179  1179 W wificond: Failed to get NL80211_ATTR_MAX_NUM_AKM_SUITES
05-21 21:13:23.896  1179  1179 W wificond: Failed to get NL80211_ATTR_MAX_NUM_AKM_SUITES
05-21 21:13:23.897  1179  1179 I wlan0   : sc2355_scan n_channels 1
05-21 21:13:23.897  1179  1179 E ieee80211 phy0: random mac feature disabled
05-21 21:13:23.897   641   641 W         : sc2355, tx_work_queue, fw_awake = 0
05-21 21:13:23.905   330   330 I         : WCN BASEavdd18_dcxo 1v8 have enable
05-21 21:13:23.905   330   330 I WCN SLP_MGR: cnt-0, subsys-0
05-21 21:13:23.909     0     0 I         : c0 [    C0] WCN BOOT: : irq_cnt50828!!
05-21 21:13:23.909   332   332 I WCN BOOT: : PUB_INT_STS0-0x4
05-21 21:13:23.909   332   332 I WCN SLP_MGR: allow sleep
05-21 21:13:23.911     0     0 I         : c0 [    C0] WCN BOOT: : irq_cnt50829!!
05-21 21:13:23.911   641   641 W         : sc2355, tx_work_queue, fw_awake = 0
05-21 21:13:23.911   332   332 I WCN BOOT: : PUB_INT_STS0-0x4
05-21 21:13:23.911   332   332 I WCN SLP_MGR: allow sleep
05-21 21:13:23.915  5922  5922 I wlan0   : proberesp, 6c:cd:d6:c3:ec:ed(Benfield)8, channel 153, signal -4400, freq 5765
05-21 21:13:23.917   641   641 W         : sc2355, tx_work_queue, fw_awake = 0
05-21 21:13:23.917   641   641 W         : sc2355, tx_work_queue, fw_awake = 0
05-21 21:13:23.918  1058  1058 I ieee80211 phy0: channel num 1
05-21 21:13:23.919   641   641 W         : sc2355, tx_work_queue, fw_awake = 0
05-21 21:13:23.919  1179  1179 I wlan0   : sprd_cfg80211_get_station signal -42 noise=0, txlegacy 0 txmcs:8 txflags:0x:a, rxlegacy 0 rxmcs:7 rxflags:0x:4a
05-21 21:13:23.956  5922  5922 I wlan0   : beacon   , 6c:cd:d6:c3:ec:ed(Benfield)8, channel 153, signal -4400, freq 5765
05-21 21:13:23.967  5922  5922 I wlan0   : proberesp, 6c:cd:d6:c3:ec:ed(Benfield)8, channel 153, signal -4500, freq 5765
05-21 21:13:23.995  6843  6843 I         : charger-manager charger-manager: cm_ir_compensation, us = 4340000, rc = 20, upper_limit = 4500000, lower_limit = 4340000, target_cccv = 4341600, ibat_avg = 80600, offset = 100000
05-21 21:13:23.995  6843  6843 I         : charger-manager charger-manager: cm_sprd_vote_callback, VOTE_TYPE_CCCV[4341600]
05-21 21:13:23.995  6843  6843 I aw32257-charger 6-006a: aw32257_set_battery_regulation_voltage uV:4341600
05-21 21:13:24.005  5922  5922 I wlan0   : beacon   , e2:01:c7:4b:94:b5()0, channel 153, signal -6600, freq 5765
05-21 21:13:24.020  1348  1363 D WifiNl80211Manager: Scan result ready event
05-21 21:13:24.019  5922  5922 I wlan0   : sprd_report_scan_done scan is Done
05-21 21:13:24.020  1348  1363 D WifiNative: Scan result ready event
05-21 21:13:24.019  5922  5922 I wlan0   : cmdevt_report_scan_done_evt got 4 BSSes
05-21 21:13:24.019  1758  1758 E wlan0   : sc2355_dump_survey, idx 0
05-21 21:13:24.019  1758  1758 E wlan0   : sc2355_dump_survey, survey_cnt 0
05-21 21:13:24.025     0     0 I         : c0 [    C0] WCN BOOT: : irq_cnt50830!!
05-21 21:13:24.025   332   332 I WCN BOOT: : PUB_INT_STS0-0x4
05-21 21:13:24.025   332   332 I WCN SLP_MGR: allow sleep
05-21 21:13:24.029   330   330 I         : WCN BASEavdd18_dcxo 1v8 have enable
05-21 21:13:24.029   330   330 I WCN SLP_MGR: cnt-0, subsys-0
05-21 21:13:24.032     0     0 I         : c0 [    C0] WCN BOOT: : irq_cnt50831!!
05-21 21:13:24.032   332   332 I WCN BOOT: : PUB_INT_STS0-0x4
05-21 21:13:24.032   332   332 I WCN SLP_MGR: allow sleep
05-21 21:13:24.036  1058  1058 I ieee80211 phy0: channel num 1
05-21 21:13:24.037     0     0 I         : c0 [    C0] WCN BOOT: : irq_cnt50832!!
05-21 21:13:24.037   332   332 I WCN BOOT: : PUB_INT_STS0-0x4
05-21 21:13:24.037   332   332 I WCN SLP_MGR: allow sleep
05-21 21:13:24.257  6843  6843 I WCN BASE: WCN_VER:Platform Version:MARLIN3_20A_RLS2_W24.17.7~Project Version:sc2355_marlin3_lite_abX~04-28-2024 15:46:55~
05-21 21:13:24.257  6843  6843 I WCN BASE: tx:at+loopcheck=36356061,17218
05-21 21:13:24.265  6843  6843 I         : WCN BASEavdd18_dcxo 1v8 have enable
05-21 21:13:24.265  6843  6843 I WCN SLP_MGR: cnt-0, subsys-2
05-21 21:13:24.268     0     0 I         : c0 [    C0] WCN BOOT: : irq_cnt50833!!
05-21 21:13:24.269  6843  6843 I WCN BASE: mdbg_tx_cb, chn:0
05-21 21:13:24.269   332   332 I WCN BOOT: : PUB_INT_STS0-0x4
05-21 21:13:24.269   332   332 I WCN SLP_MGR: allow sleep
05-21 21:13:24.269   331   331 I WCN BASE: : rx:loopcheck_ack:ap_send=36356061,cp2_bootup=17218,cp2_send=36358252
05-21 21:13:24.269     0     0 I         : c0 [    C0] WCN BOOT: : irq_cnt50834!!
05-21 21:13:24.270   332   332 I WCN BOOT: : PUB_INT_STS0-0x4
05-21 21:13:24.270   332   332 I WCN SLP_MGR: allow sleep
05-21 21:13:25.615  7091  7126 E sk-stderr: 2026/05/22 02:13:25:615 WARNING Could not lock User prefs.  Unix error code 2.
05-21 21:13:25.616  7091  7126 E sk-stderr: 2026/05/22 02:13:25:616 WARNING Couldn't flush user prefs: java.util.prefs.BackingStoreException: Couldn't get file lock.
05-21 21:13:26.926   641   641 W tx_work_queue: 2 callbacks suppressed
05-21 21:13:26.926   641   641 W         : sc2355, tx_work_queue, fw_awake = 0
05-21 21:13:26.935   330   330 I         : WCN BASEavdd18_dcxo 1v8 have enable
05-21 21:13:26.935   330   330 I WCN SLP_MGR: cnt-0, subsys-0
05-21 21:13:26.938     0     0 I         : c0 [    C0] WCN BOOT: : irq_cnt50835!!
05-21 21:13:26.938   332   332 I WCN BOOT: : PUB_INT_STS0-0x4
05-21 21:13:26.938   332   332 I WCN SLP_MGR: allow sleep
05-21 21:13:26.940     0     0 I         : c0 [    C0] WCN BOOT: : irq_cnt50836!!
05-21 21:13:26.940   332   332 I WCN BOOT: : PUB_INT_STS0-0x4
05-21 21:13:26.940   641   641 W         : sc2355, tx_work_queue, fw_awake = 0
05-21 21:13:26.940   332   332 I WCN SLP_MGR: forbid slp module-0x1
05-21 21:13:26.942  1058  1058 I ieee80211 phy0: channel num 1
05-21 21:13:26.943     0     0 I         : c0 [    C0] WCN BOOT: : irq_cnt50837!!
05-21 21:13:26.943   332   332 I WCN BOOT: : PUB_INT_STS0-0x4
05-21 21:13:26.944   332   332 I WCN SLP_MGR: allow sleep
05-21 21:13:26.945   641   641 W         : sc2355, tx_work_queue, fw_awake = 0
05-21 21:13:26.945   330   330 I         : WCN BASEavdd18_dcxo 1v8 have enable
05-21 21:13:26.945   330   330 I WCN SLP_MGR: cnt-0, subsys-0
05-21 21:13:26.950  1179  1179 I wlan0   : sprd_cfg80211_get_station signal -42 noise=0, txlegacy 0 txmcs:8 txflags:0x:a, rxlegacy 0 rxmcs:7 rxflags:0x:4a
05-21 21:13:26.951     0     0 I         : c0 [    C0] WCN BOOT: : irq_cnt50838!!
05-21 21:13:26.951   332   332 I WCN BOOT: : PUB_INT_STS0-0x4
05-21 21:13:26.951   332   332 I WCN SLP_MGR: allow sleep
