05-21 21:12:43.039  1688  1720 V WindowManagerShell: start default transition animation, info = {id=231 t=OPEN f=0x0 trk=0 r=[0@Point(0, 0)] c=[{null m=OPEN f=FILLS_TASK|IS_BEHIND_STARTING_WINDOW leash=Surface(name=ActivityRecord{33bc7d9 u0 com.skarm.launcher/.GameActivity t249})/@0x353103b sb=Rect(0, 0 - 0, 0) eb=Rect(0, 0 - 1280, 960) d=-1->0 r=-1->0:-1 component=com.skarm.launcher/.GameActivity},{null m=TO_BACK f=FILLS_TASK|IS_BEHIND_STARTING_WINDOW leash=Surface(name=ActivityRecord{f4362e8 u0 com.skarm.launcher/.LauncherActivity t249})/@0x1f21358 sb=Rect(0, 0 - 1280, 960) eb=Rect(0, 0 - 1280, 960) d=0 component=com.skarm.launcher/.LauncherActivity}]}
05-21 21:12:43.041  1348  1363 D ConnectivityService: requestNetwork for uid/pid:10141/1688 asUid: 10233 activeRequest: null callbackRequest: 372 [NetworkRequest [ REQUEST id=373, [ Capabilities: INTERNET&NOT_RESTRICTED&TRUSTED&NOT_VCN_MANAGED Uid: 10233 RequestorUid: 10141 RequestorPkg: com.android.systemui UnderlyingNetworks: Null] ]] callback flags: 0 order: 2147483647
05-21 21:12:43.041  1688  1720 V WindowManagerShell: loadAnimation: anim=android.view.animation.AnimationSet@c21f2ed animAttr=0x5 type=OPEN isEntrance=false
05-21 21:12:43.042  1348  1596 D WifiNetworkFactory: got request NetworkRequest [ REQUEST id=373, [ Capabilities: INTERNET&NOT_RESTRICTED&TRUSTED&NOT_VCN_MANAGED Uid: 10233 RequestorUid: 10141 RequestorPkg: com.android.systemui UnderlyingNetworks: Null] ]
05-21 21:12:43.042  1348  1596 D UntrustedWifiNetworkFactory: got request NetworkRequest [ REQUEST id=373, [ Capabilities: INTERNET&NOT_RESTRICTED&TRUSTED&NOT_VCN_MANAGED Uid: 10233 RequestorUid: 10141 RequestorPkg: com.android.systemui UnderlyingNetworks: Null] ]
05-21 21:12:43.042  1348  1605 D ConnectivityService: NetReassign [373 : null → 100] [c 0] [a 0] [i 1]
05-21 21:12:43.042  1348  1596 D OemPaidWifiNetworkFactory: got request NetworkRequest [ REQUEST id=373, [ Capabilities: INTERNET&NOT_RESTRICTED&TRUSTED&NOT_VCN_MANAGED Uid: 10233 RequestorUid: 10141 RequestorPkg: com.android.systemui UnderlyingNetworks: Null] ]
05-21 21:12:43.042  1348  1596 D MultiInternetWifiNetworkFactory: got request NetworkRequest [ REQUEST id=373, [ Capabilities: INTERNET&NOT_RESTRICTED&TRUSTED&NOT_VCN_MANAGED Uid: 10233 RequestorUid: 10141 RequestorPkg: com.android.systemui UnderlyingNetworks: Null] ]
05-21 21:12:43.043  1041  1041 I ion_system_heap_allocate,tid: 1041 , size:   61440, time:         10us, pool:61440, bud: 0, ord 8:0, 4:0, 0:0
05-21 21:12:43.049  1041  1041 I ion_system_heap_allocate,tid: 1041 , size:  688128, time:         13us, pool:688128, bud: 0, ord 8:0, 4:0, 0:0
05-21 21:12:43.053  1688  1720 V WindowManagerShell: loadAnimation: anim=android.view.animation.AnimationSet@3b7d0e9 animAttr=0x4 type=OPEN isEntrance=true
05-21 21:12:43.066  7091  7091 D AppCompatDelegate: Checking for metadata for AppLocalesMetadataHolderService : Service not found
05-21 21:12:43.071  1041  1041 I ion_system_heap_allocate,tid: 1041 , size:   61440, time:          9us, pool:61440, bud: 0, ord 8:0, 4:0, 0:0
05-21 21:12:43.077  1041  1041 I ion_system_heap_allocate,tid: 1041 , size:  688128, time:         11us, pool:688128, bud: 0, ord 8:0, 4:0, 0:0
05-21 21:12:43.081  1688  1720 V WindowManagerShell:  animated by com.android.wm.shell.transition.DefaultTransitionHandler@8839d55
05-21 21:12:43.081  1688  1720 W Looper  : Slow dispatch took 47ms wmshell.main h=android.os.Handler c=com.android.wm.shell.transition.Transitions$TransitionPlayerImpl$$ExternalSyntheticLambda0@72af89c m=0
05-21 21:12:43.100  7091  7091 D CompatibilityChangeReporter: Compat change id reported: 279646685; UID 10233; state: DISABLED
05-21 21:12:43.120  1042  1042 D SPRDHWComposer: HWC Range:1, HWC_Transfer:4
05-21 21:12:43.120  7091  7091 D CompatibilityChangeReporter: Compat change id reported: 210923482; UID 10233; state: ENABLED
05-21 21:12:43.120  7091  7091 D CompatibilityChangeReporter: Compat change id reported: 63938206; UID 10233; state: DISABLED
05-21 21:12:43.152  7091  7091 W m.launcher:game: Accessing hidden method Landroid/view/ViewGroup;->makeOptionalFitsSystemWindows()V (unsupported, reflection, allowed)
05-21 21:12:43.164  7091  7091 D CompatibilityChangeReporter: Compat change id reported: 237531167; UID 10233; state: DISABLED
05-21 21:12:43.166  7091  7091 W HWUI    : Unknown dataspace 0
05-21 21:12:43.170  1042  1042 D SPRDHWComposer: HWC Range:1, HWC_Transfer:4
05-21 21:12:43.170  1042  1042 D SPRDHWComposer: HWC Range:1, HWC_Transfer:4
05-21 21:12:43.191  1348 14427 D CoreBackPreview: Window{281c080 u0 com.skarm.launcher/com.skarm.launcher.GameActivity}: Setting back callback OnBackInvokedCallbackInfo{mCallback=android.window.IOnBackInvokedCallback$Stub$Proxy@49f425f, mPriority=0, mIsAnimationCallback=false}
05-21 21:12:43.192     0     0 E         : c1 [    C1] [drm][             dpu_isr] dpu afbc header error
05-21 21:12:43.205  7091  7091 D nativeloader: Load /data/app/~~uwBvs7FgsvzaOJolsRj-tw==/com.skarm.launcher-tA0jJaa79OwsYFfTbv8-2g==/lib/arm64/libgl4es.so using ns clns-6 from class loader (caller=<unknown>): ok
05-21 21:12:43.205  7091  7091 D nativeloader: Load /data/app/~~uwBvs7FgsvzaOJolsRj-tw==/com.skarm.launcher-tA0jJaa79OwsYFfTbv8-2g==/lib/arm64/libsklauncher.so using ns clns-6 from class loader (caller=<unknown>): ok
05-21 21:12:43.206  7091  7091 I sklauncher: onSurfaceCreated (window stashed)
05-21 21:12:43.206  7091  7091 I sklauncher: onSurfaceChanged 1280x960
05-21 21:12:43.208     0     0 E         : c1 [    C1] [drm][             dpu_isr] dpu afbc payload error
05-21 21:12:43.208     0     0 E         : c1 [    C1] [drm][             dpu_isr] dpu afbc header error
05-21 21:12:43.210  7091  7091 I sklauncher: EGL 1.4 initialized (vendor=Android)
05-21 21:12:43.225     0     0 E         : c1 [    C1] [drm][             dpu_isr] dpu afbc header error
05-21 21:12:43.243  7091  7091 I sklauncher: startJvm requested
05-21 21:12:43.243  7091  7091 I sklauncher:   jreHome   = /data/user/0/com.skarm.launcher/files/jre25
05-21 21:12:43.243  7091  7091 I sklauncher:   classpath = /data/user/0/com.skarm.launcher/files/sk/code/sk-bootstrap.jar:/data/user/0/com.skarm.launcher/files/sk/code/getdown-pro.jar:/data/user/0/com.skarm.launcher/files/lwjgl/jars/lwjgl-freetype.jar:/data/user/0/com.skarm.launcher/files/lwjgl/jars/lwjgl-glfw.jar:/data/user/0/com.skarm.launcher/files/lwjgl/jars/lwjgl-lwjglx.jar:/data/user/0/com.skarm.launcher/files/lwjgl/jars/lwjgl-nanovg.jar:/data/user/0/com.skarm.launcher/files/lwjgl/jars/lwjgl-openal.jar:/data/user/0/com.skarm.launcher/files/lwjgl/jars/lwjgl-opengl.jar:/data/user/0/com.skarm.launcher/files/lwjgl/jars/lwjgl-sdl.jar:/data/user/0/com.skarm.launcher/files/lwjgl/jars/lwjgl-shaderc.jar:/data/user/0/com.skarm.launcher/files/lwjgl/jars/lwjgl-spng.jar:/data/user/0/com.skarm.launcher/files/lwjgl/jars/lwjgl-spvc.jar:/data/user/0/com.skarm.launcher/files/lwjgl/jars/lwjgl-stb.jar:/data/user/0/com.skarm.launcher/files/lwjgl/jars/lwjgl-tinyfd.jar:/data/user/0/com.skarm.launcher/files/lwjgl/jars/lwjgl-vma.jar:/data/user/0/com.skarm.launcher/files/
05-21 21:12:43.243  7091  7091 I sklauncher:   libPath   = /data/user/0/com.skarm.launcher/files/jre25/lib:/data/user/0/com.skarm.launcher/files/lwjgl/lib
05-21 21:12:43.243  7091  7091 I sklauncher:   appFiles  = /data/user/0/com.skarm.launcher/files
05-21 21:12:43.244  7091  7124 I sklauncher: stdout/stderr redirected to sk-stdout / sk-stderr tags
05-21 21:12:43.244  7091  7124 I sklauncher: JVM thread: home=/data/user/0/com.skarm.launcher/files/jre25 tid=518547720048
05-21 21:12:43.252   413   413 I servicemanager: Could not find android.hardware.graphics.allocator.IAllocator/default in the VINTF manifest. No alternative instances declared in VINTF.
05-21 21:12:43.255   413   413 I servicemanager: Could not find android.hardware.graphics.allocator.IAllocator/default in the VINTF manifest. No alternative instances declared in VINTF.
05-21 21:12:43.256  1041  1041 I ion_system_heap_allocate,tid: 1041 , size: 4993024, time:         13us, pool:4993024, bud: 0, ord 8:0, 4:0, 0:0
05-21 21:12:43.275  7091  7124 I sklauncher: preload /data/user/0/com.skarm.launcher/files/jre25/lib: 33/33
05-21 21:12:43.275     0     0 E         : c1 [    C1] [drm][             dpu_isr] dpu afbc header error
05-21 21:12:43.280  7091  7124 I sklauncher: preload /data/user/0/com.skarm.launcher/files/lwjgl/lib: 9/9
05-21 21:12:43.280  7091  7124 I sklauncher: preload /data/user/0/com.skarm.launcher/files/jre25/lib/server: 2/2
05-21 21:12:43.280  7091  7124 I sklauncher: JVM thread: JNI_CreateJavaVM ...
05-21 21:12:43.290  1041  1041 I ion_system_heap_allocate,tid: 1041 , size: 4993024, time:         14us, pool:4993024, bud: 0, ord 8:0, 4:0, 0:0
05-21 21:12:43.291  1348  1366 W ziparchive: Unable to open '/data/app/~~uwBvs7FgsvzaOJolsRj-tw==/com.skarm.launcher-tA0jJaa79OwsYFfTbv8-2g==/base.dm': No such file or directory
05-21 21:12:43.292  1348  1366 I ActivityTaskManager: Displayed com.skarm.launcher/.GameActivity for user 0: +502ms
05-21 21:12:43.294  1083  1083 D PowerHAL: ###Exit launch scene bgn###
05-21 21:12:43.294  1083  1083 D PowerHAL: Enter common_set: enable:0, duration: 0, /sys/devices/system/cpu/cpufreq/policy0/scaling_min_freq: 2184000
05-21 21:12:43.294  1083  1083 D PowerHAL: Enter set_cluster_freqs_max_min: 
05-21 21:12:43.294  1083  1083 D PowerHAL: Enter common_clear: 
05-21 21:12:43.294  1083  1083 D PowerHAL: Enter common_set: enable:0, duration: 0, /sys/devices/system/cpu/cpufreq/policy0/scaling_max_freq: 2184000
05-21 21:12:43.294  1083  1083 D PowerHAL: Enter set_cluster_freqs_max_min: 
05-21 21:12:43.294  1083  1083 D PowerHAL: Enter common_clear: 
05-21 21:12:43.294  1083  1083 D PowerHAL: Enter common_set: enable:0, duration: 0, /sys/devices/system/cpu/cpufreq/policy4/scaling_min_freq: 2301000
05-21 21:12:43.294  1083  1083 D PowerHAL: Enter set_cluster_freqs_max_min: 
05-21 21:12:43.294  1083  1083 D PowerHAL: Enter common_clear: 
05-21 21:12:43.294  1083  1083 D PowerHAL: Enter common_set: enable:0, duration: 0, /sys/devices/system/cpu/cpufreq/policy4/scaling_max_freq: 2301000
05-21 21:12:43.294  1083  1083 D PowerHAL: Enter set_cluster_freqs_max_min: 
05-21 21:12:43.294  1083  1083 D PowerHAL: Enter common_clear: 
05-21 21:12:43.294  1083  1083 D PowerHAL: Enter common_set: enable:0, duration: 0, /sys/devices/system/cpu/cpufreq/policy7/scaling_min_freq: 2704000
05-21 21:12:43.294  1083  1083 D PowerHAL: Enter set_cluster_freqs_max_min: 
05-21 21:12:43.294  1083  1083 D PowerHAL: Enter common_clear: 
05-21 21:12:43.294  1083  1083 D PowerHAL: Enter common_set: enable:0, duration: 0, /sys/devices/system/cpu/cpufreq/policy7/scaling_max_freq: 2704000
05-21 21:12:43.294  1083  1083 D PowerHAL: Enter set_cluster_freqs_max_min: 
05-21 21:12:43.294  1083  1083 D PowerHAL: Enter common_clear: 
05-21 21:12:43.294  1083  1083 D PowerHAL: Enter devfreq_ddr_set: enable:0, duration: 0, /sys/class/devfreq/scene-frequency/sprd-governor/scene_boost_dfs: max
05-21 21:12:43.292     0     0 E         : c1 [    C1] [drm][             dpu_isr] dpu afbc header error
05-21 21:12:43.295  1083  1083 D PowerHAL: ###Exit launch scene end###
05-21 21:12:43.297  4491  4491 I WCN BASE: WCN_VER:Platform Version:MARLIN3_20A_RLS2_W24.17.7~Project Version:sc2355_marlin3_lite_abX~04-28-2024 15:46:55~
05-21 21:12:43.297  4491  4491 I WCN BASE: tx:at+loopcheck=36315101,17218
05-21 21:12:43.305  4491  4491 I         : WCN BASEavdd18_dcxo 1v8 have enable
05-21 21:12:43.305  4491  4491 I WCN SLP_MGR: cnt-0, subsys-2
05-21 21:12:43.308     0     0 E         : c1 [    C1] [drm][             dpu_isr] dpu afbc payload error
05-21 21:12:43.308     0     0 E         : c1 [    C1] [drm][             dpu_isr] dpu afbc header error
05-21 21:12:43.308  4491  4491 I WCN BASE: mdbg_tx_cb, chn:0
05-21 21:12:43.308     0     0 I         : c0 [    C0] WCN BOOT: : irq_cnt50762!!
05-21 21:12:43.309   332   332 I WCN BOOT: : PUB_INT_STS0-0x4
05-21 21:12:43.309   332   332 I WCN SLP_MGR: allow sleep
05-21 21:12:43.309   331   331 I WCN BASE: : rx:loopcheck_ack:ap_send=36315101,cp2_bootup=17218,cp2_send=36317289
05-21 21:12:43.309     0     0 I         : c0 [    C0] WCN BOOT: : irq_cnt50763!!
05-21 21:12:43.309   332   332 I WCN BOOT: : PUB_INT_STS0-0x4
05-21 21:12:43.309   332   332 I WCN SLP_MGR: allow sleep
05-21 21:12:43.316  1041  1041 I ion_system_heap_allocate,tid: 1041 , size: 4993024, time:         15us, pool:4993024, bud: 0, ord 8:0, 4:0, 0:0
05-21 21:12:43.322  1042  1042 D SPRDHWComposer: HWC Range:1, HWC_Transfer:4
05-21 21:12:43.322  1042  1042 D SPRDHWComposer: HWC Range:1, HWC_Transfer:4
05-21 21:12:43.321  1041  1041 I ion_system_heap_allocate,tid: 1041 , size: 4993024, time:         16us, pool:4993024, bud: 0, ord 8:0, 4:0, 0:0
05-21 21:12:43.329  1348  1363 D CompatibilityChangeReporter: Compat change id reported: 214016041; UID 10233; state: ENABLED
05-21 21:12:43.329  1348  1363 I ImeTracker: com.skarm.launcher:e17be944: onRequestHide at ORIGIN_SERVER reason HIDE_UNSPECIFIED_WINDOW fromUser false
05-21 21:12:43.329  1348  1363 I ImeTracker: com.skarm.launcher:e17be944: onCancelled at PHASE_SERVER_SHOULD_HIDE
05-21 21:12:43.337  1042  1042 D SPRDHWComposer: HWC Range:1, HWC_Transfer:4
05-21 21:12:43.337  1042  1042 D SPRDHWComposer: HWC Range:1, HWC_Transfer:4
05-21 21:12:43.459  7091  7124 I sklauncher: JVM thread: JNI_CreateJavaVM OK
05-21 21:12:43.493  7091  7124 I sklauncher: RegisterNatives on SkBootstrap OK
05-21 21:12:43.493  7091  7124 I sklauncher: JVM: java.version = 25.0.3-internal
05-21 21:12:43.493  7091  7124 I sklauncher: JVM: java.vm.name = OpenJDK 64-Bit Server VM
05-21 21:12:43.493  7091  7124 I sklauncher: JVM: java.home = /data/user/0/com.skarm.launcher/files/jre25
05-21 21:12:43.493  7091  7124 I sklauncher: JVM: os.arch = aarch64
05-21 21:12:43.514  7091  7124 I sklauncher: LWJGL: 3.4.1-snapshot+SNAPSHOT
05-21 21:12:43.514  7091  7124 I sklauncher: invoking SkBootstrap.main(/data/user/0/com.skarm.launcher/files/sk)
05-21 21:12:43.534  7091  7125 I sk-stdout: [SkBootstrap] appdir = /data/user/0/com.skarm.launcher/files/sk
05-21 21:12:43.534  7091  7125 I sk-stdout: [SkBootstrap] sk args = []
05-21 21:12:43.555  1688  1720 V WindowManagerShell: Transition animation finished (aborted=false), notifying core (#231) android.os.BinderProxy@18ef07d@0
05-21 21:12:43.558  1348  1366 V WindowManager: Finish Transition (#231): created at 05-21 21:12:42.796 collect-started=0.09ms request-sent=9.111ms started=14.822ms ready=234.654ms sent=237.396ms finished=761.71ms
05-21 21:12:43.558  1348 11084 V WindowManager: Loading animations: layout params pkg=com.skarm.launcher resId=0x1030308
05-21 21:12:43.558  1348 11084 V WindowManager: Loading animations: picked package=android
05-21 21:12:43.560  1688  1720 V WindowManagerShell: Track 0 became idle
05-21 21:12:43.560  1688  1720 V WindowManagerShell: All active transition animations finished
05-21 21:12:43.561  7024  7024 D VRI[LauncherActivity]: visibilityChanged oldVisibility=true newVisibility=false
05-21 21:12:43.563  1348 11084 W UserManagerService: Requested status bar icon for non-badged user 0
05-21 21:12:43.566  1348 11084 W UserManagerService: Requested status bar icon for non-badged user 0
05-21 21:12:43.581  1688  1731 W WindowOnBackDispatcher: sendCancelIfRunning: isInProgress=falsecallback=android.view.ViewRootImpl$$ExternalSyntheticLambda11@dfa0cbe
05-21 21:12:43.584  1348 11084 D CoreBackPreview: Window{1f61877 u0 Splash Screen com.skarm.launcher EXITING}: Setting back callback null
05-21 21:12:43.585  1348 14427 W InputManager-JNI: Input channel object '1f61877 Splash Screen com.skarm.launcher (client)' was disposed without first being removed with the input manager!
05-21 21:12:43.630  1688  1731 W FrameTracker: Missing HWUI jank callback for vsyncId: 2216624, CUJ=J<SPLASHSCREEN_EXIT_ANIM>
05-21 21:12:43.630  1688  1731 W FrameTracker: Missing SF jank callback for vsyncId: 2216646, CUJ=J<SPLASHSCREEN_EXIT_ANIM>
05-21 21:12:43.780  7091  7126 E sk-stderr: 2026/05/22 02:12:43:775 INFO Running in headless JVM, will attempt to operate without UI.
05-21 21:12:43.796  7091  7125 I sk-stdout: [SkBootstrap] Getdown.run() spawned
05-21 21:12:43.797  7091  7125 I sk-stdout: [SkBootstrap] awaiting getdown completion (15 min timeout)…
05-21 21:12:43.798  7091  7126 E sk-stderr: 2026/05/22 02:12:43:798 INFO Getdown starting [version=1.8.10, built=2026-05-12 12:50]
05-21 21:12:43.798  7091  7126 E sk-stderr: 2026/05/22 02:12:43:798 INFO Checking whether we need to use a proxy...
05-21 21:12:43.848  7091  7126 E sk-stderr: 2026/05/22 02:12:43:847 INFO Attempting to fetch without proxy: http://gamemedia2.spiralknights.com/spiral/20260521123046/getdown.txt
05-21 21:12:43.850  7091  7126 E sk-stderr: 2026/05/22 02:12:43:849 INFO Dropping status 'm.detecting_proxy'.
05-21 21:12:43.860  1046  1046 I HealthLoop: WakeAlarmEvent
05-21 21:12:43.863  1046  1046 I aw32257-charger 6-006a: level:977
05-21 21:12:43.865  1046  1046 W healthd : battery l=100 v=4189 t=31.1 h=2 st=2 c=-370000 fc=5000000 cc=3230 chg=u
05-21 21:12:43.870  1222  7153 I resolv  : GetAddrInfoHandler::run: {100 100 100 983140 10233 0}
05-21 21:12:43.869  1046  1046 I aw32257-charger 6-006a: level:977
05-21 21:12:43.871  1222  7154 I resolv  : res_nmkquery: (QUERY, IN, AAAA)
05-21 21:12:43.871  1222  7155 I resolv  : res_nmkquery: (QUERY, IN, A)
05-21 21:12:43.871  1222  7154 I resolv  : resolv_cache_lookup: FOUND IN CACHE entry=0xb400006d3fae6f10
05-21 21:12:43.871  1222  7154 I resolv  : doQuery: rcode=0, ancount=0, return value=156
05-21 21:12:43.871  1222  7155 I resolv  : resolv_cache_lookup: FOUND IN CACHE entry=0xb400006d3fae77d0
05-21 21:12:43.871  1222  7155 I resolv  : doQuery: rcode=0, ancount=4, return value=133
05-21 21:12:43.872  1222  7156 I resolv  : res_nmkquery: (QUERY, IN, AAAA)
05-21 21:12:43.872  1222  7156 I resolv  : resolv_cache_lookup: FOUND IN CACHE entry=0xb400006d3fae6f10
05-21 21:12:43.872  1222  7156 I resolv  : doQuery: rcode=0, ancount=0, return value=156
05-21 21:12:43.872  1222  7157 I resolv  : res_nmkquery: (QUERY, IN, A)
05-21 21:12:43.872  1222  7157 I resolv  : resolv_cache_lookup: FOUND IN CACHE entry=0xb400006d3fae77d0
05-21 21:12:43.872  1222  7157 I resolv  : doQuery: rcode=0, ancount=4, return value=133
05-21 21:12:43.874  1688  3250 D PowerUI : can't show warning due to - plugged: true status unknown: false
05-21 21:12:43.885   641   641 W         : sc2355, tx_work_queue, fw_awake = 0
05-21 21:12:43.894   330   330 I         : WCN BASEavdd18_dcxo 1v8 have enable
05-21 21:12:43.894   330   330 I WCN SLP_MGR: cnt-0, subsys-0
05-21 21:12:43.897     0     0 I         : c0 [    C0] WCN BOOT: : irq_cnt50764!!
05-21 21:12:43.898   332   332 I WCN BOOT: : PUB_INT_STS0-0x4
05-21 21:12:43.898   332   332 I WCN SLP_MGR: allow sleep
05-21 21:12:44.001  7091  7126 E sk-stderr: 2026/05/22 02:12:44:000 INFO No proxy appears to be needed.
05-21 21:12:44.005  7091  7126 E sk-stderr: 2026/05/22 02:12:44:005 INFO Able to lock for updates: true
05-21 21:12:44.006  7091  7126 E sk-stderr: 2026/05/22 02:12:44:006 INFO Verifying application: http://gamemedia2.spiralknights.com/spiral/20260521123046/
05-21 21:12:44.006  7091  7126 E sk-stderr: 2026/05/22 02:12:44:006 INFO Dropping status 'm.validating'.
05-21 21:12:44.009  7091  7126 E sk-stderr: 2026/05/22 02:12:44:009 INFO Version: 20260521123046
05-21 21:12:44.009  7091  7126 E sk-stderr: 2026/05/22 02:12:44:009 INFO Class: com.threerings.projectx.client.ProjectXApp
05-21 21:12:44.011  7091  7126 E sk-stderr: 2026/05/22 02:12:44:011 INFO Failed to load digest: /data/user/0/com.skarm.launcher/files/sk/digest2.txt (No such file or directory). Attempting recovery...
05-21 21:12:44.011  7091  7126 E sk-stderr: 2026/05/22 02:12:44:011 INFO Dropping status 'm.updating_metadata'.
05-21 21:12:44.012  7091  7126 E sk-stderr: 2026/05/22 02:12:44:011 INFO Attempting to refetch 'digest.txt' from 'http://gamemedia2.spiralknights.com/spiral/20260521123046/digest.txt'.
05-21 21:12:44.064  7091  7126 E sk-stderr: 2026/05/22 02:12:44:064 INFO No signing certs, not verifying digest.txt [path=digest.txt]
05-21 21:12:44.064  7091  7126 E sk-stderr: 2026/05/22 02:12:44:064 INFO Attempting to refetch 'digest2.txt' from 'http://gamemedia2.spiralknights.com/spiral/20260521123046/digest2.txt'.
05-21 21:12:44.115  7091  7126 E sk-stderr: 2026/05/22 02:12:44:115 INFO No signing certs, not verifying digest.txt [path=digest2.txt]
05-21 21:12:44.140  7091  7126 E sk-stderr: 2026/05/22 02:12:44:140 INFO Unable to read version file: /data/user/0/com.skarm.launcher/files/sk/version.txt
05-21 21:12:44.244  7091  7126 E sk-stderr: 2026/05/22 02:12:44:244 INFO Dropping status 'm.validating'.
05-21 21:12:44.252  7091  7126 E sk-stderr: 2026/05/22 02:12:44:251 INFO Resource failed digest check [rsrc=code/projectx-config.jar, error=java.nio.file.NoSuchFileException: /data/user/0/com.skarm.launcher/files/sk/code/projectx-config.jar]
05-21 21:12:44.252  7091  7126 E sk-stderr: 2026/05/22 02:12:44:251 INFO Resource failed digest check [rsrc=code/config.jar, error=java.nio.file.NoSuchFileException: /data/user/0/com.skarm.launcher/files/sk/code/config.jar]
05-21 21:12:44.252  7091  7126 E sk-stderr: 2026/05/22 02:12:44:251 INFO Resource failed digest check [rsrc=code/projectx-pcode.jar, error=java.nio.file.NoSuchFileException: /data/user/0/com.skarm.launcher/files/sk/code/projectx-pcode.jar]
05-21 21:12:44.253  7091  7126 E sk-stderr: 2026/05/22 02:12:44:253 INFO Resource failed digest check [rsrc=code/lwjgl.jar, error=java.nio.file.NoSuchFileException: /data/user/0/com.skarm.launcher/files/sk/code/lwjgl.jar]
05-21 21:12:44.253  7091  7126 E sk-stderr: 2026/05/22 02:12:44:253 INFO Resource failed digest check [rsrc=code/lwjgl-opengl.jar, error=java.nio.file.NoSuchFileException: /data/user/0/com.skarm.launcher/files/sk/code/lwjgl-opengl.jar]
05-21 21:12:44.254  7091  7126 E sk-stderr: 2026/05/22 02:12:44:254 INFO Resource failed digest check [rsrc=code/lwjgl-openal.jar, error=java.nio.file.NoSuchFileException: /data/user/0/com.skarm.launcher/files/sk/code/lwjgl-openal.jar]
05-21 21:12:44.254  7091  7126 E sk-stderr: 2026/05/22 02:12:44:254 INFO Resource failed digest check [rsrc=code/lwjgl-glfw.jar, error=java.nio.file.NoSuchFileException: /data/user/0/com.skarm.launcher/files/sk/code/lwjgl-glfw.jar]
05-21 21:12:44.254  7091  7126 E sk-stderr: 2026/05/22 02:12:44:254 INFO Resource failed digest check [rsrc=code/lwjgl-jawt.jar, error=java.nio.file.NoSuchFileException: /data/user/0/com.skarm.launcher/files/sk/code/lwjgl-jawt.jar]
05-21 21:12:44.254  7091  7126 E sk-stderr: 2026/05/22 02:12:44:254 INFO Resource failed digest check [rsrc=code/lwjgl-natives-linux.jar, error=java.nio.file.NoSuchFileException: /data/user/0/com.skarm.launcher/files/sk/code/lwjgl-natives-linux.jar]
05-21 21:12:44.254  7091  7126 E sk-stderr: 2026/05/22 02:12:44:254 INFO Resource failed digest check [rsrc=code/lwjgl-opengl-natives-linux.jar, error=java.nio.file.NoSuchFileException: /data/user/0/com.skarm.launcher/files/sk/code/lwjgl-opengl-natives-linux.jar]
05-21 21:12:44.254  7091  7126 E sk-stderr: 2026/05/22 02:12:44:254 INFO Resource failed digest check [rsrc=code/lwjgl-openal-natives-linux.jar, error=java.nio.file.NoSuchFileException: /data/user/0/com.skarm.launcher/files/sk/code/lwjgl-openal-natives-linux.jar]
05-21 21:12:44.255  7091  7126 E sk-stderr: 2026/05/22 02:12:44:254 INFO Resource failed digest check [rsrc=code/lwjgl-glfw-natives-linux.jar, error=java.nio.file.NoSuchFileException: /data/user/0/com.skarm.launcher/files/sk/code/lwjgl-glfw-natives-linux.jar]
05-21 21:12:44.255  7091  7126 E sk-stderr: 2026/05/22 02:12:44:254 INFO Resource failed digest check [rsrc=code/commons-beanutils.jar, error=java.nio.file.NoSuchFileException: /data/user/0/com.skarm.launcher/files/sk/code/commons-beanutils.jar]
05-21 21:12:44.255  7091  7126 E sk-stderr: 2026/05/22 02:12:44:255 INFO Resource failed digest check [rsrc=code/commons-logging.jar, error=java.nio.file.NoSuchFileException: /data/user/0/com.skarm.launcher/files/sk/code/commons-logging.jar]
05-21 21:12:44.255  7091  7126 E sk-stderr: 2026/05/22 02:12:44:255 INFO Resource failed digest check [rsrc=code/commons-digester.jar, error=java.nio.file.NoSuchFileException: /data/user/0/com.skarm.launcher/files/sk/code/commons-digester.jar]
05-21 21:12:44.255  7091  7126 E sk-stderr: 2026/05/22 02:12:44:255 INFO Resource failed digest check [rsrc=code/getdown-pro-new.jar, error=java.nio.file.NoSuchFileException: /data/user/0/com.skarm.launcher/files/sk/code/getdown-pro-new.jar]
05-21 21:12:44.255  7091  7126 E sk-stderr: 2026/05/22 02:12:44:255 INFO Resource failed digest check [rsrc=native/libsteam_api.so, error=java.io.FileNotFoundException: /data/user/0/com.skarm.launcher/files/sk/native/libsteam_api.so (No such file or directory)]
05-21 21:12:44.256  7091  7126 E sk-stderr: 2026/05/22 02:12:44:255 INFO Resource failed digest check [rsrc=code/lwjgl3-awt.jar, error=java.nio.file.NoSuchFileException: /data/user/0/com.skarm.launcher/files/sk/code/lwjgl3-awt.jar]
05-21 21:12:44.256  7091  7126 E sk-stderr: 2026/05/22 02:12:44:255 INFO Resource failed digest check [rsrc=icon_128.png, error=java.io.FileNotFoundException: /data/user/0/com.skarm.launcher/files/sk/icon_128.png (No such file or directory)]
05-21 21:12:44.256  7091  7126 E sk-stderr: 2026/05/22 02:12:44:256 INFO Resource failed digest check [rsrc=icon_32.png, error=java.io.FileNotFoundException: /data/user/0/com.skarm.launcher/files/sk/icon_32.png (No such file or directory)]
05-21 21:12:44.256  7091  7126 E sk-stderr: 2026/05/22 02:12:44:256 INFO Resource failed digest check [rsrc=native/libkeybd.so, error=java.io.FileNotFoundException: /data/user/0/com.skarm.launcher/files/sk/native/libkeybd.so (No such file or directory)]
05-21 21:12:44.256  7091  7126 E sk-stderr: 2026/05/22 02:12:44:256 INFO Resource failed digest check [rsrc=icon_16.png, error=java.io.FileNotFoundException: /data/user/0/com.skarm.launcher/files/sk/icon_16.png (No such file or directory)]
05-21 21:12:44.256  7091  7126 E sk-stderr: 2026/05/22 02:12:44:256 INFO Resource failed digest check [rsrc=crucible.jar, error=java.nio.file.NoSuchFileException: /data/user/0/com.skarm.launcher/files/sk/crucible.jar]
05-21 21:12:44.257  7091  7126 E sk-stderr: 2026/05/22 02:12:44:256 INFO Resource failed digest check [rsrc=rsrc/intro-bundle.jar, error=java.nio.file.NoSuchFileException: /data/user/0/com.skarm.launcher/files/sk/rsrc/intro-bundle.jar]
05-21 21:12:44.257  7091  7126 E sk-stderr: 2026/05/22 02:12:44:256 INFO Resource failed digest check [rsrc=background.png, error=java.io.FileNotFoundException: /data/user/0/com.skarm.launcher/files/sk/background.png (No such file or directory)]
05-21 21:12:44.257  7091  7126 E sk-stderr: 2026/05/22 02:12:44:257 INFO Resource failed digest check [rsrc=progress.png, error=java.io.FileNotFoundException: /data/user/0/com.skarm.launcher/files/sk/progress.png (No such file or directory)]
05-21 21:12:44.258  7091  7126 E sk-stderr: 2026/05/22 02:12:44:257 INFO Verified resources [count=26, alreadyValid=0, size=0k, duration=10ms]
05-21 21:12:44.263  7091  7126 E sk-stderr: 2026/05/22 02:12:44:263 INFO 26 of 26 rsrcs require update (0 assumed valid).
05-21 21:12:44.264  7091  7126 E sk-stderr: 2026/05/22 02:12:44:264 INFO Dropping status 'm.resolving'.
05-21 21:12:44.587  1058  1058 I ieee80211 phy0: channel num 1
05-21 21:12:44.589  1179  1179 I wlan0   : sprd_cfg80211_get_station signal -44 noise=0, txlegacy 0 txmcs:8 txflags:0x:4a, rxlegacy 0 rxmcs:7 rxflags:0x:4a
05-21 21:12:45.350     1     1 I init    : processing action (persist.gammaos.fan_mode=auto && persist.gammaos.fan_mode_auto=off) from (/vendor/etc/init/init.gammaos_fan.rc:44)
05-21 21:12:45.351     1     1 E init    : File /vendor/bin/setfan_off.sh (labeled "u:object_r:vendor_file:s0") has incorrect label or no domain transition from u:r:init:s0 to another SELinux domain defined. Have you configured your service correctly? https://source.android.com/security/selinux/device-policy#label_new_services_and_address_denials
05-21 21:12:45.351     1     1 I init    : starting service 'setfan_off'...
05-21 21:12:45.359     1     1 I init    : ... started service 'setfan_off' has pid 7170
05-21 21:12:45.366     1     1 I init    : Service 'setfan_off' (pid 7170) exited with status 0 oneshot service took 0.010000 seconds in background
05-21 21:12:45.366     1     1 I init    : Sending signal 9 to service 'setfan_off' (pid 7170) process group...
05-21 21:12:45.366     1     1 I libprocessgroup: Removed cgroup /sys/fs/cgroup/uid_0/pid_7170
05-21 21:12:45.566  7091  7126 E sk-stderr: 2026/05/22 02:12:45:566 INFO Downloading 26 resources [totalBytes=122382882, maxConcurrent=7]
05-21 21:12:45.623  7091  7126 E sk-stderr: 2026/05/22 02:12:45:622 INFO Downloading resource [url=http://gamemedia2.spiralknights.com/spiral/20260521123046/icon_128.png, size=23200]
05-21 21:12:45.625  7091  7126 E sk-stderr: 2026/05/22 02:12:45:624 INFO Dropping status 'm.downloading'.
05-21 21:12:45.666  7091  7126 E sk-stderr: 2026/05/22 02:12:45:666 INFO Downloading resource [url=http://gamemedia2.spiralknights.com/spiral/20260521123046/code/lwjgl-natives-linux.jar, size=127853]
05-21 21:12:45.674  7091  7126 E sk-stderr: 2026/05/22 02:12:45:674 INFO Downloading resource [url=http://gamemedia2.spiralknights.com/spiral/20260521123046/code/lwjgl-glfw.jar, size=151893]
05-21 21:12:45.675  7091  7126 E sk-stderr: 2026/05/22 02:12:45:675 INFO Downloading resource [url=http://gamemedia2.spiralknights.com/spiral/20260521123046/icon_32.png, size=2616]
05-21 21:12:45.681  7091  7126 E sk-stderr: 2026/05/22 02:12:45:681 INFO Downloading resource [url=http://gamemedia2.spiralknights.com/spiral/20260521123046/code/lwjgl-openal-natives-linux.jar, size=976446]
05-21 21:12:45.681  7091  7126 E sk-stderr: 2026/05/22 02:12:45:681 INFO Downloading resource [url=http://gamemedia2.spiralknights.com/spiral/20260521123046/code/getdown-pro-new.jar, size=208620]
05-21 21:12:45.683  7091  7126 E sk-stderr: 2026/05/22 02:12:45:683 INFO Downloading resource [url=http://gamemedia2.spiralknights.com/spiral/20260521123046/code/lwjgl-glfw-natives-linux.jar, size=139793]
05-21 21:12:45.684  7091  7126 E sk-stderr: 2026/05/22 02:12:45:684 INFO Downloading resource [url=http://gamemedia2.spiralknights.com/spiral/20260521123046/code/lwjgl-jawt.jar, size=24490]
05-21 21:12:45.727  7091  7126 E sk-stderr: 2026/05/22 02:12:45:726 INFO Downloading resource [url=http://gamemedia2.spiralknights.com/spiral/20260521123046/rsrc/intro-bundle.jar, size=106109122]
05-21 21:12:45.752  7091  7126 E sk-stderr: 2026/05/22 02:12:45:752 INFO Downloading resource [url=http://gamemedia2.spiralknights.com/spiral/20260521123046/code/config.jar, size=2009]
05-21 21:12:45.805  7091  7126 E sk-stderr: 2026/05/22 02:12:45:805 INFO Downloading resource [url=http://gamemedia2.spiralknights.com/spiral/20260521123046/code/lwjgl3-awt.jar, size=62066]
05-21 21:12:45.806  1348  2169 E TaskPersister: File error accessing recents directory (directory doesn't exist?).
05-21 21:12:45.819  7091  7126 E sk-stderr: 2026/05/22 02:12:45:819 INFO Downloading resource [url=http://gamemedia2.spiralknights.com/spiral/20260521123046/icon_16.png, size=869]
05-21 21:12:45.842  7091  7126 E sk-stderr: 2026/05/22 02:12:45:842 INFO Downloading resource [url=http://gamemedia2.spiralknights.com/spiral/20260521123046/code/projectx-pcode.jar, size=9455377]
05-21 21:12:45.871  7091  7126 E sk-stderr: 2026/05/22 02:12:45:871 INFO Downloading resource [url=http://gamemedia2.spiralknights.com/spiral/20260521123046/progress.png, size=3615]
05-21 21:12:45.876  7091  7126 E sk-stderr: 2026/05/22 02:12:45:876 INFO Downloading resource [url=http://gamemedia2.spiralknights.com/spiral/20260521123046/code/commons-beanutils.jar, size=231320]
05-21 21:12:45.900  7091  7126 E sk-stderr: 2026/05/22 02:12:45:900 INFO Downloading resource [url=http://gamemedia2.spiralknights.com/spiral/20260521123046/code/commons-digester.jar, size=148783]
05-21 21:12:45.901  7091  7126 E sk-stderr: 2026/05/22 02:12:45:901 INFO Downloading resource [url=http://gamemedia2.spiralknights.com/spiral/20260521123046/code/commons-logging.jar, size=60686]
05-21 21:12:45.926  7091  7126 E sk-stderr: 2026/05/22 02:12:45:926 INFO Downloading resource [url=http://gamemedia2.spiralknights.com/spiral/20260521123046/code/lwjgl-opengl-natives-linux.jar, size=81196]
05-21 21:12:45.954  7091  7126 E sk-stderr: 2026/05/22 02:12:45:953 INFO Downloading resource [url=http://gamemedia2.spiralknights.com/spiral/20260521123046/native/libsteam_api.so, size=383432]
05-21 21:12:45.990  7091  7126 E sk-stderr: 2026/05/22 02:12:45:990 INFO Downloading resource [url=http://gamemedia2.spiralknights.com/spiral/20260521123046/background.png, size=164625]
05-21 21:12:46.005  7091  7126 E sk-stderr: 2026/05/22 02:12:46:004 INFO Downloading resource [url=http://gamemedia2.spiralknights.com/spiral/20260521123046/native/libkeybd.so, size=8129]
05-21 21:12:46.032  7091  7126 E sk-stderr: 2026/05/22 02:12:46:031 INFO Downloading resource [url=http://gamemedia2.spiralknights.com/spiral/20260521123046/code/lwjgl.jar, size=1157957]
05-21 21:12:46.062  7091  7126 E sk-stderr: 2026/05/22 02:12:46:062 INFO Downloading resource [url=http://gamemedia2.spiralknights.com/spiral/20260521123046/code/lwjgl-openal.jar, size=153919]
05-21 21:12:46.077  7091  7126 E sk-stderr: 2026/05/22 02:12:46:077 INFO Downloading resource [url=http://gamemedia2.spiralknights.com/spiral/20260521123046/code/lwjgl-opengl.jar, size=937660]
05-21 21:12:46.104  7091  7126 E sk-stderr: 2026/05/22 02:12:46:103 INFO Downloading resource [url=http://gamemedia2.spiralknights.com/spiral/20260521123046/code/projectx-config.jar, size=1473208]
05-21 21:12:46.127  7091  7126 E sk-stderr: 2026/05/22 02:12:46:127 INFO Dropping status 'm.downloading'.
05-21 21:12:46.164  7091  7126 E sk-stderr: 2026/05/22 02:12:46:163 INFO Downloading resource [url=http://gamemedia2.spiralknights.com/spiral/20260521123046/crucible.jar, size=293998]
05-21 21:12:46.626  7091  7126 E sk-stderr: 2026/05/22 02:12:46:626 INFO Dropping status 'm.downloading'.
05-21 21:12:46.688  1240  1240 W uniber  : migration done:  178 CPU01 -> CPU00
05-21 21:12:46.688  1240  1240 W uniber  : migration done:  184 CPU01 -> CPU00
05-21 21:12:46.688  1240  1240 W uniber  : migration done:  242 CPU01 -> CPU00
05-21 21:12:46.688  1240  1240 W uniber  : migration done:   75 CPU01 -> CPU00
05-21 21:12:46.688  1240  1240 W uniber  : ACTION_MIG triggered (4)
05-21 21:12:46.876  1222  1280 I netd    : setProcSysNet(4, 2, wlan0, retrans_time_ms, 750) <0.16ms>
05-21 21:12:46.877  1222  1280 I netd    : setProcSysNet(4, 2, wlan0, ucast_solicit, 10) <0.06ms>
05-21 21:12:46.877  1222  1280 I netd    : setProcSysNet(6, 2, wlan0, retrans_time_ms, 750) <0.08ms>
05-21 21:12:46.878  1222  1280 I netd    : setProcSysNet(6, 2, wlan0, ucast_solicit, 10) <0.15ms>
05-21 21:12:46.898  1222  1280 I netd    : tetherGetStats() -> {[]} <5.40ms>
05-21 21:12:46.908  1222  1280 I netd    : bandwidthSetGlobalAlert(2097152) <0.56ms>
05-21 21:12:47.127  7091  7126 E sk-stderr: 2026/05/22 02:12:47:127 INFO Dropping status 'm.downloading'.
05-21 21:12:47.603  1058  1058 I ieee80211 phy0: channel num 1
05-21 21:12:47.606  1179  1179 I wlan0   : sprd_cfg80211_get_station signal -49 noise=0, txlegacy 0 txmcs:7 txflags:0x:a, rxlegacy 0 rxmcs:7 rxflags:0x:a
05-21 21:12:47.606  1243  1243 E charged : charge_set_basp: convert basp = -1
05-21 21:12:47.606  1243  1243 E         : failed
05-21 21:12:47.609  1222  1280 I netd    : networkAddUidRangesParcel(NativeUidRangeConfig{netId: 100, uidRanges: [UidRangeParcel{start: 0, stop: 2147483647}], subPriority: 998}) <1.19ms>
05-21 21:12:47.611  1222  1280 I netd    : networkRemoveUidRangesParcel(NativeUidRangeConfig{netId: 100, uidRanges: [UidRangeParcel{start: 0, stop: 2147483647}], subPriority: 998}) <0.65ms>
05-21 21:12:47.627  7091  7126 E sk-stderr: 2026/05/22 02:12:47:626 INFO Dropping status 'm.downloading'.
05-21 21:12:48.055  1068  1068 D LIGHTS  : func:setLightButtons, on=0
05-21 21:12:48.055  1068  1068 D LIGHTS  : func:write_int, path=/sys/class/leds/keyboard-backlight/brightness, value=0
05-21 21:12:48.055  1068  1068 E LIGHTS  : func:write_int, failed to open /sys/class/leds/keyboard-backlight/brightness, fd = -1
05-21 21:12:48.092  1222  1280 I netd    : tetherGetStats() -> {[]} <3.79ms>
05-21 21:12:48.101  1222  1280 I netd    : bandwidthSetGlobalAlert(2097152) <1.56ms>
05-21 21:12:48.127  7091  7126 E sk-stderr: 2026/05/22 02:12:48:127 INFO Dropping status 'm.downloading'.
05-21 21:12:48.627  7091  7126 E sk-stderr: 2026/05/22 02:12:48:626 INFO Dropping status 'm.downloading'.
05-21 21:12:49.127  7091  7126 E sk-stderr: 2026/05/22 02:12:49:126 INFO Dropping status 'm.downloading'.
05-21 21:12:49.225  1222  1280 I netd    : tetherGetStats() -> {[]} <1.12ms>
05-21 21:12:49.239  1222  1280 I netd    : bandwidthSetGlobalAlert(2097152) <0.34ms>
05-21 21:12:49.627  7091  7126 E sk-stderr: 2026/05/22 02:12:49:626 INFO Dropping status 'm.downloading'.
05-21 21:12:50.127  7091  7126 E sk-stderr: 2026/05/22 02:12:50:126 INFO Dropping status 'm.downloading'.
05-21 21:12:50.377  1222  1280 I netd    : tetherGetStats() -> {[]} <1.41ms>
05-21 21:12:50.386  1222  1280 I netd    : bandwidthSetGlobalAlert(2097152) <0.38ms>
05-21 21:12:50.627  7091  7126 E sk-stderr: 2026/05/22 02:12:50:626 INFO Dropping status 'm.downloading'.
05-21 21:12:50.635  1058  1058 I ieee80211 phy0: channel num 1
05-21 21:12:50.645  1179  1179 I wlan0   : sprd_cfg80211_get_station signal -45 noise=0, txlegacy 0 txmcs:8 txflags:0x:a, rxlegacy 0 rxmcs:7 rxflags:0x:4a
05-21 21:12:50.647  1222  1280 I netd    : networkAddUidRangesParcel(NativeUidRangeConfig{netId: 100, uidRanges: [UidRangeParcel{start: 0, stop: 2147483647}], subPriority: 998}) <0.41ms>
05-21 21:12:50.649  1222  1280 I netd    : networkRemoveUidRangesParcel(NativeUidRangeConfig{netId: 100, uidRanges: [UidRangeParcel{start: 0, stop: 2147483647}], subPriority: 998}) <0.34ms>
05-21 21:12:51.127  7091  7126 E sk-stderr: 2026/05/22 02:12:51:126 INFO Dropping status 'm.downloading'.
05-21 21:12:51.530  1222  1280 I netd    : tetherGetStats() -> {[]} <2.65ms>
05-21 21:12:51.541  1222  1280 I netd    : bandwidthSetGlobalAlert(2097152) <1.45ms>
05-21 21:12:51.627  7091  7126 E sk-stderr: 2026/05/22 02:12:51:626 INFO Dropping status 'm.downloading'.
05-21 21:12:51.704  6757  6757 I wlan0   : cmdevt_report_ip_addr ipv4: 192.168.1.4
05-21 21:12:52.019  7091  7126 E sk-stderr: 2026/05/22 02:12:52:019 INFO Dropping status 'm.downloading'.
05-21 21:12:52.019  7091  7126 E sk-stderr: 2026/05/22 02:12:52:019 INFO Verifying application: http://gamemedia2.spiralknights.com/spiral/20260521123046/
05-21 21:12:52.019  7091  7126 E sk-stderr: 2026/05/22 02:12:52:019 INFO Version: 20260521123046
05-21 21:12:52.019  7091  7126 E sk-stderr: 2026/05/22 02:12:52:019 INFO Dropping status 'm.validating'.
05-21 21:12:52.019  7091  7126 E sk-stderr: 2026/05/22 02:12:52:019 INFO Class: com.threerings.projectx.client.ProjectXApp
05-21 21:12:52.022  7091  7126 E sk-stderr: 2026/05/22 02:12:52:022 INFO Unable to read version file: /data/user/0/com.skarm.launcher/files/sk/version.txt
05-21 21:12:52.102  7091  7126 E sk-stderr: 2026/05/22 02:12:52:102 INFO Dropping status 'm.validating'.
05-21 21:12:52.151  1348  1561 D ActivityManager: freezing 3594 com.android.keychain
05-21 21:12:52.152  1348  1561 D ActivityManager: freezing 3891 com.android.settings
05-21 21:12:52.153  1348  1561 D ActivityManager: freezing 3253 com.android.DeviceAsWebcam
05-21 21:12:52.154  1348  1561 D ActivityManager: freezing 2302 org.lineageos.lineageparts
05-21 21:12:52.620   641   641 W         : sc2355, tx_work_queue, fw_awake = 0
05-21 21:12:52.622     0     0 I         : c0 [    C0] WCN BOOT: : irq_cnt50765!!
05-21 21:12:52.622   332   332 I WCN BOOT: : PUB_INT_STS0-0x4
05-21 21:12:52.622   332   332 I WCN SLP_MGR: allow sleep
05-21 21:12:52.658  1222  1280 I netd    : tetherGetStats() -> {[]} <1.89ms>
05-21 21:12:52.668  1222  1280 I netd    : bandwidthSetGlobalAlert(2097152) <0.45ms>
05-21 21:12:52.889  7091  7126 E sk-stderr: 2026/05/22 02:12:52:888 INFO Verified resources [count=26, alreadyValid=0, size=0k, duration=786ms]
05-21 21:12:52.891  7091  7126 E sk-stderr: 2026/05/22 02:12:52:891 WARNING Unable to parse VM version, hoping for the best [error=java.lang.IllegalArgumentException: Regexp '(\d+)(?:\.(\d+)(?:\.(\d+)([_.]\d+)?)?)?' does not match '25.0.3-internal' (from java.version), needed=25000000]
05-21 21:12:52.892  7091  7126 E sk-stderr: 2026/05/22 02:12:52:892 INFO Installing 26 downloaded resources:
05-21 21:12:52.892  7091  7126 E sk-stderr: 2026/05/22 02:12:52:892 INFO - /data/user/0/com.skarm.launcher/files/sk/icon_128.png_new
05-21 21:12:52.893  7091  7126 E sk-stderr: 2026/05/22 02:12:52:893 INFO - /data/user/0/com.skarm.launcher/files/sk/code/lwjgl-glfw.jar_new
05-21 21:12:52.893  7091  7126 E sk-stderr: 2026/05/22 02:12:52:893 INFO - /data/user/0/com.skarm.launcher/files/sk/code/lwjgl-glfw-natives-linux.jar_new
05-21 21:12:52.893  7091  7126 E sk-stderr: 2026/05/22 02:12:52:893 INFO - /data/user/0/com.skarm.launcher/files/sk/code/lwjgl-jawt.jar_new
05-21 21:12:52.894  7091  7126 E sk-stderr: 2026/05/22 02:12:52:894 INFO - /data/user/0/com.skarm.launcher/files/sk/code/lwjgl-natives-linux.jar_new
05-21 21:12:52.894  7091  7126 E sk-stderr: 2026/05/22 02:12:52:894 INFO - /data/user/0/com.skarm.launcher/files/sk/icon_32.png_new
05-21 21:12:52.894  7091  7126 E sk-stderr: 2026/05/22 02:12:52:894 INFO - /data/user/0/com.skarm.launcher/files/sk/code/getdown-pro-new.jar_new
05-21 21:12:52.894  7091  7126 E sk-stderr: 2026/05/22 02:12:52:894 INFO - /data/user/0/com.skarm.launcher/files/sk/code/lwjgl-openal-natives-linux.jar_new
05-21 21:12:52.894  7091  7126 E sk-stderr: 2026/05/22 02:12:52:894 INFO - /data/user/0/com.skarm.launcher/files/sk/rsrc/intro-bundle.jar_new
05-21 21:12:53.536  4491  4491 I         : sc27xx-fgu sc27xx-fgu: bat_current_ma = -80, vol_adc_mv = 273, vol_ntc_uv = 273690
05-21 21:12:53.536  4491  4491 I         : sc27xx-fgu sc27xx-fgu: sc27xx_fgu_get_temp: temp = 311
05-21 21:12:53.536  4491  4491 I         : charger-manager charger-manager: cm_manager_get_jeita_status: jeita status:(2) 2 2, temperature:311, jeita_size:4
05-21 21:12:53.537  6843  6843 I WCN BASE: WCN_VER:Platform Version:MARLIN3_20A_RLS2_W24.17.7~Project Version:sc2355_marlin3_lite_abX~04-28-2024 15:46:55~
05-21 21:12:53.537  6843  6843 I WCN BASE: tx:at+loopcheck=36325341,17218
05-21 21:12:53.538  4491  4491 I         : charger-manager charger-manager: target 1, charging_status 0
05-21 21:12:53.548  6843  6843 I         : WCN BASEavdd18_dcxo 1v8 have enable
05-21 21:12:53.548  6843  6843 I WCN SLP_MGR: cnt-0, subsys-2
05-21 21:12:53.550     0     0 I         : c0 [    C0] WCN BOOT: : irq_cnt50766!!
05-21 21:12:53.550  6843  6843 I WCN BASE: mdbg_tx_cb, chn:0
05-21 21:12:53.550   332   332 I WCN BOOT: : PUB_INT_STS0-0x4
05-21 21:12:53.550   332   332 I WCN SLP_MGR: allow sleep
05-21 21:12:53.551   331   331 I WCN BASE: : rx:loopcheck_ack:ap_send=36325341,cp2_bootup=17218,cp2_send=36327532
05-21 21:12:53.551     0     0 I         : c0 [    C0] WCN BOOT: : irq_cnt50767!!
05-21 21:12:53.551   332   332 I WCN BOOT: : PUB_INT_STS0-0x4
05-21 21:12:53.551   332   332 I WCN SLP_MGR: allow sleep
05-21 21:12:53.652   641   641 W         : sc2355, tx_work_queue, fw_awake = 0
05-21 21:12:53.661   330   330 I         : WCN BASEavdd18_dcxo 1v8 have enable
05-21 21:12:53.661   330   330 I WCN SLP_MGR: cnt-0, subsys-0
05-21 21:12:53.664     0     0 I         : c0 [    C0] WCN BOOT: : irq_cnt50768!!
05-21 21:12:53.664   332   332 I WCN BOOT: : PUB_INT_STS0-0x4
05-21 21:12:53.665   332   332 I WCN SLP_MGR: allow sleep
05-21 21:12:53.667   641   641 W         : sc2355, tx_work_queue, fw_awake = 0
05-21 21:12:53.668  1058  1058 I ieee80211 phy0: channel num 1
05-21 21:12:53.669     0     0 I         : c0 [    C0] WCN BOOT: : irq_cnt50769!!
05-21 21:12:53.669   332   332 I WCN BOOT: : PUB_INT_STS0-0x4
05-21 21:12:53.669   332   332 I WCN SLP_MGR: allow sleep
05-21 21:12:53.670   641   641 W         : sc2355, tx_work_queue, fw_awake = 0
05-21 21:12:53.670   330   330 I         : WCN BASEavdd18_dcxo 1v8 have enable
05-21 21:12:53.670   330   330 I WCN SLP_MGR: cnt-0, subsys-0
05-21 21:12:53.674     0     0 I         : c0 [    C0] WCN BOOT: : irq_cnt50770!!
05-21 21:12:53.674   332   332 I WCN BOOT: : PUB_INT_STS0-0x4
05-21 21:12:53.674   332   332 I WCN SLP_MGR: allow sleep
05-21 21:12:53.676  1179  1179 I wlan0   : sprd_cfg80211_get_station signal -43 noise=0, txlegacy 0 txmcs:8 txflags:0x:a, rxlegacy 0 rxmcs:7 rxflags:0x:4a
05-21 21:12:53.676     0     0 I         : c0 [    C0] WCN BOOT: : irq_cnt50771!!
05-21 21:12:53.676   332   332 I WCN BOOT: : PUB_INT_STS0-0x4
05-21 21:12:53.676   332   332 I WCN SLP_MGR: allow sleep
05-21 21:12:53.981  7091  7126 E sk-stderr: 2026/05/22 02:12:53:980 INFO - /data/user/0/com.skarm.launcher/files/sk/code/config.jar_new
05-21 21:12:53.981  7091  7126 E sk-stderr: 2026/05/22 02:12:53:981 INFO - /data/user/0/com.skarm.launcher/files/sk/code/lwjgl3-awt.jar_new
05-21 21:12:53.981  7091  7126 E sk-stderr: 2026/05/22 02:12:53:981 INFO - /data/user/0/com.skarm.launcher/files/sk/icon_16.png_new
05-21 21:12:53.981  7091  7126 E sk-stderr: 2026/05/22 02:12:53:981 INFO - /data/user/0/com.skarm.launcher/files/sk/code/projectx-pcode.jar_new
05-21 21:12:53.982  7091  7126 E sk-stderr: 2026/05/22 02:12:53:981 INFO - /data/user/0/com.skarm.launcher/files/sk/code/commons-beanutils.jar_new
05-21 21:12:53.982  7091  7126 E sk-stderr: 2026/05/22 02:12:53:982 INFO - /data/user/0/com.skarm.launcher/files/sk/progress.png_new
05-21 21:12:53.982  7091  7126 E sk-stderr: 2026/05/22 02:12:53:982 INFO - /data/user/0/com.skarm.launcher/files/sk/code/commons-digester.jar_new
05-21 21:12:53.982  7091  7126 E sk-stderr: 2026/05/22 02:12:53:982 INFO - /data/user/0/com.skarm.launcher/files/sk/code/commons-logging.jar_new
05-21 21:12:53.982  7091  7126 E sk-stderr: 2026/05/22 02:12:53:982 INFO - /data/user/0/com.skarm.launcher/files/sk/code/lwjgl-opengl-natives-linux.jar_new
05-21 21:12:53.982  7091  7126 E sk-stderr: 2026/05/22 02:12:53:982 INFO - /data/user/0/com.skarm.launcher/files/sk/native/libsteam_api.so_new
05-21 21:12:53.982  7091  7126 E sk-stderr: 2026/05/22 02:12:53:982 INFO - /data/user/0/com.skarm.launcher/files/sk/background.png_new
05-21 21:12:53.982  7091  7126 E sk-stderr: 2026/05/22 02:12:53:982 INFO - /data/user/0/com.skarm.launcher/files/sk/native/libkeybd.so_new
05-21 21:12:53.983  7091  7126 E sk-stderr: 2026/05/22 02:12:53:982 INFO - /data/user/0/com.skarm.launcher/files/sk/code/lwjgl.jar_new
05-21 21:12:53.983  7091  7126 E sk-stderr: 2026/05/22 02:12:53:983 INFO - /data/user/0/com.skarm.launcher/files/sk/code/lwjgl-opengl.jar_new
05-21 21:12:53.983  7091  7126 E sk-stderr: 2026/05/22 02:12:53:983 INFO - /data/user/0/com.skarm.launcher/files/sk/code/lwjgl-openal.jar_new
05-21 21:12:53.983  7091  7126 E sk-stderr: 2026/05/22 02:12:53:983 INFO - /data/user/0/com.skarm.launcher/files/sk/code/projectx-config.jar_new
05-21 21:12:53.983  7091  7126 E sk-stderr: 2026/05/22 02:12:53:983 INFO - /data/user/0/com.skarm.launcher/files/sk/crucible.jar_new
05-21 21:12:53.988  7091  7126 E sk-stderr: 2026/05/22 02:12:53:988 INFO Install completed.
05-21 21:12:53.992  7091  7125 I sk-stdout: [SkBootstrap] sk-bootstrap.jar pinned first on SK classpath
05-21 21:12:53.999  7091  7125 I sk-stdout: [SkBootstrap] SK classpath: 8 SK jars + 15 Android LWJGL jars; skipped 3 excluded, 4 replaced LWJGL, 4 natives
05-21 21:12:54.001  7091  7124 I sklauncher: RegisterNatives on SK GLFW OK (3 methods)
05-21 21:12:54.001  7091  7125 I sk-stdout: [SkBootstrap] invoking com.threerings.projectx.client.ProjectXApp.main(0 args)
05-21 21:12:54.001   641   641 W         : sc2355, tx_work_queue, fw_awake = 0
05-21 21:12:54.001   641   641 W         : sc2355, tx_work_queue, fw_awake = 0
05-21 21:12:54.001   641   641 W         : sc2355, tx_work_queue, fw_awake = 0
05-21 21:12:54.010   330   330 I         : WCN BASEavdd18_dcxo 1v8 have enable
05-21 21:12:54.010   330   330 I WCN SLP_MGR: cnt-0, subsys-0
05-21 21:12:54.013     0     0 I         : c0 [    C0] WCN BOOT: : irq_cnt50772!!
05-21 21:12:54.013   332   332 I WCN BOOT: : PUB_INT_STS0-0x4
05-21 21:12:54.014   332   332 I WCN SLP_MGR: allow sleep
05-21 21:12:54.069  7091  7126 E sk-stderr: 2026/05/22 02:12:54:063 WARNING FileSystemPreferences.setupUserRoot: Couldn't create user preferences directory. User preferences are unusable.
05-21 21:12:54.070  7091  7126 E sk-stderr: 2026/05/22 02:12:54:069 WARNING FileSystemPreferences.setupUserRoot: java.io.IOException: No such file or directory
05-21 21:12:54.231  7091  7126 E sk-stderr: java.lang.UnsatisfiedLinkError: no pojavexec in java.library.path: /data/user/0/com.skarm.launcher/files/jre25/lib:/data/user/0/com.skarm.launcher/files/lwjgl/lib
05-21 21:12:54.231  7091  7126 E sk-stderr: 	at java.base/java.lang.ClassLoader.loadLibrary(ClassLoader.java:2285)
05-21 21:12:54.231  7091  7126 E sk-stderr: 	at java.base/java.lang.Runtime.loadLibrary0(Runtime.java:822)
05-21 21:12:54.231  7091  7126 E sk-stderr: 	at java.base/java.lang.System.loadLibrary(System.java:1686)
05-21 21:12:54.231  7091  7126 E sk-stderr: 	at org.lwjgl.system.Library.<clinit>(Library.java:63)
05-21 21:12:54.231  7091  7126 E sk-stderr: 	at org.lwjgl.system.MemoryUtil.<clinit>(MemoryUtil.java:53)
05-21 21:12:54.231  7091  7126 E sk-stderr: 	at org.lwjgl.openal.ALC10.alcOpenDevice(ALC10.java:103)
05-21 21:12:54.231  7091  7126 E sk-stderr: 	at com.threerings.openal.s.<init>(SourceFile:255)
