05-21 21:12:32.242  1405  1518 D audio_hw_device_route: device_route_update_path: mixer_ctl[ag_iis0_ext_sel_v2] = pad_top
05-21 21:12:32.243  1405  1518 D audio_hw_device_route: device_route_update_path: mixer_ctl[S_NORMAL_AP01_P_CODEC SWITCH] = 0
05-21 21:12:32.239  1518  1518 I         : [ASoC:ump9620] hp_dpop_dvld_check HP_LR_TYPE DPOP sucessed, i 8, ANA_STS1 0x7bc0, dvld_type 0x18
05-21 21:12:32.239  1518  1518 I         : [ASoC:ump9620] 'DAHP OS' PRE_PMD, dahp_os_inv 0, dahp_os_d 0
05-21 21:12:32.239  1518  1518 I         : [ASoC:ump9620] 'DAHPR EN' POST_PMD
05-21 21:12:32.239  1518  1518 I         : [ASoC:ump9620] 'DAHPL EN' POST_PMD
05-21 21:12:32.243  1405  1518 D audio_hw_device_route: device_route_update_path: mixer_ctl[S_NORMAL_AP23_P_CODEC SWITCH] = 0
05-21 21:12:32.239  1518  1518 I         : [ASoC:ump9620] dahpl_chn_en on_off 0, count_en 0
05-21 21:12:32.239  1518  1518 I         : [ASoC:ump9620] 'HP DEPOP' PRE_PMD
05-21 21:12:32.239  1518  1518 I         : [ASoC:ump9620] DAC Off
05-21 21:12:32.239  1518  1518 I         : [ASoC:ump9620] sprd_codec_sample_rate_setting AD 0 DA 48000 AD1 0
05-21 21:12:32.239  1518  1518 I         : [ASoC:ump9620] 'CP AD Cali' POST_PMD
05-21 21:12:32.243  1405  1518 D audio_hw_device_route: device_route_update_path: mixer_ctl[S_FAST_P_CODEC SWITCH] = 0
05-21 21:12:32.240  1518  1518 I         : [ASoC:ump9620] 'SDM DC OS' PRE_PMD
05-21 21:12:32.240  1518  1518 I         : [ASoC:ump9620] 'DALDO EN' POST_PMD, daldo_bypass 0
05-21 21:12:32.240  1518  1518 I         : [ASoC:ump9620] 'CLK 26M IN SEL' POST_PMD, clk_26m_in_sel 0
05-21 21:12:32.240  1518  1518 I         : [ASoC:ump9620] sprd_codec_power_disable 1700
05-21 21:12:32.242  1518  1518 I [Audio:PIPE] aud_pipe_write: aud_pipe_data->channel:2,count:20
05-21 21:12:32.244  1405  1518 D audio_hw_device_route: device_route_update_path: mixer_ctl[S_OFFLOAD_CODEC SWITCH] = 0
05-21 21:12:32.242  1518  1518 I         : [Audio:PIPE] user_msg_in.channel=0x2
05-21 21:12:32.242  1518  1518 I         : [Audio:PIPE] user_msg_in.command=0x34
05-21 21:12:32.242  1518  1518 I         : [Audio:PIPE] user_msg_in.parameter0=0x6a
05-21 21:12:32.242  1518  1518 I         : [Audio:PIPE] user_msg_in.parameter1=0x0
05-21 21:12:32.242  1518  1518 I         : [Audio:PIPE] user_msg_in.parameter2=0x0
05-21 21:12:32.244  1405  1518 D audio_hw_device_route: device_route_update_path: mixer_ctl[S_VOICE_P_CODEC SWITCH] = 0
05-21 21:12:32.242  1518  1518 I         : [Audio:PIPE] user_msg_in.parameter3=0x0
05-21 21:12:32.242  1518  1518 I         : [Audio:SIPC] aud_send_cmd_no_wait no wait
05-21 21:12:32.242  1518  1518 I [Audio:SIPC] aud_send_msg,cmd: 0x34, value0: 0x6a, value1: 0x0,
05-21 21:12:32.242  1518  1518 I [Audio:SIPC]  value2: 0x0, value3: 0x0
05-21 21:12:32.242  1518  1518 I [Audio:SMSG] aud_smsg_send: dst=1, channel=2
05-21 21:12:32.244  1405  1518 D audio_hw_device_route: device_route_update_path: mixer_ctl[S_VOIP_P_CODEC SWITCH] = 0
05-21 21:12:32.242  1518  1518 I [ASoC: VBC ] vbc_put_iis_tx_lr_mod_sel: 2379:vbc_put_iis_tx_lr_mod_sel, VBC_MUX_IIS_TX_DAC0 = LEFT_HIGH
05-21 21:12:32.242  1518  1518 I         : [Audio:SIPC] audio_cmd_copy, write cmd para: txbuf_addr_v=0xffffffc0140b8000, tx_len=8
05-21 21:12:32.242  1518  1518 I         : [Audio:SMSG] warning aud_smsg_recv cache is empty!
05-21 21:12:32.242  1518  1518 W         : [Audio:SIPC] aud_recv_cmd channel =0 cmd=9 ENODATA
05-21 21:12:32.242  1518  1518 I         : [Audio:SIPC] aud_send_cmd in,cmd =9 id:30 ret-value:0
05-21 21:12:32.245  1405  1518 D audio_hw_device_route: device_route_update_path: mixer_ctl[S_FM_CODEC SWITCH] = 0
05-21 21:12:32.242  1518  1518 I [Audio:SIPC] aud_send_msg,cmd: 0x9, value0: 0x1e, value1: 0xffffffff,
05-21 21:12:32.242  1518  1518 I [Audio:SIPC]  value2: 0xaf980000, value3: 0x0
05-21 21:12:32.242  1518  1518 I [Audio:SMSG] aud_smsg_send: dst=1, channel=0
05-21 21:12:32.242  1518  1518 I         : [Audio:SIPC] aud_send_cmd 694 wait dsp
05-21 21:12:32.242  1518  1518 I         : [Audio:SIPC] aud_recv_cmd, chan: 0x0, cmd: 0x9, value0: 0x1e, value1: 0xffffffff,
05-21 21:12:32.245  1405  1518 D audio_hw_device_route: device_route_update_path: mixer_ctl[S_LOOP_P_CODEC SWITCH] = 0
05-21 21:12:32.242  1518  1518 I [Audio:SIPC]  value2: 0xaf980000, value3: 0x0, timeout: 750
05-21 21:12:32.242  1518  1518 I         : [Audio:SIPC] aud_send_cmd out,cmd =9 id:30 ret-value:0,repeat_count=1
05-21 21:12:32.242  1518  1518 I [ASoC: VBC ] vbc_put_ag_iis_ext_sel_v2: 3977:vbc_put_ag_iis_ext_sel_v2 ag_iis_num 0, value 0, texts->texts[] pad_top
05-21 21:12:32.245  1405  1518 D audio_hw_device_route: device_route_update_path: mixer_ctl[S_FM_DSP_CODEC SWITCH] = 0
05-21 21:12:32.245  1405  1518 D audio_hw_device_route: device_route_update_path: mixer_ctl[S_VOICE_PCM_P SWITCH] = 0
05-21 21:12:32.246  1405  1518 D audio_hw_device_route: device_route_update_path: mixer_ctl[S_FAST_P_SMART_AMP SWITCH] = 0
05-21 21:12:32.246  1405  1518 D audio_hw_device_route: device_route_reset_path: reset path (0: audio-device: speaker)
05-21 21:12:32.246  1405  1518 D audio_hw_device_route: device_route_update_path: mixer_ctl[Speaker1 Function] = 0
05-21 21:12:32.246  1405  1518 D audio_hw_device_route: device_route_update_path: mixer_ctl[Speaker Function] = 0
05-21 21:12:32.246  1518  1518 I         : [ASoC:BOARD] Ext Spk1 Switch Off
05-21 21:12:32.247  1405  1518 D audio_hw_device_route: device_route_update_path: mixer_ctl[HPL Gain HPL Playback Volume] = 15
05-21 21:12:32.246  1518  1518 I         : [ASoC:BOARD] Ext Spk Switch Off
05-21 21:12:32.247  1405  1518 D audio_hw_device_route: device_route_update_path: mixer_ctl[HPR Gain HPR Playback Volume] = 15
05-21 21:12:32.247  1405  1518 D audio_hw_device_route: device_route_update_path: mixer_ctl[HPL Mixer DACLHPL Switch] = 0
05-21 21:12:32.248  1405  1518 D audio_hw_device_route: device_route_update_path: mixer_ctl[HPR Mixer DACRHPR Switch] = 0
05-21 21:12:32.248  1405  1518 D audio_hw_device_route: device_route_update_path: mixer_ctl[HPL EAR Sel] = EAR
05-21 21:12:32.248  1405  1518 D audio_hw_device_route: device_route_update_path: mixer_ctl[HP Virt Switch] = 0
05-21 21:12:32.249  1405  1518 D audio_hw_device_route: device_route_update_path: mixer_ctl[DAC LRCLK Select] = normal
05-21 21:12:32.249  1405  1518 I audio_hw_control: clear_mdg_all_mute_state
05-21 21:12:32.250  1405  1518 D audio_hw_control: close_all_control_unlock: exit
05-21 21:12:32.250  1405  1518 I audio_hw_dsp: dsp_sleep_ctrl_l:0
05-21 21:12:32.250  1405  1518 I audio_hw_dsp: dsp_sleep_ctrl: count:0,on_off:0,dsp_ctl->agdsp_sleep_status:0
05-21 21:12:32.250  1405  1518 I audio_hw_control: pa_mute_set_usecase cur_usecase:0x0
05-21 21:12:32.250  1405  1518 I audio_hw_control: clear_playback_param_state
05-21 21:12:32.251  1405  1518 I audio_hw_primary: do_normal_output_standby :0xeff05a10 1 exit
05-21 21:12:32.251  1405  1518 V audio_hw_primary: out_standby: exit
05-21 21:12:32.247  1518  1518 I         : [ASoC:ump9620] dac switch 0x4,shift 3,set 0
05-21 21:12:32.248  1518  1518 I         : [ASoC:ump9620] dac switch 0x0,shift 2,set 0
05-21 21:12:32.249  1518  1518 I [ASoC: VBC ] vbc_mdg_put: 500:vbc_mdg_put VBC_MDG_DAC0_DSP mute:00, step:01
05-21 21:12:32.249  1518  1518 I         : [Audio:SIPC] audio_cmd_copy, write cmd para: txbuf_addr_v=0xffffffc0140b8000, tx_len=16
05-21 21:12:32.249  1518  1518 I         : [Audio:SMSG] warning aud_smsg_recv cache is empty!
05-21 21:12:32.249  1518  1518 W         : [Audio:SIPC] aud_recv_cmd channel =0 cmd=9 ENODATA
05-21 21:12:32.249  1518  1518 I         : [Audio:SIPC] aud_send_cmd in,cmd =9 id:1 ret-value:0
05-21 21:12:32.249  1518  1518 I [Audio:SIPC] aud_send_msg,cmd: 0x9, value0: 0x1, value1: 0xffffffff,
05-21 21:12:32.249  1518  1518 I [Audio:SIPC]  value2: 0xaf980000, value3: 0x0
05-21 21:12:32.249  1518  1518 I [Audio:SMSG] aud_smsg_send: dst=1, channel=0
05-21 21:12:32.249  1518  1518 I         : [Audio:SIPC] aud_send_cmd 694 wait dsp
05-21 21:12:32.249  1518  1518 I         : [Audio:SIPC] aud_recv_cmd, chan: 0x0, cmd: 0x9, value0: 0x1, value1: 0xffffffff,
05-21 21:12:32.249  1518  1518 I [Audio:SIPC]  value2: 0xaf980000, value3: 0x0, timeout: 750
05-21 21:12:32.252  1348  1362 E AppOps  : Operation not found: uid=1041 pkg=audioserver(null) op=WAKE_LOCK
05-21 21:12:32.249  1518  1518 I         : [Audio:SIPC] aud_send_cmd out,cmd =9 id:1 ret-value:0,repeat_count=1
05-21 21:12:32.249  1518  1518 I [ASoC: VBC ] vbc_mdg_put: 500:vbc_mdg_put VBC_MDG_DAC1_DSP mute:00, step:04
05-21 21:12:32.249  1518  1518 I         : [Audio:SIPC] audio_cmd_copy, write cmd para: txbuf_addr_v=0xffffffc0140b8000, tx_len=16
05-21 21:12:32.249  1518  1518 I         : [Audio:SMSG] warning aud_smsg_recv cache is empty!
05-21 21:12:32.249  1518  1518 W         : [Audio:SIPC] aud_recv_cmd channel =0 cmd=9 ENODATA
05-21 21:12:32.249  1518  1518 I         : [Audio:SIPC] aud_send_cmd in,cmd =9 id:1 ret-value:0
05-21 21:12:32.249  1518  1518 I [Audio:SIPC] aud_send_msg,cmd: 0x9, value0: 0x1, value1: 0xffffffff,
05-21 21:12:32.249  1518  1518 I [Audio:SIPC]  value2: 0xaf980000, value3: 0x0
05-21 21:12:32.249  1518  1518 I [Audio:SMSG] aud_smsg_send: dst=1, channel=0
05-21 21:12:32.249  1518  1518 I         : [Audio:SIPC] aud_send_cmd 694 wait dsp
05-21 21:12:32.249  1518  1518 I         : [Audio:SIPC] aud_recv_cmd, chan: 0x0, cmd: 0x9, value0: 0x1, value1: 0xffffffff,
05-21 21:12:32.249  1518  1518 I [Audio:SIPC]  value2: 0xaf980000, value3: 0x0, timeout: 750
05-21 21:12:32.249  1518  1518 I         : [Audio:SIPC] aud_send_cmd out,cmd =9 id:1 ret-value:0,repeat_count=1
05-21 21:12:32.249  1518  1518 I [ASoC: VBC ] vbc_mdg_put: 500:vbc_mdg_put VBC_MDG_AP23 mute:00, step:01
05-21 21:12:32.249  1518  1518 I         : [Audio:SIPC] audio_cmd_copy, write cmd para: txbuf_addr_v=0xffffffc0140b8000, tx_len=16
05-21 21:12:32.249  1518  1518 I         : [Audio:SMSG] warning aud_smsg_recv cache is empty!
05-21 21:12:32.249  1518  1518 W         : [Audio:SIPC] aud_recv_cmd channel =0 cmd=9 ENODATA
05-21 21:12:32.249  1518  1518 I         : [Audio:SIPC] aud_send_cmd in,cmd =9 id:1 ret-value:0
05-21 21:12:32.249  1518  1518 I [Audio:SIPC] aud_send_msg,cmd: 0x9, value0: 0x1, value1: 0xffffffff,
05-21 21:12:32.249  1518  1518 I [Audio:SIPC]  value2: 0xaf980000, value3: 0x0
05-21 21:12:32.249  1518  1518 I [Audio:SMSG] aud_smsg_send: dst=1, channel=0
05-21 21:12:32.249  1518  1518 I         : [Audio:SIPC] aud_send_cmd 694 wait dsp
05-21 21:12:32.249  1518  1518 I         : [Audio:SIPC] aud_recv_cmd, chan: 0x0, cmd: 0x9, value0: 0x1, value1: 0xffffffff,
05-21 21:12:32.249  1518  1518 I [Audio:SIPC]  value2: 0xaf980000, value3: 0x0, timeout: 750
05-21 21:12:32.249  1518  1518 I         : [Audio:SIPC] aud_send_cmd out,cmd =9 id:1 ret-value:0,repeat_count=1
05-21 21:12:32.249  1518  1518 I [ASoC: VBC ] vbc_mdg_put: 500:vbc_mdg_put VBC_MDG_AP01 mute:00, step:01
05-21 21:12:32.249  1518  1518 I         : [Audio:SIPC] audio_cmd_copy, write cmd para: txbuf_addr_v=0xffffffc0140b8000, tx_len=16
05-21 21:12:32.249  1518  1518 I         : [Audio:SMSG] warning aud_smsg_recv cache is empty!
05-21 21:12:32.249  1518  1518 W         : [Audio:SIPC] aud_recv_cmd channel =0 cmd=9 ENODATA
05-21 21:12:32.249  1518  1518 I         : [Audio:SIPC] aud_send_cmd in,cmd =9 id:1 ret-value:0
05-21 21:12:32.249  1518  1518 I [Audio:SIPC] aud_send_msg,cmd: 0x9, value0: 0x1, value1: 0xffffffff,
05-21 21:12:32.249  1518  1518 I [Audio:SIPC]  value2: 0xaf980000, value3: 0x0
05-21 21:12:32.249  1518  1518 I [Audio:SMSG] aud_smsg_send: dst=1, channel=0
05-21 21:12:32.250  1518  1518 I         : [Audio:SIPC] aud_send_cmd 694 wait dsp
05-21 21:12:32.250  1518  1518 I         : [Audio:SIPC] aud_recv_cmd, chan: 0x0, cmd: 0x9, value0: 0x1, value1: 0xffffffff,
05-21 21:12:32.250  1518  1518 I [Audio:SIPC]  value2: 0xaf980000, value3: 0x0, timeout: 750
05-21 21:12:32.250  1518  1518 I         : [Audio:SIPC] aud_send_cmd out,cmd =9 id:1 ret-value:0,repeat_count=1
05-21 21:12:32.250  1518  1518 I [ASoC: VBC ] vbc_put_agdsp_aud_access: 4011:vbc_put_agdsp_aud_access agcp_access_aud_cnt = 1, agcp_access_a2dp_cnt = 0, en = disable
05-21 21:12:32.250  1518  1518 I [ASoC: VBC ] vbc_put_agdsp_aud_access: 4028:audio hal agdsp_access_disable
05-21 21:12:32.464   641   641 W         : sc2355, tx_work_queue, fw_awake = 0
05-21 21:12:32.473   330   330 I         : WCN BASEavdd18_dcxo 1v8 have enable
05-21 21:12:32.473   330   330 I WCN SLP_MGR: cnt-0, subsys-0
05-21 21:12:32.476     0     0 I         : c0 [    C0] WCN BOOT: : irq_cnt50742!!
05-21 21:12:32.476   332   332 I WCN BOOT: : PUB_INT_STS0-0x4
05-21 21:12:32.477   332   332 I WCN SLP_MGR: allow sleep
05-21 21:12:32.479   641   641 W         : sc2355, tx_work_queue, fw_awake = 0
05-21 21:12:32.481  1058  1058 I ieee80211 phy0: channel num 1
05-21 21:12:32.481     0     0 I         : c0 [    C0] WCN BOOT: : irq_cnt50743!!
05-21 21:12:32.481   332   332 I WCN BOOT: : PUB_INT_STS0-0x4
05-21 21:12:32.481   332   332 I WCN SLP_MGR: allow sleep
05-21 21:12:32.483   641   641 W         : sc2355, tx_work_queue, fw_awake = 0
05-21 21:12:32.483   330   330 I         : WCN BASEavdd18_dcxo 1v8 have enable
05-21 21:12:32.483   330   330 I WCN SLP_MGR: cnt-0, subsys-0
05-21 21:12:32.486     0     0 I         : c0 [    C0] WCN BOOT: : irq_cnt50744!!
05-21 21:12:32.487   332   332 I WCN BOOT: : PUB_INT_STS0-0x4
05-21 21:12:32.487   332   332 I WCN SLP_MGR: allow sleep
05-21 21:12:32.488  1179  1179 I wlan0   : sprd_cfg80211_get_station signal -39 noise=0, txlegacy 0 txmcs:8 txflags:0x:4a, rxlegacy 0 rxmcs:7 rxflags:0x:a
05-21 21:12:32.488     0     0 I         : c0 [    C0] WCN BOOT: : irq_cnt50745!!
05-21 21:12:32.488   332   332 I WCN BOOT: : PUB_INT_STS0-0x4
05-21 21:12:32.489   332   332 I WCN SLP_MGR: allow sleep
05-21 21:12:32.511  1348  1561 D ActivityManager: freezing 3913 com.android.packageinstaller
05-21 21:12:32.603  1243  1243 E charged : charge_set_basp: convert basp = -1
05-21 21:12:32.603  1243  1243 E         : failed
05-21 21:12:32.987   808  7014 I keystore2: system/security/keystore2/watchdog/src/lib.rs:319 - Watchdog thread idle -> terminating. Have a great day.
05-21 21:12:33.058  4491  4491 I WCN BASE: WCN_VER:Platform Version:MARLIN3_20A_RLS2_W24.17.7~Project Version:sc2355_marlin3_lite_abX~04-28-2024 15:46:55~
05-21 21:12:33.058  4491  4491 I WCN BASE: tx:at+loopcheck=36304861,17218
05-21 21:12:33.066  4491  4491 I WCN BASE: mdbg_tx_cb, chn:0
05-21 21:12:33.067   331   331 I WCN BASE: : rx:loopcheck_ack:ap_send=36304861,cp2_bootup=17218,cp2_send=36307046
05-21 21:12:33.070     0     0 I         : c0 [    C0] WCN BOOT: : irq_cnt50746!!
05-21 21:12:33.070   332   332 I WCN BOOT: : PUB_INT_STS0-0x4
05-21 21:12:33.071   332   332 I WCN SLP_MGR: allow sleep
05-21 21:12:33.307  4491  4491 I sprd-cpufreq-v2 soc: aon:apcpu-dvfs@950000: sprd_cpufreq_update_opp_v2: update cluster 0 table to 62(-274) degrees celsius
05-21 21:12:33.307  4491  4491 I sprd-cpufreq-v2 soc: aon:apcpu-dvfs@950000: sprd_policy_table_update: update cluster 0 temp -274 dvfs table
05-21 21:12:33.307  4491  4491 I sprd-cpufreq-v2 soc: aon:apcpu-dvfs@950000: sprd_policy_table_update: add 614400000Hz/650000uV to opp
05-21 21:12:33.307  4491  4491 I sprd-cpufreq-v2 soc: aon:apcpu-dvfs@950000: sprd_policy_table_update: add 768000000Hz/650000uV to opp
05-21 21:12:33.308  4491  4491 I sprd-cpufreq-v2 soc: aon:apcpu-dvfs@950000: sprd_policy_table_update: add 936000000Hz/650000uV to opp
05-21 21:12:33.309  4491  4491 I sprd-cpufreq-v2 soc: aon:apcpu-dvfs@950000: sprd_policy_table_update: add 1105000000Hz/650000uV to opp
05-21 21:12:33.309  4491  4491 I sprd-cpufreq-v2 soc: aon:apcpu-dvfs@950000: sprd_policy_table_update: add 1228800000Hz/650000uV to opp
05-21 21:12:33.310  4491  4491 I sprd-cpufreq-v2 soc: aon:apcpu-dvfs@950000: sprd_policy_table_update: add 1404000000Hz/684375uV to opp
05-21 21:12:33.310  4491  4491 I sprd-cpufreq-v2 soc: aon:apcpu-dvfs@950000: sprd_policy_table_update: add 1560000000Hz/718750uV to opp
05-21 21:12:33.311  4491  4491 I sprd-cpufreq-v2 soc: aon:apcpu-dvfs@950000: sprd_policy_table_update: add 1703000000Hz/753125uV to opp
05-21 21:12:33.311  4491  4491 I sprd-cpufreq-v2 soc: aon:apcpu-dvfs@950000: sprd_policy_table_update: add 1846000000Hz/793750uV to opp
05-21 21:12:33.312  4491  4491 I sprd-cpufreq-v2 soc: aon:apcpu-dvfs@950000: sprd_policy_table_update: add 2002000000Hz/834375uV to opp
05-21 21:12:33.312  4491  4491 I sprd-cpufreq-v2 soc: aon:apcpu-dvfs@950000: sprd_policy_table_update: add 2184000000Hz/887500uV to opp
05-21 21:12:33.313  4491  4491 I sprd_cpufreq_cooling: cpu0 change dvfs table and update max_freq to 2184000
05-21 21:12:33.313  4491  4491 I sprd-cpufreq-v2 soc: aon:apcpu-dvfs@950000: sprd_cpufreq_update_opp_v2: update cluster 1 table to 62(-274) degrees celsius
05-21 21:12:33.313  4491  4491 I sprd-cpufreq-v2 soc: aon:apcpu-dvfs@950000: sprd_policy_table_update: update cluster 1 temp -274 dvfs table
05-21 21:12:33.313  4491  4491 I sprd-cpufreq-v2 soc: aon:apcpu-dvfs@950000: sprd_policy_table_update: add 614400000Hz/650000uV to opp
05-21 21:12:33.314  4491  4491 I sprd-cpufreq-v2 soc: aon:apcpu-dvfs@950000: sprd_policy_table_update: add 768000000Hz/650000uV to opp
05-21 21:12:33.314  4491  4491 I sprd-cpufreq-v2 soc: aon:apcpu-dvfs@950000: sprd_policy_table_update: add 936000000Hz/650000uV to opp
05-21 21:12:33.315  4491  4491 I sprd-cpufreq-v2 soc: aon:apcpu-dvfs@950000: sprd_policy_table_update: add 1105000000Hz/650000uV to opp
05-21 21:12:33.315  4491  4491 I sprd-cpufreq-v2 soc: aon:apcpu-dvfs@950000: sprd_policy_table_update: add 1228800000Hz/662500uV to opp
05-21 21:12:33.316  4491  4491 I sprd-cpufreq-v2 soc: aon:apcpu-dvfs@950000: sprd_policy_table_update: add 1378000000Hz/693750uV to opp
05-21 21:12:33.317  4491  4491 I sprd-cpufreq-v2 soc: aon:apcpu-dvfs@950000: sprd_policy_table_update: add 1536000000Hz/728125uV to opp
05-21 21:12:33.317  4491  4491 I sprd-cpufreq-v2 soc: aon:apcpu-dvfs@950000: sprd_policy_table_update: add 1703000000Hz/765625uV to opp
05-21 21:12:33.318  4491  4491 I sprd-cpufreq-v2 soc: aon:apcpu-dvfs@950000: sprd_policy_table_update: add 1872000000Hz/803125uV to opp
05-21 21:12:33.318  4491  4491 I sprd-cpufreq-v2 soc: aon:apcpu-dvfs@950000: sprd_policy_table_update: add 2041000000Hz/868750uV to opp
05-21 21:12:33.319  4491  4491 I sprd-cpufreq-v2 soc: aon:apcpu-dvfs@950000: sprd_policy_table_update: add 2210000000Hz/921875uV to opp
05-21 21:12:33.319  4491  4491 I sprd-cpufreq-v2 soc: aon:apcpu-dvfs@950000: sprd_policy_table_update: add 2301000000Hz/950000uV to opp
05-21 21:12:33.320  4491  4491 I sprd_cpufreq_cooling: cpu4 change dvfs table and update max_freq to 2301000
05-21 21:12:33.320  4491  4491 I sprd-cpufreq-v2 soc: aon:apcpu-dvfs@950000: sprd_cpufreq_update_opp_v2: update cluster 2 table to 62(-274) degrees celsius
05-21 21:12:33.320  4491  4491 I sprd-cpufreq-v2 soc: aon:apcpu-dvfs@950000: sprd_policy_table_update: update cluster 2 temp -274 dvfs table
05-21 21:12:33.320  4491  4491 I sprd-cpufreq-v2 soc: aon:apcpu-dvfs@950000: sprd_policy_table_update: add 614400000Hz/750000uV to opp
05-21 21:12:33.320  4491  4491 I sprd-cpufreq-v2 soc: aon:apcpu-dvfs@950000: sprd_policy_table_update: add 768000000Hz/750000uV to opp
05-21 21:12:33.321  4491  4491 I sprd-cpufreq-v2 soc: aon:apcpu-dvfs@950000: sprd_policy_table_update: add 1228800000Hz/750000uV to opp
05-21 21:12:33.321  4491  4491 I sprd-cpufreq-v2 soc: aon:apcpu-dvfs@950000: sprd_policy_table_update: add 1536000000Hz/750000uV to opp
05-21 21:12:33.321  4491  4491 I sprd-cpufreq-v2 soc: aon:apcpu-dvfs@950000: sprd_policy_table_update: add 1820000000Hz/750000uV to opp
05-21 21:12:33.321  4491  4491 I sprd-cpufreq-v2 soc: aon:apcpu-dvfs@950000: sprd_policy_table_update: add 2002000000Hz/790625uV to opp
05-21 21:12:33.322  4491  4491 I sprd-cpufreq-v2 soc: aon:apcpu-dvfs@950000: sprd_policy_table_update: add 2132000000Hz/821875uV to opp
05-21 21:12:33.322  4491  4491 I sprd-cpufreq-v2 soc: aon:apcpu-dvfs@950000: sprd_policy_table_update: add 2262000000Hz/856250uV to opp
05-21 21:12:33.323  4491  4491 I sprd-cpufreq-v2 soc: aon:apcpu-dvfs@950000: sprd_policy_table_update: add 2366000000Hz/881250uV to opp
05-21 21:12:33.324  4491  4491 I sprd-cpufreq-v2 soc: aon:apcpu-dvfs@950000: sprd_policy_table_update: add 2457000000Hz/906250uV to opp
05-21 21:12:33.324  4491  4491 I sprd-cpufreq-v2 soc: aon:apcpu-dvfs@950000: sprd_policy_table_update: add 2548000000Hz/928125uV to opp
05-21 21:12:33.324  4491  4491 I sprd-cpufreq-v2 soc: aon:apcpu-dvfs@950000: sprd_policy_table_update: add 2704000000Hz/968750uV to opp
05-21 21:12:33.325  4491  4491 I sprd_cpufreq_cooling: cpu7 change dvfs table and update max_freq to 2704000
05-21 21:12:33.819     0     0 I         : c1 [    C1] [drm] sprd_dpu_disable_vblank()
05-21 21:12:34.320  7024  7077 D ProfileInstaller: Installing profile for com.skarm.launcher
05-21 21:12:35.493   641   641 W         : sc2355, tx_work_queue, fw_awake = 0
05-21 21:12:35.502   330   330 I         : WCN BASEavdd18_dcxo 1v8 have enable
05-21 21:12:35.502   330   330 I WCN SLP_MGR: cnt-0, subsys-0
05-21 21:12:35.505     0     0 I         : c0 [    C0] WCN BOOT: : irq_cnt50747!!
05-21 21:12:35.505   332   332 I WCN BOOT: : PUB_INT_STS0-0x4
05-21 21:12:35.505   332   332 I WCN SLP_MGR: allow sleep
05-21 21:12:35.507     0     0 I         : c0 [    C0] WCN BOOT: : irq_cnt50748!!
05-21 21:12:35.507   641   641 W         : sc2355, tx_work_queue, fw_awake = 0
05-21 21:12:35.508   332   332 I WCN BOOT: : PUB_INT_STS0-0x4
05-21 21:12:35.508   332   332 I WCN SLP_MGR: allow sleep
05-21 21:12:35.509  1058  1058 I ieee80211 phy0: channel num 1
05-21 21:12:35.510     0     0 I         : c0 [    C0] WCN BOOT: : irq_cnt50749!!
05-21 21:12:35.510   332   332 I WCN BOOT: : PUB_INT_STS0-0x4
05-21 21:12:35.510   332   332 I WCN SLP_MGR: allow sleep
05-21 21:12:35.511   641   641 W         : sc2355, tx_work_queue, fw_awake = 0
05-21 21:12:35.511   330   330 I         : WCN BASEavdd18_dcxo 1v8 have enable
05-21 21:12:35.511   330   330 I WCN SLP_MGR: cnt-0, subsys-0
05-21 21:12:35.514     0     0 I         : c0 [    C0] WCN BOOT: : irq_cnt50750!!
05-21 21:12:35.515   332   332 I WCN BOOT: : PUB_INT_STS0-0x4
05-21 21:12:35.515   332   332 I WCN SLP_MGR: allow sleep
05-21 21:12:35.517  1179  1179 I wlan0   : sprd_cfg80211_get_station signal -41 noise=0, txlegacy 0 txmcs:8 txflags:0x:4a, rxlegacy 0 rxmcs:7 rxflags:0x:a
05-21 21:12:35.526     0     0 I         : c0 [    C0] WCN BOOT: : irq_cnt50751!!
05-21 21:12:35.526   332   332 I WCN BOOT: : PUB_INT_STS0-0x4
05-21 21:12:35.526   332   332 I WCN SLP_MGR: allow sleep
05-21 21:12:38.177  6843  6843 I WCN BASE: WCN_VER:Platform Version:MARLIN3_20A_RLS2_W24.17.7~Project Version:sc2355_marlin3_lite_abX~04-28-2024 15:46:55~
05-21 21:12:38.177  6843  6843 I WCN BASE: tx:at+loopcheck=36309981,17218
05-21 21:12:38.186  6843  6843 I         : WCN BASEavdd18_dcxo 1v8 have enable
05-21 21:12:38.186  6843  6843 I WCN SLP_MGR: cnt-0, subsys-2
05-21 21:12:38.189     0     0 I         : c0 [    C0] WCN BOOT: : irq_cnt50752!!
05-21 21:12:38.189  6843  6843 I WCN BASE: mdbg_tx_cb, chn:0
05-21 21:12:38.189   332   332 I WCN BOOT: : PUB_INT_STS0-0x4
05-21 21:12:38.189   332   332 I WCN SLP_MGR: allow sleep
05-21 21:12:38.190   331   331 I WCN BASE: : rx:loopcheck_ack:ap_send=36309981,cp2_bootup=17218,cp2_send=36312170
05-21 21:12:38.190     0     0 I         : c0 [    C0] WCN BOOT: : irq_cnt50753!!
05-21 21:12:38.190   332   332 I WCN BOOT: : PUB_INT_STS0-0x4
05-21 21:12:38.190   332   332 I WCN SLP_MGR: allow sleep
05-21 21:12:38.428  6843  6843 I         : sc27xx-fgu sc27xx-fgu: bat_current_ma = -68, vol_adc_mv = 271, vol_ntc_uv = 271590
05-21 21:12:38.428  6843  6843 I         : sc27xx-fgu sc27xx-fgu: sc27xx_fgu_get_temp: temp = 313
05-21 21:12:38.428  6843  6843 I         : charger-manager charger-manager: cm_manager_get_jeita_status: jeita status:(2) 2 2, temperature:312, jeita_size:4
05-21 21:12:38.430  6843  6843 I         : charger-manager charger-manager: target 1, charging_status 0
05-21 21:12:38.523   641   641 W         : sc2355, tx_work_queue, fw_awake = 0
05-21 21:12:38.532   330   330 I         : WCN BASEavdd18_dcxo 1v8 have enable
05-21 21:12:38.532   330   330 I WCN SLP_MGR: cnt-0, subsys-0
05-21 21:12:38.535     0     0 I         : c0 [    C0] WCN BOOT: : irq_cnt50754!!
05-21 21:12:38.535   332   332 I WCN BOOT: : PUB_INT_STS0-0x4
05-21 21:12:38.535   332   332 I WCN SLP_MGR: allow sleep
05-21 21:12:38.537     0     0 I         : c0 [    C0] WCN BOOT: : irq_cnt50755!!
05-21 21:12:38.537   332   332 I WCN BOOT: : PUB_INT_STS0-0x4
05-21 21:12:38.538   332   332 I WCN SLP_MGR: allow sleep
05-21 21:12:38.538   641   641 W         : sc2355, tx_work_queue, fw_awake = 0
05-21 21:12:38.538   330   330 I         : WCN BASEavdd18_dcxo 1v8 have enable
05-21 21:12:38.538   330   330 I WCN SLP_MGR: cnt-0, subsys-0
05-21 21:12:38.543  1058  1058 I ieee80211 phy0: channel num 1
05-21 21:12:38.543     0     0 I         : c0 [    C0] WCN BOOT: : irq_cnt50756!!
05-21 21:12:38.544   332   332 I WCN BOOT: : PUB_INT_STS0-0x4
05-21 21:12:38.544   332   332 I WCN SLP_MGR: allow sleep
05-21 21:12:38.546   641   641 W         : sc2355, tx_work_queue, fw_awake = 0
05-21 21:12:38.546   330   330 I         : WCN BASEavdd18_dcxo 1v8 have enable
05-21 21:12:38.546   330   330 I WCN SLP_MGR: cnt-0, subsys-0
05-21 21:12:38.551  1179  1179 I wlan0   : sprd_cfg80211_get_station signal -53 noise=0, txlegacy 0 txmcs:8 txflags:0x:4a, rxlegacy 0 rxmcs:7 rxflags:0x:a
05-21 21:12:38.551     0     0 I         : c0 [    C0] WCN BOOT: : irq_cnt50757!!
05-21 21:12:38.551   332   332 I WCN BOOT: : PUB_INT_STS0-0x4
05-21 21:12:38.551   332   332 I WCN SLP_MGR: allow sleep
05-21 21:12:38.607  1348  1561 D ActivityManager: freezing 16268 org.mozilla.firefox
05-21 21:12:38.609  1348  1561 D ActivityManager: freezing 16406 org.mozilla.firefox:tab27
05-21 21:12:38.610  1348  1561 D ActivityManager: freezing 16328 org.mozilla.firefox:crashhelper
05-21 21:12:40.219     0     0 I         : c5 [    C5] sprd-mpm: smsg-6-22-rx is awake, awake_cnt = 381
05-21 21:12:40.219     0     0 I         : c5 [    C5]
05-21 21:12:40.219   208   208 I         : [SPRD_PDBG] #---------PDBG LIGHT SLEEP START---------#
05-21 21:12:40.219   208   208 I         : [SPRD_PDBG] [SLP_STATE] deep: 0xffffffffffffffdc, light: 0xffffffffffffff30
05-21 21:12:40.219   208   208 I         : [SPRD_PDBG] [EB_INFO  ] ap1: 0xfffff9ffffffeffe, ap2: 0xffffffffffffffff, aon1: 0xff2002002cd361cb, aon2: 0xffffffff0e000014
05-21 21:12:40.219   208   208 I         : [SPRD_PDBG] [PD_INFO  ] 0xfffffdffffef0100
05-21 21:12:40.219   208   208 I         : [SPRD_PDBG] [DEEP_CNT ]     1,     0,     0,     1,     1,    63,     6,     1,   192,    79,     1,
05-21 21:12:40.219   208   208 I         : [SPRD_PDBG] [LIGHT_CNT]   120,
05-21 21:12:40.219   208   208 I         : [SPRD_PDBG] [LPC_INFO ] 0xffffffafeffffffe
05-21 21:12:40.219   208   208 I         : [SPRD_PDBG] Pending Wakeup Sources: charger_manager_wakelock dwc3-sprd
05-21 21:12:40.219   208   208 I         : [SPRD_PDBG] #---------PDBG LIGHT SLEEP END-----------#
05-21 21:12:41.125  7024  7050 I JreInstaller: JRE 25 installed at /data/user/0/com.skarm.launcher/files/jre25; libjvm exists=true
05-21 21:12:41.558   641   641 W         : sc2355, tx_work_queue, fw_awake = 0
05-21 21:12:41.566   330   330 I         : WCN BASEavdd18_dcxo 1v8 have enable
05-21 21:12:41.566   330   330 I WCN SLP_MGR: cnt-0, subsys-0
05-21 21:12:41.570     0     0 I         : c0 [    C0] WCN BOOT: : irq_cnt50758!!
05-21 21:12:41.570   332   332 I WCN BOOT: : PUB_INT_STS0-0x4
05-21 21:12:41.570   332   332 I WCN SLP_MGR: allow sleep
05-21 21:12:41.572   641   641 W         : sc2355, tx_work_queue, fw_awake = 0
05-21 21:12:41.574  1058  1058 I ieee80211 phy0: channel num 1
05-21 21:12:41.574     0     0 I         : c0 [    C0] WCN BOOT: : irq_cnt50759!!
05-21 21:12:41.574   332   332 I WCN BOOT: : PUB_INT_STS0-0x4
05-21 21:12:41.574   332   332 I WCN SLP_MGR: allow sleep
05-21 21:12:41.575   641   641 W         : sc2355, tx_work_queue, fw_awake = 0
05-21 21:12:41.575   330   330 I         : WCN BASEavdd18_dcxo 1v8 have enable
05-21 21:12:41.575   330   330 I WCN SLP_MGR: cnt-0, subsys-0
05-21 21:12:41.580  1179  1179 I wlan0   : sprd_cfg80211_get_station signal -48 noise=0, txlegacy 0 txmcs:8 txflags:0x:4a, rxlegacy 0 rxmcs:7 rxflags:0x:a
05-21 21:12:41.581     0     0 I         : c0 [    C0] WCN BOOT: : irq_cnt50760!!
05-21 21:12:41.581   332   332 I WCN BOOT: : PUB_INT_STS0-0x4
05-21 21:12:41.581   332   332 I WCN SLP_MGR: allow sleep
05-21 21:12:41.799  7024  7050 I LwjglInstaller: LWJGL 3.4.1-aam-2026-05-21 staged at /data/user/0/com.skarm.launcher/files/lwjgl; jars=15, natives=9
05-21 21:12:41.801  7024  7050 I SkInstaller: Staged getdown-pro.jar (208620 bytes)
05-21 21:12:41.802  7024  7050 I SkInstaller: Staged sk-bootstrap.jar (11667 bytes)
05-21 21:12:41.806  1222  7084 I resolv  : GetAddrInfoHandler::run: {100 100 100 983140 10233 0}
05-21 21:12:41.807  1222  7085 I resolv  : res_nmkquery: (QUERY, IN, A)
05-21 21:12:41.807  1222  7085 I resolv  : Connecting to {94.140.14.14/dns.adguard-dns.com} with mark 0xf0064
05-21 21:12:41.809   641   641 W         : sc2355, tx_work_queue, fw_awake = 0
05-21 21:12:41.811  1222  7085 I resolv  :  SSL_connect returned -1 with mark 0xf0064
05-21 21:12:41.817   330   330 I         : WCN BASEavdd18_dcxo 1v8 have enable
05-21 21:12:41.817   330   330 I WCN SLP_MGR: cnt-0, subsys-0
05-21 21:12:41.845  1222  7085 I resolv  :  SSL_connect returned -1 with mark 0xf0064
05-21 21:12:41.866  1222  7085 I resolv  :  SSL_connect returned 1 with mark 0xf0064
05-21 21:12:41.938  1222  7085 I resolv  : res_tls_send: TLS query result: 0
05-21 21:12:41.938  1222  7085 I resolv  : doQuery: rcode=0, ancount=4, return value=133
05-21 21:12:42.076  7024  7050 I SkInstaller: Fetched getdown.txt (4623 bytes) from http://gamemedia2.spiralknights.com/spiral/latest/getdown.txt
05-21 21:12:42.105  1348  1551 W ProcessStats: Tracking association SourceState{ef9cc51 system/1000 BFgs #4787} whose proc state 4 is better than process ProcessState{49f5f67 android.ext.services/10153 pkg=android.ext.services} proc state 14 (22 skipped)
05-21 21:12:42.267  4202  4202 I         : sc27xx-fgu sc27xx-fgu: init_cap = 1000, init_mah = 0, init_clbcnt = 23856721, cur_clbcnt = 23302869, normal_cap = 977, data->cc_mah = -116, Tbat = 312, uusoc_vbat = 0, uusoc_mah = 0, cur_1000ma_adc = 662, vol_1000mv_adc = 682, track_sts = 1
05-21 21:12:42.439   641   641 W         : sc2355, tx_work_queue, fw_awake = 0
05-21 21:12:42.441     0     0 I         : c0 [    C0] WCN BOOT: : irq_cnt50761!!
05-21 21:12:42.441   332   332 I WCN BOOT: : PUB_INT_STS0-0x4
05-21 21:12:42.441   332   332 I WCN SLP_MGR: allow sleep
05-21 21:12:42.680   402   402 D [FTS_TS]fts_input_report_b: [B]P0(524, 557)[p:32,tm:176] DOWN!
05-21 21:12:42.721   402   402 D [FTS_TS]fts_input_report_b: [B]P0 UP!
05-21 21:12:42.721   402   402 D [FTS_TS]fts_input_report_b: [B]Points All Up!
05-21 21:12:42.780  4491  4491 W         : charger-manager charger-manager: cant not get input_cur.
05-21 21:12:42.781  4491  4491 I         : sc27xx-fgu sc27xx-fgu: bat_current_ma = 284, vol_adc_mv = 274, vol_ntc_uv = 271530
05-21 21:12:42.781  4491  4491 I         : sc27xx-fgu sc27xx-fgu: sc27xx_fgu_get_temp: temp = 313
05-21 21:12:42.782  4491  4491 I aw32257-charger 6-006a: level:977
05-21 21:12:42.783  4491  4491 I         : charger-manager charger-manager: vbat: 4304000, vbat_avg: 4253000, OCV: 4264000, ibat: 284000, ibat_avg: 4000, ibus: 0, vbus: 4844000, msoc: 992, chg_sts: 4, frce_full: 1, chg_lmt_cur: 496000, inpt_lmt_cur: 500000, chgr_type: 1, Tboard: 471, Tbatt: 311, thm_cur: 6000000, thm_pwr: 30000, is_fchg: 0, fchg_en: 0, tflush: 15, tperiod: 15
05-21 21:12:42.783  4491  4491 I         : charger-manager charger-manager: work_cycle = 15s, cap_one_time = 30s
05-21 21:12:42.783  4491  4491 I         : charger-manager charger-manager: new_uisoc = 1000, old_uisoc = 1000
05-21 21:12:42.790  1348  1363 D CompatibilityChangeReporter: Compat change id reported: 265464455; UID 10233; state: DISABLED
05-21 21:12:42.790  1348  1363 D CompatibilityChangeReporter: Compat change id reported: 310816437; UID 10233; state: DISABLED
05-21 21:12:42.790  1348  1363 D CompatibilityChangeReporter: Compat change id reported: 265452344; UID 10233; state: DISABLED
05-21 21:12:42.790  1348  1363 D CompatibilityChangeReporter: Compat change id reported: 266124927; UID 10233; state: DISABLED
05-21 21:12:42.791  1348  1363 D CompatibilityChangeReporter: Compat change id reported: 265451093; UID 10233; state: DISABLED
05-21 21:12:42.791  1348  1363 D CompatibilityChangeReporter: Compat change id reported: 265456536; UID 10233; state: DISABLED
05-21 21:12:42.791  1348  1363 D CompatibilityChangeReporter: Compat change id reported: 255940284; UID 10233; state: DISABLED
05-21 21:12:42.791  1348  1363 D CompatibilityChangeReporter: Compat change id reported: 236283604; UID 10233; state: DISABLED
05-21 21:12:42.792  1348  1363 D CompatibilityChangeReporter: Compat change id reported: 263959004; UID 10233; state: DISABLED
05-21 21:12:42.792  1348  1363 D CompatibilityChangeReporter: Compat change id reported: 264304459; UID 10233; state: DISABLED
05-21 21:12:42.792  1348  1363 D CompatibilityChangeReporter: Compat change id reported: 264301586; UID 10233; state: DISABLED
05-21 21:12:42.792  1348  1363 D CompatibilityChangeReporter: Compat change id reported: 254631730; UID 10233; state: DISABLED
05-21 21:12:42.793  1348  1363 D CompatibilityChangeReporter: Compat change id reported: 273509367; UID 10233; state: DISABLED
05-21 21:12:42.793  1348  1363 D CompatibilityChangeReporter: Compat change id reported: 263259275; UID 10233; state: DISABLED
05-21 21:12:42.794  1348  1363 D CompatibilityChangeReporter: Compat change id reported: 174042980; UID 10233; state: DISABLED
05-21 21:12:42.794  1348  1363 D CompatibilityChangeReporter: Compat change id reported: 174042936; UID 10233; state: DISABLED
05-21 21:12:42.794  1348  1363 D CompatibilityChangeReporter: Compat change id reported: 181136395; UID 10233; state: DISABLED
05-21 21:12:42.795  1348  1363 D CompatibilityChangeReporter: Compat change id reported: 194480991; UID 10233; state: ENABLED
05-21 21:12:42.796  1348  1363 E CellBroadcastUtils: getDefaultCellBroadcastReceiverPackageName: no package found
05-21 21:12:42.797  1348  1363 D CompatibilityChangeReporter: Compat change id reported: 197654537; UID 10233; state: ENABLED
05-21 21:12:42.797  1348  1363 D CompatibilityChangeReporter: Compat change id reported: 184838306; UID 10233; state: DISABLED
05-21 21:12:42.798  1348  1363 D CompatibilityChangeReporter: Compat change id reported: 185004937; UID 10233; state: DISABLED
05-21 21:12:42.800  1083  1083 D PowerHAL: ###Enter launch scene bgn###
05-21 21:12:42.800  1083  1083 D PowerHAL: Enter common_set: enable:1, duration: 0, /sys/devices/system/cpu/cpufreq/policy0/scaling_min_freq: 2184000
05-21 21:12:42.800  1083  1083 D PowerHAL: Enter set_cluster_freqs_max_min: 
05-21 21:12:42.800  1348  1363 V SplashScreenExceptionList: SplashScreen checking exception for package com.skarm.launcher (target sdk:35) -> false
05-21 21:12:42.800  1083  1083 D PowerHAL: Enter common_set: enable:1, duration: 0, /sys/devices/system/cpu/cpufreq/policy0/scaling_max_freq: 2184000
05-21 21:12:42.800  1083  1083 D PowerHAL: Enter set_cluster_freqs_max_min: 
05-21 21:12:42.800  1083  1083 D PowerHAL: Enter common_set: enable:1, duration: 0, /sys/devices/system/cpu/cpufreq/policy4/scaling_min_freq: 2301000
05-21 21:12:42.800  1083  1083 D PowerHAL: Enter set_cluster_freqs_max_min: 
05-21 21:12:42.800  1083  1083 D PowerHAL: Enter common_set: enable:1, duration: 0, /sys/devices/system/cpu/cpufreq/policy4/scaling_max_freq: 2301000
05-21 21:12:42.800  1083  1083 D PowerHAL: Enter set_cluster_freqs_max_min: 
05-21 21:12:42.800  1083  1083 D PowerHAL: Enter common_set: enable:1, duration: 0, /sys/devices/system/cpu/cpufreq/policy7/scaling_min_freq: 2704000
05-21 21:12:42.800  1083  1083 D PowerHAL: Enter set_cluster_freqs_max_min: 
05-21 21:12:42.800  1083  1083 D PowerHAL: Enter common_set: enable:1, duration: 0, /sys/devices/system/cpu/cpufreq/policy7/scaling_max_freq: 2704000
05-21 21:12:42.801  1083  1083 D PowerHAL: Enter set_cluster_freqs_max_min: 
05-21 21:12:42.801  1083  1083 D PowerHAL: Enter devfreq_ddr_set: enable:1, duration: 0, /sys/class/devfreq/scene-frequency/sprd-governor/scene_boost_dfs: max
05-21 21:12:42.801  1348  1363 D CompatibilityChangeReporter: Compat change id reported: 205907456; UID 10233; state: ENABLED
05-21 21:12:42.801  1083  1083 D PowerHAL: ###Enter launch scene end###
05-21 21:12:42.803  1688  1743 D SplashScreenView: Build android.window.SplashScreenView{1103427 V.E...... ......ID 0,0-0,0}
05-21 21:12:42.803  1688  1743 D SplashScreenView: Icon: view: null drawable: null size: 0
05-21 21:12:42.803  1688  1743 D SplashScreenView: Branding: view: android.view.View{f446d4 G.ED..... ......I. 0,0-0,0 #1020509 android:id/splashscreen_branding_view} drawable: null size w: 0 h: 0
05-21 21:12:42.805  1348  1363 D CompatibilityChangeReporter: Compat change id reported: 194833441; UID 10233; state: ENABLED
05-21 21:12:42.806  1348  1363 I ActivityTaskManager: START u0 {cmp=com.skarm.launcher/.GameActivity (has extras)} with LAUNCH_SINGLE_TASK from uid 10233 (BAL_ALLOW_VISIBLE_WINDOW) result code=0
05-21 21:12:42.806  1688  1720 V WindowManagerShell: Transition requested (#231): android.os.BinderProxy@18ef07d TransitionRequestInfo { type = OPEN, triggerTask = TaskInfo{userId=0 taskId=249 displayId=0 isRunning=true baseIntent=Intent { act=android.intent.action.MAIN cat=[android.intent.category.LAUNCHER] flg=0x10010000 pkg=com.skarm.launcher cmp=com.skarm.launcher/.LauncherActivity } baseActivity=ComponentInfo{com.skarm.launcher/com.skarm.launcher.LauncherActivity} topActivity=ComponentInfo{com.skarm.launcher/com.skarm.launcher.GameActivity} origActivity=null realActivity=ComponentInfo{com.skarm.launcher/com.skarm.launcher.LauncherActivity} numActivities=2 lastActiveTime=36314610 supportsMultiWindow=true resizeMode=1 isResizeable=true minWidth=-1 minHeight=-1 defaultMinSize=220 token=WCT{android.window.IWindowContainerToken$Stub$Proxy@4d0ab72} topActivityType=1 pictureInPictureParams=null shouldDockBigOverlays=false launchIntoPipHostTaskId=-1 lastParentTaskIdBeforePip=-1 displayCutoutSafeInsets=null topActivityInfo=ActivityInfo{d41ebc3 com.skarm.launcher.GameActivity} launchCookies=[] positionInParent=Point(0, 0) parentTaskId=-1 isFocused=true isVisible=true isVisibleRequested=true isSleeping=false locusId=null displayAreaFeatureId=1 isTopActivityTransparent=false appCompatTaskInfo=AppCompatTaskInfo { topActivityInSizeCompat=false topActivityEligibleForLetterboxEducation= false isLetterboxDoubleTapEnabled= false topActivityEligibleForUserAspectRatioButton= false topActivityBoundsLetterboxed= false isFromLetterboxDoubleTap= false topActivityLetterboxVerticalPosition= -1 topActivityLetterboxHorizontalPosition= -1 topActivityLetterboxWidth=1280 topActivityLetterboxHeight=960 isUserFullscreenOverrideEnabled=false isSystemFullscreenOverrideEnabled=false cameraCompatControlState=hidden}}, pipTask = null, remoteTransition = null, displayChange = null, flags = 0, debugId = 231 }
05-21 21:12:42.807  1348  1369 D GrammaticalInflection: The flag must be enabled to allow calling the API.
05-21 21:12:42.808  1348  1363 D CompatibilityChangeReporter: Compat change id reported: 168419799; UID 10233; state: DISABLED
05-21 21:12:42.808  1348  1363 D CompatibilityChangeReporter: Compat change id reported: 273564678; UID 10233; state: DISABLED
05-21 21:12:42.808  1348  1369 D CompatibilityChangeReporter: Compat change id reported: 135634846; UID 10233; state: DISABLED
05-21 21:12:42.808  1348  1369 D CompatibilityChangeReporter: Compat change id reported: 177438394; UID 10233; state: DISABLED
05-21 21:12:42.808  1348  1369 D CompatibilityChangeReporter: Compat change id reported: 135772972; UID 10233; state: DISABLED
05-21 21:12:42.808  1348  1369 D CompatibilityChangeReporter: Compat change id reported: 135754954; UID 10233; state: ENABLED
05-21 21:12:42.809  1348  1377 D CompatibilityChangeReporter: Compat change id reported: 143937733; UID 10233; state: ENABLED
05-21 21:12:42.819  1216  1216 D Zygote  : Forked child process 7091
05-21 21:12:42.821  1348  1377 I ActivityManager: Start proc 7091:com.skarm.launcher:game/u0a233 for next-top-activity {com.skarm.launcher/com.skarm.launcher.GameActivity}
05-21 21:12:42.822  7091  7091 I Zygote  : seccomp disabled by setenforce 0
05-21 21:12:42.823  1348  1363 D CoreBackPreview: Window{1f61877 u0 Splash Screen com.skarm.launcher}: Setting back callback OnBackInvokedCallbackInfo{mCallback=android.window.IOnBackInvokedCallback$Stub$Proxy@8115949, mPriority=0, mIsAnimationCallback=false}
05-21 21:12:42.825  7091  7091 I m.launcher:game: Late-enabling -Xcheck:jni
05-21 21:12:42.826  1060  1060 I ion_system_heap_allocate,tid: 1060 , size: 4993024, time:         17us, pool:4993024, bud: 0, ord 8:0, 4:0, 0:0
05-21 21:12:42.827  1060  1060 I ion_system_heap_allocate,tid: 1060 , size: 4993024, time:         13us, pool:4993024, bud: 0, ord 8:0, 4:0, 0:0
05-21 21:12:42.828  1041  1041 I ion_system_heap_allocate,tid: 1041 , size: 4993024, time:         12us, pool:4993024, bud: 0, ord 8:0, 4:0, 0:0
05-21 21:12:42.828  1041  1041 I ion_system_heap_allocate,tid: 1041 , size: 4993024, time:         12us, pool:4993024, bud: 0, ord 8:0, 4:0, 0:0
05-21 21:12:42.843  7091  7091 I m.launcher:game: Using CollectorTypeCMC GC.
05-21 21:12:42.846  3798  3803 I adbd    : jdwp connection from 7091
05-21 21:12:42.848  7091  7091 D nativeloader: Load libframework-connectivity-tiramisu-jni.so using APEX ns com_android_tethering for caller /apex/com.android.tethering/javalib/framework-connectivity-t.jar: ok
05-21 21:12:42.853  1413  1413 I BpBinder: onLastStrongRef automatically unlinking death recipients: 
05-21 21:12:42.858  7091  7091 D CompatibilityChangeReporter: Compat change id reported: 171979766; UID 10233; state: ENABLED
05-21 21:12:42.858  7091  7091 D CompatibilityChangeReporter: Compat change id reported: 242716250; UID 10233; state: ENABLED
05-21 21:12:42.862  1348  1363 D CompatibilityChangeReporter: Compat change id reported: 170503758; UID 10233; state: ENABLED
05-21 21:12:42.865  7091  7091 W ziparchive: Unable to open '/data/app/~~uwBvs7FgsvzaOJolsRj-tw==/com.skarm.launcher-tA0jJaa79OwsYFfTbv8-2g==/base.dm': No such file or directory
05-21 21:12:42.865  7091  7091 W ziparchive: Unable to open '/data/app/~~uwBvs7FgsvzaOJolsRj-tw==/com.skarm.launcher-tA0jJaa79OwsYFfTbv8-2g==/base.dm': No such file or directory
05-21 21:12:43.012  7091  7091 D nativeloader: Configuring clns-6 for other apk /data/app/~~uwBvs7FgsvzaOJolsRj-tw==/com.skarm.launcher-tA0jJaa79OwsYFfTbv8-2g==/base.apk. target_sdk_version=35, uses_libraries=, library_path=/data/app/~~uwBvs7FgsvzaOJolsRj-tw==/com.skarm.launcher-tA0jJaa79OwsYFfTbv8-2g==/lib/arm64:/data/app/~~uwBvs7FgsvzaOJolsRj-tw==/com.skarm.launcher-tA0jJaa79OwsYFfTbv8-2g==/base.apk!/lib/arm64-v8a, permitted_path=/data:/mnt/expand:/data/user/0/com.skarm.launcher
05-21 21:12:43.020  7091  7091 V GraphicsEnvironment: Currently set values for:
05-21 21:12:43.020  7091  7091 V GraphicsEnvironment:   angle_gl_driver_selection_pkgs=[]
05-21 21:12:43.020  7091  7091 V GraphicsEnvironment:   angle_gl_driver_selection_values=[]
05-21 21:12:43.020  7091  7091 V GraphicsEnvironment: Global.Settings values are invalid: number of packages: 0, number of values: 0
05-21 21:12:43.020  7091  7091 V GraphicsEnvironment: Neither updatable production driver nor prerelease driver is supported.
05-21 21:12:43.034  1348  1366 V WindowManager: Sent Transition (#231) createdAt=05-21 21:12:42.796 via request=TransitionRequestInfo { type = OPEN, triggerTask = TaskInfo{userId=0 taskId=249 displayId=0 isRunning=true baseIntent=Intent { act=android.intent.action.MAIN cat=[android.intent.category.LAUNCHER] flg=0x10010000 pkg=com.skarm.launcher cmp=com.skarm.launcher/.LauncherActivity } baseActivity=ComponentInfo{com.skarm.launcher/com.skarm.launcher.LauncherActivity} topActivity=ComponentInfo{com.skarm.launcher/com.skarm.launcher.GameActivity} origActivity=null realActivity=ComponentInfo{com.skarm.launcher/com.skarm.launcher.LauncherActivity} numActivities=2 lastActiveTime=36314610 supportsMultiWindow=true resizeMode=1 isResizeable=true minWidth=-1 minHeight=-1 defaultMinSize=220 token=WCT{RemoteToken{e86a792 Task{95fc594 #249 type=standard A=10233:com.skarm.launcher}}} topActivityType=1 pictureInPictureParams=null shouldDockBigOverlays=false launchIntoPipHostTaskId=-1 lastParentTaskIdBeforePip=-1 displayCutoutSafeInsets=null topActivityInfo=ActivityInfo{c00d04c com.skarm.launcher.GameActivity} launchCookies=[] positionInParent=Point(0, 0) parentTaskId=-1 isFocused=true isVisible=true isVisibleRequested=true isSleeping=false locusId=null displayAreaFeatureId=1 isTopActivityTransparent=false appCompatTaskInfo=AppCompatTaskInfo { topActivityInSizeCompat=false topActivityEligibleForLetterboxEducation= false isLetterboxDoubleTapEnabled= false topActivityEligibleForUserAspectRatioButton= false topActivityBoundsLetterboxed= false isFromLetterboxDoubleTap= false topActivityLetterboxVerticalPosition= -1 topActivityLetterboxHorizontalPosition= -1 topActivityLetterboxWidth=1280 topActivityLetterboxHeight=960 isUserFullscreenOverrideEnabled=false isSystemFullscreenOverrideEnabled=false cameraCompatControlState=hidden}}, pipTask = null, remoteTransition = null, displayChange = null, flags = 0, debugId = 231 }
05-21 21:12:43.034  1348  1366 V WindowManager:     startWCT=WindowContainerTransaction { changes = {} hops = [] errorCallbackToken=null taskFragmentOrganizer=null }
05-21 21:12:43.034  1348  1366 V WindowManager:     info={id=231 t=OPEN f=0x0 trk=0 r=[0@Point(0, 0)] c=[
05-21 21:12:43.034  1348  1366 V WindowManager:         {null m=OPEN f=FILLS_TASK|IS_BEHIND_STARTING_WINDOW leash=Surface(name=ActivityRecord{33bc7d9 u0 com.skarm.launcher/.GameActivity t249})/@0x8d4105 sb=Rect(0, 0 - 0, 0) eb=Rect(0, 0 - 1280, 960) d=-1->0 r=-1->0:-1 component=com.skarm.launcher/.GameActivity},
05-21 21:12:43.034  1348  1366 V WindowManager:         {null m=TO_BACK f=FILLS_TASK|IS_BEHIND_STARTING_WINDOW leash=Surface(name=ActivityRecord{f4362e8 u0 com.skarm.launcher/.LauncherActivity t249})/@0x8c8e4ee sb=Rect(0, 0 - 1280, 960) eb=Rect(0, 0 - 1280, 960) d=0 component=com.skarm.launcher/.LauncherActivity}
05-21 21:12:43.034  1348  1366 V WindowManager:     ]}
05-21 21:12:43.035  1688  1720 V WindowManagerShell: onTransitionReady (#231) android.os.BinderProxy@18ef07d: {id=231 t=OPEN f=0x0 trk=0 r=[0@Point(0, 0)] c=[{null m=OPEN f=FILLS_TASK|IS_BEHIND_STARTING_WINDOW leash=Surface(name=ActivityRecord{33bc7d9 u0 com.skarm.launcher/.GameActivity t249})/@0x353103b sb=Rect(0, 0 - 0, 0) eb=Rect(0, 0 - 1280, 960) d=-1->0 r=-1->0:-1 component=com.skarm.launcher/.GameActivity},{null m=TO_BACK f=FILLS_TASK|IS_BEHIND_STARTING_WINDOW leash=Surface(name=ActivityRecord{f4362e8 u0 com.skarm.launcher/.LauncherActivity t249})/@0x1f21358 sb=Rect(0, 0 - 1280, 960) eb=Rect(0, 0 - 1280, 960) d=0 component=com.skarm.launcher/.LauncherActivity}]}
05-21 21:12:43.035  1688  1720 V WindowManagerShell: Playing animation for (#231) android.os.BinderProxy@18ef07d@0
05-21 21:12:43.037  1688  1720 V WindowManagerShell:  try handler com.android.wm.shell.transition.DefaultMixedHandler@afc37e3
05-21 21:12:43.037  1688  1720 V WindowManagerShell:  try handler com.android.wm.shell.keyguard.KeyguardTransitionHandler@2fd25e0
05-21 21:12:43.037  1688  1720 V WindowManagerShell:  try handler com.android.wm.shell.pip.PipTransition@2939099
05-21 21:12:43.037  1688  1720 V WindowManagerShell:  try handler com.android.wm.shell.activityembedding.ActivityEmbeddingController@e395f5e
05-21 21:12:43.037  1688  1720 V WindowManagerShell:  try handler com.android.wm.shell.recents.RecentsTransitionHandler@a306f3f
05-21 21:12:43.038  1688  1720 V ShellRecents: RecentsTransitionHandler.startAnimation: no controller found
05-21 21:12:43.038  1688  1720 V WindowManagerShell:  try handler com.android.wm.shell.splitscreen.StageCoordinator@52d5e24
05-21 21:12:43.038  1688  1720 V WindowManagerShell:  try handler com.android.wm.shell.transition.RemoteTransitionHandler@23ec00c
05-21 21:12:43.038  1688  1720 V WindowManagerShell: Transition doesn't have explicit remote, search filters for match for {id=231 t=OPEN f=0x0 trk=0 r=[0@Point(0, 0)] c=[{null m=OPEN f=FILLS_TASK|IS_BEHIND_STARTING_WINDOW leash=Surface(name=ActivityRecord{33bc7d9 u0 com.skarm.launcher/.GameActivity t249})/@0x353103b sb=Rect(0, 0 - 0, 0) eb=Rect(0, 0 - 1280, 960) d=-1->0 r=-1->0:-1 component=com.skarm.launcher/.GameActivity},{null m=TO_BACK f=FILLS_TASK|IS_BEHIND_STARTING_WINDOW leash=Surface(name=ActivityRecord{f4362e8 u0 com.skarm.launcher/.LauncherActivity t249})/@0x1f21358 sb=Rect(0, 0 - 1280, 960) eb=Rect(0, 0 - 1280, 960) d=0 component=com.skarm.launcher/.LauncherActivity}]}
05-21 21:12:43.038  1688  1720 V WindowManagerShell:  Delegate animation for (#231) to null
05-21 21:12:43.038  1348  1363 W UserManagerService: Requested status bar icon for non-badged user 0
05-21 21:12:43.038  1688  1720 V WindowManagerShell:  try handler com.android.wm.shell.transition.DefaultTransitionHandler@8839d55
